Archive member included to satisfy reference by file (symbol)

app/libapp.a(main.c.obj)      (--whole-archive)
zephyr/libzephyr.a(cbprintf_packaged.c.obj)
                              (--whole-archive)
zephyr/libzephyr.a(crc32c_sw.c.obj)
                              (--whole-archive)
zephyr/libzephyr.a(crc32_sw.c.obj)
                              (--whole-archive)
zephyr/libzephyr.a(crc16_sw.c.obj)
                              (--whole-archive)
zephyr/libzephyr.a(crc8_sw.c.obj)
                              (--whole-archive)
zephyr/libzephyr.a(crc7_sw.c.obj)
                              (--whole-archive)
zephyr/libzephyr.a(dec.c.obj)
                              (--whole-archive)
zephyr/libzephyr.a(fdtable.c.obj)
                              (--whole-archive)
zephyr/libzephyr.a(hex.c.obj)
                              (--whole-archive)
zephyr/libzephyr.a(notify.c.obj)
                              (--whole-archive)
zephyr/libzephyr.a(printk.c.obj)
                              (--whole-archive)
zephyr/libzephyr.a(onoff.c.obj)
                              (--whole-archive)
zephyr/libzephyr.a(rb.c.obj)  (--whole-archive)
zephyr/libzephyr.a(sem.c.obj)
                              (--whole-archive)
zephyr/libzephyr.a(thread_entry.c.obj)
                              (--whole-archive)
zephyr/libzephyr.a(timeutil.c.obj)
                              (--whole-archive)
zephyr/libzephyr.a(heap.c.obj)
                              (--whole-archive)
zephyr/libzephyr.a(heap-validate.c.obj)
                              (--whole-archive)
zephyr/libzephyr.a(bitarray.c.obj)
                              (--whole-archive)
zephyr/libzephyr.a(multi_heap.c.obj)
                              (--whole-archive)
zephyr/libzephyr.a(cbprintf_complete.c.obj)
                              (--whole-archive)
zephyr/libzephyr.a(cbprintf.c.obj)
                              (--whole-archive)
zephyr/libzephyr.a(assert.c.obj)
                              (--whole-archive)
zephyr/libzephyr.a(reboot.c.obj)
                              (--whole-archive)
zephyr/libzephyr.a(configs.c.obj)
                              (--whole-archive)
zephyr/libzephyr.a(soc.c.obj)
                              (--whole-archive)
zephyr/libzephyr.a(soc_nrf_common.S.obj)
                              (--whole-archive)
zephyr/libzephyr.a(validate_base_addresses.c.obj)
                              (--whole-archive)
zephyr/libzephyr.a(validate_enabled_instances.c.obj)
                              (--whole-archive)
zephyr/libzephyr.a(ipc_service.c.obj)
                              (--whole-archive)
zephyr/libzephyr.a(ipc_rpmsg_static_vrings.c.obj)
                              (--whole-archive)
zephyr/libzephyr.a(ipc_rpmsg.c.obj)
                              (--whole-archive)
zephyr/libzephyr.a(ipc_static_vrings.c.obj)
                              (--whole-archive)
zephyr/libzephyr.a(addr_utils.c.obj)
                              (--whole-archive)
zephyr/libzephyr.a(tracing_none.c.obj)
                              (--whole-archive)
zephyr/libzephyr.a(flash_map_partition_manager.c.obj)
                              (--whole-archive)
zephyr/libzephyr.a(utils.c.obj)
                              (--whole-archive)
zephyr/libzephyr.a(aes_decrypt.c.obj)
                              (--whole-archive)
zephyr/libzephyr.a(aes_encrypt.c.obj)
                              (--whole-archive)
zephyr/arch/common/libarch__common.a(sw_isr_common.c.obj)
                              (--whole-archive)
zephyr/arch/arch/arm/core/aarch32/libarch__arm__core__aarch32.a(cpu_idle.S.obj)
                              (--whole-archive)
zephyr/arch/arch/arm/core/aarch32/libarch__arm__core__aarch32.a(fatal.c.obj)
                              (--whole-archive)
zephyr/arch/arch/arm/core/aarch32/libarch__arm__core__aarch32.a(irq_manage.c.obj)
                              (--whole-archive)
zephyr/arch/arch/arm/core/aarch32/libarch__arm__core__aarch32.a(nmi.c.obj)
                              (--whole-archive)
zephyr/arch/arch/arm/core/aarch32/libarch__arm__core__aarch32.a(nmi_on_reset.S.obj)
                              (--whole-archive)
zephyr/arch/arch/arm/core/aarch32/libarch__arm__core__aarch32.a(prep_c.c.obj)
                              (--whole-archive)
zephyr/arch/arch/arm/core/aarch32/libarch__arm__core__aarch32.a(swap.c.obj)
                              (--whole-archive)
zephyr/arch/arch/arm/core/aarch32/libarch__arm__core__aarch32.a(swap_helper.S.obj)
                              (--whole-archive)
zephyr/arch/arch/arm/core/aarch32/libarch__arm__core__aarch32.a(thread.c.obj)
                              (--whole-archive)
zephyr/arch/arch/arm/core/aarch32/libarch__arm__core__aarch32.a(isr_wrapper.S.obj)
                              (--whole-archive)
zephyr/arch/arch/arm/core/aarch32/cortex_m/libarch__arm__core__aarch32__cortex_m.a(exc_exit.S.obj)
                              (--whole-archive)
[...]
Memory Configuration

Name             Origin             Length             Attributes
FLASH            0x0000000001008800 0x0000000000037800 xr
SRAM             0x0000000021000000 0x0000000000010000 xw
SRAM1            0x0000000021000000 0x0000000000010000
IDT_LIST         0x00000000fffff7ff 0x0000000000000800 xw
*default*        0x0000000000000000 0xffffffffffffffff

Linker script and memory map

LOAD zephyr/CMakeFiles/zephyr_final.dir/misc/empty_file.c.obj
LOAD zephyr/CMakeFiles/zephyr_final.dir/dev_handles.c.obj
LOAD zephyr/CMakeFiles/zephyr_final.dir/isr_tables.c.obj
                0x0000000000000020                _region_min_align = 0x20

.rel.plt        0x0000000001008800        0x0
 *(SORT_BY_ALIGNMENT(.rel.plt))
                [!provide]                        PROVIDE (__rel_iplt_start = .)
 *(SORT_BY_ALIGNMENT(.rel.iplt))
 .rel.iplt      0x0000000001008800        0x0 zephyr/CMakeFiles/zephyr_final.dir/isr_tables.c.obj
                [!provide]                        PROVIDE (__rel_iplt_end = .)

.rela.plt       0x0000000000000000        0x0
 *(SORT_BY_ALIGNMENT(.rela.plt))
                [!provide]                        PROVIDE (__rela_iplt_start = .)
 *(SORT_BY_ALIGNMENT(.rela.iplt))
                [!provide]                        PROVIDE (__rela_iplt_end = .)

.rel.dyn
 *(SORT_BY_ALIGNMENT(.rel.*))

.rela.dyn
 *(SORT_BY_ALIGNMENT(.rela.*))

/DISCARD/
 *(SORT_BY_ALIGNMENT(.plt))
 *(SORT_BY_ALIGNMENT(.iplt))
 *(SORT_BY_ALIGNMENT(.got.plt))
 *(SORT_BY_ALIGNMENT(.igot.plt))
 *(SORT_BY_ALIGNMENT(.got))
 *(SORT_BY_ALIGNMENT(.igot))
 *(SORT_BY_ALIGNMENT(.irq_info*))
 *(SORT_BY_ALIGNMENT(.intList*))
 *(SORT_BY_ALIGNMENT(.note.GNU-stack))
                0x0000000001008800                __rom_region_start = 0x1008800

rom_start       0x0000000001008800      0x23c
                0x0000000000000000                . = 0x0
                0x0000000000000000                . = ALIGN (0x4)
                0x0000000000000000                . = ALIGN (0x80)
                0x0000000000000000                . = ALIGN (0x100)
                0x0000000001008800                _vector_start = .
 *(SORT_BY_ALIGNMENT(.exc_vector_table))
 *(SORT_BY_ALIGNMENT(.exc_vector_table.*))
 .exc_vector_table._vector_table_section
                0x0000000001008800       0x40 zephyr/arch/arch/arm/core/aarch32/cortex_m/libarch__arm__core__aarch32__cortex_m.a(vector_table.S.obj)
                0x0000000001008800                _vector_table
 *(SORT_BY_ALIGNMENT(.vectors))
                0x00000000010088b8                _vector_end = .
                0x0000000001008840                . = ALIGN (0x4)
 *(SORT_BY_ALIGNMENT(.gnu.linkonce.irq_vector_table*))
 .gnu.linkonce.irq_vector_table
                0x0000000001008840       0x78 zephyr/CMakeFiles/zephyr_final.dir/isr_tables.c.obj
                0x0000000001008840                _irq_vector_table
                0x00000000010088b8                _vector_end = .
                0x0000000000000200                . = 0x200
 *fill*         0x00000000010088b8      0x148 
                0x0000000001008a00                _fw_info_start = .
 *(SORT_BY_NAME(SORT_BY_ALIGNMENT(.firmware_info*)))
 .firmware_info
                0x0000000001008a00       0x3c modules/nrf/subsys/fw_info/lib..__nrf__subsys__fw_info.a(fw_info.c.obj)
                0x0000000001008a00                m_firmware_info
                0x000000000000003c                _fw_info_size = ABSOLUTE ((. - _fw_info_start))

text            0x0000000001008a3c    0x2a848
                0x0000000001008a3c                __text_region_start = .
 *(SORT_BY_ALIGNMENT(.text))
 .text          0x0000000001008a3c       0x30 c:/users/khair/ncs/toolchains/v2.1.0/opt/zephyr-sdk/arm-zephyr-eabi/bin/../lib/gcc/arm-zephyr-eabi/10.3.0/thumb/v8-m.main/nofp\libgcc.a(_aeabi_uldivmod.o)
                0x0000000001008a3c                __aeabi_uldivmod
 .text          0x0000000001008a6c        0x4 c:/users/khair/ncs/toolchains/v2.1.0/opt/zephyr-sdk/arm-zephyr-eabi/bin/../lib/gcc/arm-zephyr-eabi/10.3.0/thumb/v8-m.main/nofp\libgcc.a(_dvmd_tls.o)
                0x0000000001008a6c                __aeabi_idiv0
                0x0000000001008a6c                __aeabi_ldiv0
 .text          0x0000000001008a70      0x5a0 C:/Users/khair/ncs/v2.1.0/nrfxlib/crypto/nrf_oberon/lib/cortex-m33+nodsp/soft-float/liboberon_3.0.12.a(ocrypto_bigint256.s.obj)
                0x0000000001008a70                ocrypto_bigint_add256
                0x0000000001008ab0                ocrypto_bigint_sub256
                0x0000000001008af0                ocrypto_bigint_cadd256
                0x0000000001008b4c                ocrypto_bigint_csub256
                0x0000000001008ba8                ocrypto_bigint_cswap256
                0x0000000001008bdc                ocrypto_mul256_noframe
                0x0000000001008e50                ocrypto_bigint_mul256
                0x0000000001008e70                ocrypto_sqr256_noframe
                0x0000000001008ff0                ocrypto_bigint_sqr256
 .text          0x0000000001009010       0x5c C:/Users/khair/ncs/v2.1.0/nrfxlib/crypto/nrf_oberon/lib/cortex-m33+nodsp/soft-float/liboberon_3.0.12.a(ocrypto_constant_time.s.obj)
                0x0000000001009010                ocrypto_constant_time_equal
                0x0000000001009038                ocrypto_constant_time_is_zero
                0x0000000001009054                ocrypto_constant_time_xor
 .text          0x000000000100906c      0x20c C:/Users/khair/ncs/v2.1.0/nrfxlib/crypto/nrf_oberon/lib/cortex-m33+nodsp/soft-float/liboberon_3.0.12.a(ocrypto_mod_p256_base.s.obj)
                0x000000000100906c                ocrypto_mod_p256_add
                0x00000000010090e8                ocrypto_mod_p256_sub
                0x0000000001009218                ocrypto_mod_p256_mul
                0x0000000001009248                ocrypto_mod_p256_sqr
 .text          0x0000000001009278        0xc C:/Users/khair/ncs/v2.1.0/nrfxlib/mpsl/lib/cortex-m33+nodsp/soft-float/libmpsl.a(libmpsl_debug_soft__obfuscated.elf)
                0x0000000001009278                sym_3NUECOSAIC227DBCPHAP4U7EQ3UBTGANU5ASIOA
 .text          0x0000000001009284       0x34 C:/Users/khair/ncs/v2.1.0/nrfxlib/mpsl/lib/cortex-m33+nodsp/soft-float/libmpsl.a(libmpsl_debug_soft__obfuscated.elf)
                0x0000000001009284                sym_QLJBNB55XHXGY3EZ4W3ZZ3U6AVPE2YGDOXRUZSQ
 .text          0x00000000010092b8       0x24 C:/Users/khair/ncs/v2.1.0/nrfxlib/mpsl/lib/cortex-m33+nodsp/soft-float/libmpsl.a(libmpsl_debug_soft__obfuscated.elf)
                0x00000000010092b8                mpsl_tx_power_radio_supported_power_adjust
 .text          0x00000000010092dc        0xc C:/Users/khair/ncs/v2.1.0/nrfxlib/mpsl/lib/cortex-m33+nodsp/soft-float/libmpsl.a(libmpsl_debug_soft__obfuscated.elf)
                0x00000000010092dc                sym_SKFSQME5SGNPYLL7B75KY7PHXFYWSRI2HSTT45A
 .text          0x00000000010092e8       0x18 C:/Users/khair/ncs/v2.1.0/nrfxlib/mpsl/lib/cortex-m33+nodsp/soft-float/libmpsl.a(libmpsl_debug_soft__obfuscated.elf)
                0x00000000010092e8                sym_4RNEPYYQOFM4LAOGLN2TB27X7L3XBISTGAWYOHQ
 .text          0x0000000001009300       0xc0 C:/Users/khair/ncs/v2.1.0/nrfxlib/mpsl/lib/cortex-m33+nodsp/soft-float/libmpsl.a(libmpsl_debug_soft__obfuscated.elf)
 .text          0x00000000010093c0       0x7c C:/Users/khair/ncs/v2.1.0/nrfxlib/mpsl/lib/cortex-m33+nodsp/soft-float/libmpsl.a(libmpsl_debug_soft__obfuscated.elf)
 .text          0x000000000100943c      0x108 C:/Users/khair/ncs/v2.1.0/nrfxlib/mpsl/lib/cortex-m33+nodsp/soft-float/libmpsl.a(libmpsl_debug_soft__obfuscated.elf)
 .text          0x0000000001009544      0x590 C:/Users/khair/ncs/v2.1.0/nrfxlib/mpsl/lib/cortex-m33+nodsp/soft-float/libmpsl.a(libmpsl_debug_soft__obfuscated.elf)
 .text          0x0000000001009ad4      0x1e8 C:/Users/khair/ncs/v2.1.0/nrfxlib/mpsl/lib/cortex-m33+nodsp/soft-float/libmpsl.a(libmpsl_debug_soft__obfuscated.elf)
 .text          0x0000000001009cbc      0x178 C:/Users/khair/ncs/v2.1.0/nrfxlib/mpsl/lib/cortex-m33+nodsp/soft-float/libmpsl.a(libmpsl_debug_soft__obfuscated.elf)
 .text          0x0000000001009e34       0xf0 C:/Users/khair/ncs/v2.1.0/nrfxlib/mpsl/lib/cortex-m33+nodsp/soft-float/libmpsl.a(libmpsl_debug_soft__obfuscated.elf)
 .text          0x0000000001009f24      0x124 C:/Users/khair/ncs/v2.1.0/nrfxlib/mpsl/lib/cortex-m33+nodsp/soft-float/libmpsl.a(libmpsl_debug_soft__obfuscated.elf)
 .text          0x000000000100a048        0x4 C:/Users/khair/ncs/v2.1.0/nrfxlib/mpsl/lib/cortex-m33+nodsp/soft-float/libmpsl.a(libmpsl_debug_soft__obfuscated.elf)
                0x000000000100a048                sym_5POQORD6JKUMWUFK7EQMHJRVL6FP7FFCXP7FODA
 .text          0x000000000100a04c       0x78 C:/Users/khair/ncs/v2.1.0/nrfxlib/mpsl/lib/cortex-m33+nodsp/soft-float/libmpsl.a(libmpsl_debug_soft__obfuscated.elf)
                0x000000000100a04c                sym_ZC6NJBPUISWILQK6OTOBMJVVUT63JRIDGH5WNCY
 .text          0x000000000100a0c4       0x20 C:/Users/khair/ncs/v2.1.0/nrfxlib/mpsl/lib/cortex-m33+nodsp/soft-float/libmpsl.a(libmpsl_debug_soft__obfuscated.elf)
                0x000000000100a0c4                sym_RWBLK2534FJMTER76IYUPZQ3YF74JEALZ2OBIDI
 .text          0x000000000100a0e4       0x34 C:/Users/khair/ncs/v2.1.0/nrfxlib/mpsl/lib/cortex-m33+nodsp/soft-float/libmpsl.a(libmpsl_debug_soft__obfuscated.elf)
                0x000000000100a0e4                sym_4FXF7BZT2IZ3YRYSE3Z2XCICKWZPGDZTXL2ECZQ
 .text          0x000000000100a118      0x300 C:/Users/khair/ncs/v2.1.0/nrfxlib/mpsl/lib/cortex-m33+nodsp/soft-float/libmpsl.a(libmpsl_debug_soft__obfuscated.elf)
                0x000000000100a118                sym_SFR5TVV24PZRIRC5QGOHL2X436PUHKRY2QWKP5Y
 .text          0x000000000100a418       0x58 C:/Users/khair/ncs/v2.1.0/nrfxlib/mpsl/lib/cortex-m33+nodsp/soft-float/libmpsl.a(libmpsl_debug_soft__obfuscated.elf)
                0x000000000100a418                sym_RPHL2J7CVNKM6GKLDIFI4NVAPZE2FHTYW4VJSJI
 .text          0x000000000100a470       0x24 C:/Users/khair/ncs/v2.1.0/nrfxlib/mpsl/lib/cortex-m33+nodsp/soft-float/libmpsl.a(libmpsl_debug_soft__obfuscated.elf)
                0x000000000100a470                sym_MLZNDMDYRI6WNTNQ4RIQGPD423CK7RT4YVI5CAI
 .text          0x000000000100a494       0x14 C:/Users/khair/ncs/v2.1.0/nrfxlib/mpsl/lib/cortex-m33+nodsp/soft-float/libmpsl.a(libmpsl_debug_soft__obfuscated.elf)
                0x000000000100a494                sym_MGCUANL7Q2CUPWKYBFLWSWSNXIEEYBPZTHT2VZI
 .text          0x000000000100a4a8       0x4c C:/Users/khair/ncs/v2.1.0/nrfxlib/mpsl/lib/cortex-m33+nodsp/soft-float/libmpsl.a(libmpsl_debug_soft__obfuscated.elf)
                0x000000000100a4a8                sym_CFZK3G6ZC4ONUAYO2UALWQ4CBO7A6ADNAS2FS7Y
 .text          0x000000000100a4f4       0x24 C:/Users/khair/ncs/v2.1.0/nrfxlib/mpsl/lib/cortex-m33+nodsp/soft-float/libmpsl.a(libmpsl_debug_soft__obfuscated.elf)
                0x000000000100a4f4                sym_PIDJEDDM47FHOOZQXISY5YBB3CBP5VAXWPCUL2Q
 .text          0x000000000100a518       0x70 C:/Users/khair/ncs/v2.1.0/nrfxlib/mpsl/lib/cortex-m33+nodsp/soft-float/libmpsl.a(libmpsl_debug_soft__obfuscated.elf)
                0x000000000100a518                sym_W447CEMR6K6QRW3N63PRPIR7NK6ENOSBFXLCPRQ
 .text          0x000000000100a588      0x2dc C:/Users/khair/ncs/v2.1.0/nrfxlib/mpsl/lib/cortex-m33+nodsp/soft-float/libmpsl.a(libmpsl_debug_soft__obfuscated.elf)
                0x000000000100a588                sym_CVH6S6LMSFPC2RM6I6LYWFRVOJUD3A6OCMG7AAI
 .text          0x000000000100a864      0x774 C:/Users/khair/ncs/v2.1.0/nrfxlib/mpsl/lib/cortex-m33+nodsp/soft-float/libmpsl.a(libmpsl_debug_soft__obfuscated.elf)
                0x000000000100a864                sym_NFDFVOR5BUFND4TNTGYIYR4ARXJRXWSQ4PVFUKY
 .text          0x000000000100afd8      0x2ec C:/Users/khair/ncs/v2.1.0/nrfxlib/mpsl/lib/cortex-m33+nodsp/soft-float/libmpsl.a(libmpsl_debug_soft__obfuscated.elf)
                0x000000000100afd8                sym_R4Y3KWNYX4PGGLE5X2L7DXMWMJUY3DOXD7LSUKY
 .text          0x000000000100b2c4       0x14 C:/Users/khair/ncs/v2.1.0/nrfxlib/mpsl/lib/cortex-m33+nodsp/soft-float/libmpsl.a(libmpsl_debug_soft__obfuscated.elf)
                0x000000000100b2c4                sym_F77FUTRRLLWPYDS7BBANG2WE3C4EDMYMAPNI54A
 .text          0x000000000100b2d8        0xc C:/Users/khair/ncs/v2.1.0/nrfxlib/mpsl/lib/cortex-m33+nodsp/soft-float/libmpsl.a(libmpsl_debug_soft__obfuscated.elf)
                0x000000000100b2d8                sym_VJEK4XS7F73UVK3OKMWLYLJEHOD3EB5MY72V6OQ
 .text          0x000000000100b2e4      0x1dc C:/Users/khair/ncs/v2.1.0/nrfxlib/mpsl/lib/cortex-m33+nodsp/soft-float/libmpsl.a(libmpsl_debug_soft__obfuscated.elf)
                0x000000000100b2e4                sym_J5F7QGRFPKMLWRNSXZXS5YI7BM4DUTISCOASCOA
 .text          0x000000000100b4c0       0x40 C:/Users/khair/ncs/v2.1.0/nrfxlib/mpsl/lib/cortex-m33+nodsp/soft-float/libmpsl.a(libmpsl_debug_soft__obfuscated.elf)
                0x000000000100b4c0                MPSL_IRQ_RADIO_Handler
 .text          0x000000000100b500      0x104 C:/Users/khair/ncs/v2.1.0/nrfxlib/mpsl/lib/cortex-m33+nodsp/soft-float/libmpsl.a(libmpsl_debug_soft__obfuscated.elf)
                0x000000000100b500                sym_URFU24FFGR2HYB6CCPIPKPNZNMTWHKDYOATUJNY
 .text          0x000000000100b604       0x30 C:/Users/khair/ncs/v2.1.0/nrfxlib/mpsl/lib/cortex-m33+nodsp/soft-float/libmpsl.a(libmpsl_debug_soft__obfuscated.elf)
                0x000000000100b604                sym_VEWW3RW4OAPPUFDQOJ7JRKBAAFEHR5NLTH3O5OQ
 .text          0x000000000100b634       0x48 C:/Users/khair/ncs/v2.1.0/nrfxlib/mpsl/lib/cortex-m33+nodsp/soft-float/libmpsl.a(libmpsl_debug_soft__obfuscated.elf)
                0x000000000100b634                sym_KRIFY7ONBBSU6QHFDWYLN5WQPGGEBIZW5444PSQ
 .text          0x000000000100b67c        0x4 C:/Users/khair/ncs/v2.1.0/nrfxlib/mpsl/lib/cortex-m33+nodsp/soft-float/libmpsl.a(libmpsl_debug_soft__obfuscated.elf)
                0x000000000100b67c                sym_6TZLBWMEWRMPI4KKAUVLC2XHUBDGXEA4B4JJJYQ
 .text          0x000000000100b680       0x9c C:/Users/khair/ncs/v2.1.0/nrfxlib/mpsl/lib/cortex-m33+nodsp/soft-float/libmpsl.a(libmpsl_debug_soft__obfuscated.elf)
                0x000000000100b680                sym_FWJGAV6HUABGKXBT6K4XJ76WZDWHK3EOQOQRNOI
 .text          0x000000000100b71c       0x20 C:/Users/khair/ncs/v2.1.0/nrfxlib/mpsl/lib/cortex-m33+nodsp/soft-float/libmpsl.a(libmpsl_debug_soft__obfuscated.elf)
                0x000000000100b71c                sym_HVFGTYCGAECGUJHOFSPMGUV2G4PTWWUYTJVAPNA
 .text          0x000000000100b73c      0x244 C:/Users/khair/ncs/v2.1.0/nrfxlib/mpsl/lib/cortex-m33+nodsp/soft-float/libmpsl.a(libmpsl_debug_soft__obfuscated.elf)
                0x000000000100b73c                sym_QWOE5H22ZADGJX5JSROW7BOI32Z6PPEEJCISNOQ
 .text          0x000000000100b980      0x2a4 C:/Users/khair/ncs/v2.1.0/nrfxlib/mpsl/lib/cortex-m33+nodsp/soft-float/libmpsl.a(libmpsl_debug_soft__obfuscated.elf)
                0x000000000100b980                sym_DQFOGVCNU4NTOMWSL3IYDNCMIXT2LT7SZHL5IHI
 .text          0x000000000100bc24       0xa0 C:/Users/khair/ncs/v2.1.0/nrfxlib/mpsl/lib/cortex-m33+nodsp/soft-float/libmpsl.a(libmpsl_debug_soft__obfuscated.elf)
                0x000000000100bc24                sym_ORUJDMUJV7RZIFXM3X5KLRROPKJ7VPLJ65JMLRQ
 .text          0x000000000100bcc4       0x1c C:/Users/khair/ncs/v2.1.0/nrfxlib/mpsl/lib/cortex-m33+nodsp/soft-float/libmpsl.a(libmpsl_debug_soft__obfuscated.elf)
                0x000000000100bcc4                sym_XYQTP7YX2XFVREW5KFDH2NNPGRIPEHKIO2RURYI
 .text          0x000000000100bce0       0x58 C:/Users/khair/ncs/v2.1.0/nrfxlib/mpsl/lib/cortex-m33+nodsp/soft-float/libmpsl.a(libmpsl_debug_soft__obfuscated.elf)
                0x000000000100bce0                sym_AOU55ZK756JLPLCLZ5TZSSVKOAWWFUNQZATBXUI
 .text          0x000000000100bd38       0x34 C:/Users/khair/ncs/v2.1.0/nrfxlib/mpsl/lib/cortex-m33+nodsp/soft-float/libmpsl.a(libmpsl_debug_soft__obfuscated.elf)
                0x000000000100bd38                sym_PITJNQC6YSCEFAH23N5QRORZDKCSKOAUGBUS6GA
 .text          0x000000000100bd6c       0xd4 C:/Users/khair/ncs/v2.1.0/nrfxlib/mpsl/lib/cortex-m33+nodsp/soft-float/libmpsl.a(libmpsl_debug_soft__obfuscated.elf)
                0x000000000100bd6c                sym_3SK52U5TD4ACVVYKWS6UI6ZPWKSLV6BW5IGCPJI
 .text          0x000000000100be40      0x198 C:/Users/khair/ncs/v2.1.0/nrfxlib/mpsl/lib/cortex-m33+nodsp/soft-float/libmpsl.a(libmpsl_debug_soft__obfuscated.elf)
                0x000000000100be40                sym_2ZDZA75WOMRNSQ6XL7IZWAQKYFFSRJOGBGKPTIQ
 .text          0x000000000100bfd8       0xc4 C:/Users/khair/ncs/v2.1.0/nrfxlib/mpsl/lib/cortex-m33+nodsp/soft-float/libmpsl.a(libmpsl_debug_soft__obfuscated.elf)
                0x000000000100bfd8                sym_UGOJA475OXR5HR5WFINUK27HP5BRGNWCZXQLKDI
 .text          0x000000000100c09c      0x12c C:/Users/khair/ncs/v2.1.0/nrfxlib/mpsl/lib/cortex-m33+nodsp/soft-float/libmpsl.a(libmpsl_debug_soft__obfuscated.elf)
                0x000000000100c09c                sym_QUBGY7RMPG7R5F6DVNURH4AVGDAWMK46YXU4DRA
 .text          0x000000000100c1c8        0xc C:/Users/khair/ncs/v2.1.0/nrfxlib/mpsl/lib/cortex-m33+nodsp/soft-float/libmpsl.a(libmpsl_debug_soft__obfuscated.elf)
                0x000000000100c1c8                sym_RUQO26WM5KVVEW7O3OHCXPO7LLLXRBDPIPSWIWY
 .text          0x000000000100c1d4        0xc C:/Users/khair/ncs/v2.1.0/nrfxlib/mpsl/lib/cortex-m33+nodsp/soft-float/libmpsl.a(libmpsl_debug_soft__obfuscated.elf)
                0x000000000100c1d4                sym_M4DIQOXJAE3BNHQBIUCZXAABSM24CWUEJOCU7DY
 .text          0x000000000100c1e0       0x44 C:/Users/khair/ncs/v2.1.0/nrfxlib/mpsl/lib/cortex-m33+nodsp/soft-float/libmpsl.a(libmpsl_debug_soft__obfuscated.elf)
                0x000000000100c1e0                sym_ER2LFPTHTSYOYONJR4JS5HXOBOW2Y522PSIGIAQ
 .text          0x000000000100c224      0x114 C:/Users/khair/ncs/v2.1.0/nrfxlib/mpsl/lib/cortex-m33+nodsp/soft-float/libmpsl.a(libmpsl_debug_soft__obfuscated.elf)
                0x000000000100c224                sym_X2K67YH6UCW6TFK6NTLPZZFGWYHTTPZYK5PXHNQ
 .text          0x000000000100c338        0x4 C:/Users/khair/ncs/v2.1.0/nrfxlib/mpsl/lib/cortex-m33+nodsp/soft-float/libmpsl.a(libmpsl_debug_soft__obfuscated.elf)
                0x000000000100c338                sym_2XHWCFCONWNVOJMSX36K54RLWKHKBPZWGYV3IRI
 .text          0x000000000100c33c       0x30 C:/Users/khair/ncs/v2.1.0/nrfxlib/mpsl/lib/cortex-m33+nodsp/soft-float/libmpsl.a(libmpsl_debug_soft__obfuscated.elf)
                0x000000000100c33c                sym_DY4TH3UYBBOUULSDPZZ7Y6J5DTNRGWFEBHJXKVA
 .text          0x000000000100c36c       0x30 C:/Users/khair/ncs/v2.1.0/nrfxlib/mpsl/lib/cortex-m33+nodsp/soft-float/libmpsl.a(libmpsl_debug_soft__obfuscated.elf)
                0x000000000100c36c                sym_CQWZ455IMTLTPY5LEEZHXHRRNX223B3HTDD45HA
 .text          0x000000000100c39c      0x110 C:/Users/khair/ncs/v2.1.0/nrfxlib/mpsl/lib/cortex-m33+nodsp/soft-float/libmpsl.a(libmpsl_debug_soft__obfuscated.elf)
                0x000000000100c39c                sym_TSYEIN5CZPQE3YK6VECZD5C2M4LMXKKH6O7LNAY
 .text          0x000000000100c4ac       0x94 C:/Users/khair/ncs/v2.1.0/nrfxlib/mpsl/lib/cortex-m33+nodsp/soft-float/libmpsl.a(libmpsl_debug_soft__obfuscated.elf)
                0x000000000100c4ac                sym_OLTN5HGCU3P74AJAQRGNYBUXASUKWF3RI2Q3H5Q
 .text          0x000000000100c540      0x120 C:/Users/khair/ncs/v2.1.0/nrfxlib/mpsl/lib/cortex-m33+nodsp/soft-float/libmpsl.a(libmpsl_debug_soft__obfuscated.elf)
                0x000000000100c540                MPSL_IRQ_RTC0_Handler
 .text          0x000000000100c660      0x174 C:/Users/khair/ncs/v2.1.0/nrfxlib/mpsl/lib/cortex-m33+nodsp/soft-float/libmpsl.a(libmpsl_debug_soft__obfuscated.elf)
                0x000000000100c660                MPSL_IRQ_TIMER0_Handler
 .text          0x000000000100c7d4       0x28 C:/Users/khair/ncs/v2.1.0/nrfxlib/mpsl/lib/cortex-m33+nodsp/soft-float/libmpsl.a(libmpsl_debug_soft__obfuscated.elf)
                0x000000000100c7d4                sym_52O7VXVVZYQGD3Z6C3FDJLGBNMQQ6XC5LJ3IFRQ
 .text          0x000000000100c7fc       0x10 C:/Users/khair/ncs/v2.1.0/nrfxlib/mpsl/lib/cortex-m33+nodsp/soft-float/libmpsl.a(libmpsl_debug_soft__obfuscated.elf)
                0x000000000100c7fc                sym_476ZEBCLN4VRBESFX6B7F6TMVQVNPVCGXRXSHHY
 .text          0x000000000100c80c        0xc C:/Users/khair/ncs/v2.1.0/nrfxlib/mpsl/lib/cortex-m33+nodsp/soft-float/libmpsl.a(libmpsl_debug_soft__obfuscated.elf)
                0x000000000100c80c                sym_HUWGHJMM42MANQTSVL3EY7E3VE4XM4JTQUIQAII
 .text          0x000000000100c818       0x14 C:/Users/khair/ncs/v2.1.0/nrfxlib/mpsl/lib/cortex-m33+nodsp/soft-float/libmpsl.a(libmpsl_debug_soft__obfuscated.elf)
                0x000000000100c818                sym_3RLTHYPNUGF2GJUCXUGLNFS6UK7UWZOBB6PWVDI
 .text          0x000000000100c82c       0x14 C:/Users/khair/ncs/v2.1.0/nrfxlib/mpsl/lib/cortex-m33+nodsp/soft-float/libmpsl.a(libmpsl_debug_soft__obfuscated.elf)
                0x000000000100c82c                sym_7TCBS6SSQW4V3WJBKAXLOSA2HN4KF7UYAM2QFKI
 .text          0x000000000100c840       0x14 C:/Users/khair/ncs/v2.1.0/nrfxlib/mpsl/lib/cortex-m33+nodsp/soft-float/libmpsl.a(libmpsl_debug_soft__obfuscated.elf)
 .text          0x000000000100c854       0x20 C:/Users/khair/ncs/v2.1.0/nrfxlib/mpsl/lib/cortex-m33+nodsp/soft-float/libmpsl.a(libmpsl_debug_soft__obfuscated.elf)
 .text          0x000000000100c874       0x34 C:/Users/khair/ncs/v2.1.0/nrfxlib/mpsl/lib/cortex-m33+nodsp/soft-float/libmpsl.a(libmpsl_debug_soft__obfuscated.elf)
 .text          0x000000000100c8a8       0x40 C:/Users/khair/ncs/v2.1.0/nrfxlib/mpsl/lib/cortex-m33+nodsp/soft-float/libmpsl.a(libmpsl_debug_soft__obfuscated.elf)
 .text          0x000000000100c8e8       0x24 C:/Users/khair/ncs/v2.1.0/nrfxlib/mpsl/lib/cortex-m33+nodsp/soft-float/libmpsl.a(libmpsl_debug_soft__obfuscated.elf)
 .text          0x000000000100c90c       0xf8 C:/Users/khair/ncs/v2.1.0/nrfxlib/mpsl/lib/cortex-m33+nodsp/soft-float/libmpsl.a(libmpsl_debug_soft__obfuscated.elf)
 .text          0x000000000100ca04        0xc C:/Users/khair/ncs/v2.1.0/nrfxlib/mpsl/lib/cortex-m33+nodsp/soft-float/libmpsl.a(libmpsl_debug_soft__obfuscated.elf)
                0x000000000100ca04                sym_JNBYD5ZJ5MPK62ZKHKS33GEXMN2T7JK3PFE544A
 .text          0x000000000100ca10      0x100 C:/Users/khair/ncs/v2.1.0/nrfxlib/mpsl/lib/cortex-m33+nodsp/soft-float/libmpsl.a(libmpsl_debug_soft__obfuscated.elf)
                0x000000000100ca10                sym_SMM7FXAGNH5CGLSU6FKRBG24XS3XTMWJCOJFD6Q
 .text          0x000000000100cb10        0xc C:/Users/khair/ncs/v2.1.0/nrfxlib/mpsl/lib/cortex-m33+nodsp/soft-float/libmpsl.a(libmpsl_debug_soft__obfuscated.elf)
                0x000000000100cb10                sym_ETIE3PCEXQYLK2GIVZENQ6V7PLBRV57MB7BDMNY
 .text          0x000000000100cb1c        0xc C:/Users/khair/ncs/v2.1.0/nrfxlib/mpsl/lib/cortex-m33+nodsp/soft-float/libmpsl.a(libmpsl_debug_soft__obfuscated.elf)
                0x000000000100cb1c                sym_MGDULS4U2D5VQ5NBLZDC7UTSC6O3GJASJZPQJ2Q
 .text          0x000000000100cb28       0x28 C:/Users/khair/ncs/v2.1.0/nrfxlib/mpsl/lib/cortex-m33+nodsp/soft-float/libmpsl.a(libmpsl_debug_soft__obfuscated.elf)
                0x000000000100cb28                sym_PEUB6CZG5CWXXD4M2S6OVBXZGDFOG4XII7USUDQ
 .text          0x000000000100cb50       0x38 C:/Users/khair/ncs/v2.1.0/nrfxlib/mpsl/lib/cortex-m33+nodsp/soft-float/libmpsl.a(libmpsl_debug_soft__obfuscated.elf)
                0x000000000100cb50                mpsl_clock_hfclk_request
 .text          0x000000000100cb88       0x34 C:/Users/khair/ncs/v2.1.0/nrfxlib/mpsl/lib/cortex-m33+nodsp/soft-float/libmpsl.a(libmpsl_debug_soft__obfuscated.elf)
 .text          0x000000000100cbbc       0x4c C:/Users/khair/ncs/v2.1.0/nrfxlib/mpsl/lib/cortex-m33+nodsp/soft-float/libmpsl.a(libmpsl_debug_soft__obfuscated.elf)
 .text          0x000000000100cc08       0x38 C:/Users/khair/ncs/v2.1.0/nrfxlib/mpsl/lib/cortex-m33+nodsp/soft-float/libmpsl.a(libmpsl_debug_soft__obfuscated.elf)
                0x000000000100cc08                sym_AF5XKA2WT4DMFZTLKHOBWE7E2EZAMLDDFPQGGTQ
 .text          0x000000000100cc40       0x1c C:/Users/khair/ncs/v2.1.0/nrfxlib/mpsl/lib/cortex-m33+nodsp/soft-float/libmpsl.a(libmpsl_debug_soft__obfuscated.elf)
                0x000000000100cc40                mpsl_clock_hfclk_release
 .text          0x000000000100cc5c       0x10 C:/Users/khair/ncs/v2.1.0/nrfxlib/mpsl/lib/cortex-m33+nodsp/soft-float/libmpsl.a(libmpsl_debug_soft__obfuscated.elf)
                0x000000000100cc5c                sym_4CZSFTTT34WDYFZKE2NSCSVSYLPHLZYN7QUTGHY
 .text          0x000000000100cc6c       0x84 C:/Users/khair/ncs/v2.1.0/nrfxlib/mpsl/lib/cortex-m33+nodsp/soft-float/libmpsl.a(libmpsl_debug_soft__obfuscated.elf)
                0x000000000100cc6c                sym_A4JUKJUCTJV55V2WD6TXU63VO5GAMB4XA4EE56Q
 .text          0x000000000100ccf0       0xa4 C:/Users/khair/ncs/v2.1.0/nrfxlib/mpsl/lib/cortex-m33+nodsp/soft-float/libmpsl.a(libmpsl_debug_soft__obfuscated.elf)
                0x000000000100ccf0                MPSL_IRQ_CLOCK_Handler
 .text          0x000000000100cd94       0x18 C:/Users/khair/ncs/v2.1.0/nrfxlib/mpsl/lib/cortex-m33+nodsp/soft-float/libmpsl.a(libmpsl_debug_soft__obfuscated.elf)
                0x000000000100cd94                sym_4PX37LW4KIUYQZ73JWLPH5GAGIRWAKTV3E6F62Q
 .text          0x000000000100cdac      0x1ac C:/Users/khair/ncs/v2.1.0/nrfxlib/mpsl/lib/cortex-m33+nodsp/soft-float/libmpsl.a(libmpsl_debug_soft__obfuscated.elf)
                0x000000000100cdac                sym_FYHKZOVAJN6VDDHY43FT7PF4YLRDHWRTEWHFG6I
 .text          0x000000000100cf58        0xc C:/Users/khair/ncs/v2.1.0/nrfxlib/mpsl/lib/cortex-m33+nodsp/soft-float/libmpsl.a(libmpsl_debug_soft__obfuscated.elf)
                0x000000000100cf58                sym_IFJHPQV3B4EIN6OIUP3LZSPJBF5HLX2VYD323GA
 .text          0x000000000100cf64       0x1c C:/Users/khair/ncs/v2.1.0/nrfxlib/mpsl/lib/cortex-m33+nodsp/soft-float/libmpsl.a(libmpsl_debug_soft__obfuscated.elf)
                0x000000000100cf64                sym_XK3TMLCZALCYYWGULGHQIRSOBMPIIPJ7HEMOZIQ
 .text          0x000000000100cf80        0xc C:/Users/khair/ncs/v2.1.0/nrfxlib/mpsl/lib/cortex-m33+nodsp/soft-float/libmpsl.a(libmpsl_debug_soft__obfuscated.elf)
                0x000000000100cf80                sym_PIRI3CTIHOPR5MPDQRHBJRRZEA2NVOD4J3GXGOA
 .text          0x000000000100cf8c       0x20 C:/Users/khair/ncs/v2.1.0/nrfxlib/mpsl/lib/cortex-m33+nodsp/soft-float/libmpsl.a(libmpsl_debug_soft__obfuscated.elf)
                0x000000000100cf8c                sym_LIY23QT3GHIV7NCGJ6ZW6LB2ZUSI56CIFCL6HUY
 .text          0x000000000100cfac       0x10 C:/Users/khair/ncs/v2.1.0/nrfxlib/mpsl/lib/cortex-m33+nodsp/soft-float/libmpsl.a(libmpsl_debug_soft__obfuscated.elf)
                0x000000000100cfac                sym_TIWHB6UQGI33JQCQDL7C2BRAEXCRAFYENVN6QEI
 .text          0x000000000100cfbc       0x10 C:/Users/khair/ncs/v2.1.0/nrfxlib/mpsl/lib/cortex-m33+nodsp/soft-float/libmpsl.a(libmpsl_debug_soft__obfuscated.elf)
                0x000000000100cfbc                sym_AL7FCNVVCF72BNYCTLA5UGAWCQFXFPGE2ULTWOA
 .text          0x000000000100cfcc       0x10 C:/Users/khair/ncs/v2.1.0/nrfxlib/mpsl/lib/cortex-m33+nodsp/soft-float/libmpsl.a(libmpsl_debug_soft__obfuscated.elf)
                0x000000000100cfcc                sym_7BUNPUBNWNFVXXIMNFFNK765OVON5LBIUZ66QRI
 .text          0x000000000100cfdc       0x24 C:/Users/khair/ncs/v2.1.0/nrfxlib/mpsl/lib/cortex-m33+nodsp/soft-float/libmpsl.a(libmpsl_debug_soft__obfuscated.elf)
                0x000000000100cfdc                sym_LZEJCP3HZIBKMJQC47UQXAHGCQ52QF47EXOH2WA
 .text          0x000000000100d000       0x24 C:/Users/khair/ncs/v2.1.0/nrfxlib/mpsl/lib/cortex-m33+nodsp/soft-float/libmpsl.a(libmpsl_debug_soft__obfuscated.elf)
 .text          0x000000000100d024       0x30 C:/Users/khair/ncs/v2.1.0/nrfxlib/mpsl/lib/cortex-m33+nodsp/soft-float/libmpsl.a(libmpsl_debug_soft__obfuscated.elf)
 .text          0x000000000100d054       0x30 C:/Users/khair/ncs/v2.1.0/nrfxlib/mpsl/lib/cortex-m33+nodsp/soft-float/libmpsl.a(libmpsl_debug_soft__obfuscated.elf)
 .text          0x000000000100d084       0x70 C:/Users/khair/ncs/v2.1.0/nrfxlib/mpsl/lib/cortex-m33+nodsp/soft-float/libmpsl.a(libmpsl_debug_soft__obfuscated.elf)
                0x000000000100d084                mpsl_init
 .text          0x000000000100d0f4       0x58 C:/Users/khair/ncs/v2.1.0/nrfxlib/mpsl/lib/cortex-m33+nodsp/soft-float/libmpsl.a(libmpsl_debug_soft__obfuscated.elf)
                0x000000000100d0f4                sym_S2UAPMFVIQXDUOA6CV7GJMB33TYHEUH5D6LHO5Q
 .text          0x000000000100d14c       0x28 C:/Users/khair/ncs/v2.1.0/nrfxlib/mpsl/lib/cortex-m33+nodsp/soft-float/libmpsl.a(libmpsl_debug_soft__obfuscated.elf)
                0x000000000100d14c                sym_XR32KBBIVYD5OVRJM2RBQ57EGCCM2C3F5IY6OHQ
 .text          0x000000000100d174        0xc C:/Users/khair/ncs/v2.1.0/nrfxlib/mpsl/lib/cortex-m33+nodsp/soft-float/libmpsl.a(libmpsl_debug_soft__obfuscated.elf)
                0x000000000100d174                mpsl_is_initialized
 .text          0x000000000100d180       0x7c C:/Users/khair/ncs/v2.1.0/nrfxlib/mpsl/lib/cortex-m33+nodsp/soft-float/libmpsl.a(libmpsl_debug_soft__obfuscated.elf)
                0x000000000100d180                mpsl_temperature_get
 .text          0x000000000100d1fc       0x38 C:/Users/khair/ncs/v2.1.0/nrfxlib/mpsl/lib/cortex-m33+nodsp/soft-float/libmpsl.a(libmpsl_debug_soft__obfuscated.elf)
                0x000000000100d1fc                sym_W7ROFHNOSDKPIRUKDGIZZ5YR3MC3DAM2YLJOUIA
 .text          0x000000000100d234       0x38 C:/Users/khair/ncs/v2.1.0/nrfxlib/mpsl/lib/cortex-m33+nodsp/soft-float/libmpsl.a(libmpsl_debug_soft__obfuscated.elf)
                0x000000000100d234                sym_GURZ3AH6X65RGSKYMYNWZVP6HM56LA5MRAQWT6Q
 .text          0x000000000100d26c       0x50 C:/Users/khair/ncs/v2.1.0/nrfxlib/mpsl/lib/cortex-m33+nodsp/soft-float/libmpsl.a(libmpsl_debug_soft__obfuscated.elf)
                0x000000000100d26c                sym_VWGRUQT3LYZHLYS5KJ7UOCJEHLDJTWH4RVJBGKQ
 .text          0x000000000100d2bc        0x8 C:/Users/khair/ncs/v2.1.0/nrfxlib/mpsl/lib/cortex-m33+nodsp/soft-float/libmpsl.a(libmpsl_debug_soft__obfuscated.elf)
                0x000000000100d2bc                sym_4WL3TG4Q7RCTFEMPQ2CQTOL4PAKUULDPJUM5DTY
 .text          0x000000000100d2c4       0x30 C:/Users/khair/ncs/v2.1.0/nrfxlib/mpsl/lib/cortex-m33+nodsp/soft-float/libmpsl.a(libmpsl_debug_soft__obfuscated.elf)
                0x000000000100d2c4                sym_4RKOCKE3FGONP2EKGFS2MI4DYP6ZTZMGSCTB27Q
 .text          0x000000000100d2f4       0x24 C:/Users/khair/ncs/v2.1.0/nrfxlib/mpsl/lib/cortex-m33+nodsp/soft-float/libmpsl.a(libmpsl_debug_soft__obfuscated.elf)
                0x000000000100d2f4                sym_I67W47XQOX6K474IF74BV26DITSSLPXJW6MWOAQ
 .text          0x000000000100d318       0x40 C:/Users/khair/ncs/v2.1.0/nrfxlib/mpsl/lib/cortex-m33+nodsp/soft-float/libmpsl.a(libmpsl_debug_soft__obfuscated.elf)
                0x000000000100d318                sym_K65IFLJONCLHPD5IQ4ENBWGA3PVI55UHZKOIVDQ
 .text          0x000000000100d358       0xec C:/Users/khair/ncs/v2.1.0/nrfxlib/mpsl/lib/cortex-m33+nodsp/soft-float/libmpsl.a(libmpsl_debug_soft__obfuscated.elf)
                0x000000000100d358                sym_DQONLUECJTIEYFOFJXXAPJO4POIAJKJNKBGVN5A
 .text          0x000000000100d444       0xd8 C:/Users/khair/ncs/v2.1.0/nrfxlib/mpsl/lib/cortex-m33+nodsp/soft-float/libmpsl.a(libmpsl_debug_soft__obfuscated.elf)
                0x000000000100d444                sym_VSILKYHVQ5DVF6LG5MG267DQVA3A2XZQ6FSCLXA
 .text          0x000000000100d51c        0xc C:/Users/khair/ncs/v2.1.0/nrfxlib/mpsl/lib/cortex-m33+nodsp/soft-float/libmpsl.a(libmpsl_debug_soft__obfuscated.elf)
                0x000000000100d51c                mpsl_cx_request
 .text          0x000000000100d528        0xc C:/Users/khair/ncs/v2.1.0/nrfxlib/mpsl/lib/cortex-m33+nodsp/soft-float/libmpsl.a(libmpsl_debug_soft__obfuscated.elf)
                0x000000000100d528                mpsl_cx_release
 .text          0x000000000100d534        0xc C:/Users/khair/ncs/v2.1.0/nrfxlib/mpsl/lib/cortex-m33+nodsp/soft-float/libmpsl.a(libmpsl_debug_soft__obfuscated.elf)
                0x000000000100d534                mpsl_cx_granted_ops_get
 .text          0x000000000100d540        0xc C:/Users/khair/ncs/v2.1.0/nrfxlib/mpsl/lib/cortex-m33+nodsp/soft-float/libmpsl.a(libmpsl_debug_soft__obfuscated.elf)
                0x000000000100d540                mpsl_cx_register_callback
 .text          0x000000000100d54c       0x40 C:/Users/khair/ncs/v2.1.0/nrfxlib/mpsl/lib/cortex-m33+nodsp/soft-float/libmpsl.a(libmpsl_debug_soft__obfuscated.elf)
 .text          0x000000000100d58c        0xc C:/Users/khair/ncs/v2.1.0/nrfxlib/mpsl/lib/cortex-m33+nodsp/soft-float/libmpsl.a(libmpsl_debug_soft__obfuscated.elf)
                0x000000000100d58c                sym_FLYO2O6PDDEK6WCFFGJRAPCMRB5FFHTEEHI4Z2Q
 .text          0x000000000100d598       0x58 C:/Users/khair/ncs/v2.1.0/nrfxlib/mpsl/lib/cortex-m33+nodsp/soft-float/libmpsl.a(libmpsl_debug_soft__obfuscated.elf)
                0x000000000100d598                sym_GNQQQFEWM5SWEGVB5JHP7HYAZGI4CDQXSGHR4SQ
 .text          0x000000000100d5f0       0x2c C:/Users/khair/ncs/v2.1.0/nrfxlib/mpsl/lib/cortex-m33+nodsp/soft-float/libmpsl.a(libmpsl_debug_soft__obfuscated.elf)
                0x000000000100d5f0                sym_H2AKPOL4Q6GKGQJVBUBWLPO3RBNKXXQE2HSOELQ
 .text          0x000000000100d61c       0x28 C:/Users/khair/ncs/v2.1.0/nrfxlib/mpsl/lib/cortex-m33+nodsp/soft-float/libmpsl.a(libmpsl_debug_soft__obfuscated.elf)
                0x000000000100d61c                sym_24DWUIEE2POS3GYSEVA4IAL4G7TGCCCJXT6D5AA
 .text          0x000000000100d644       0x1c C:/Users/khair/ncs/v2.1.0/nrfxlib/mpsl/lib/cortex-m33+nodsp/soft-float/libmpsl.a(libmpsl_debug_soft__obfuscated.elf)
                0x000000000100d644                sym_65YCAVBDKPZHZGRZXNQZCLS62UDJXZDBEFWVSII
 .text          0x000000000100d660       0x1c C:/Users/khair/ncs/v2.1.0/nrfxlib/mpsl/lib/cortex-m33+nodsp/soft-float/libmpsl.a(libmpsl_debug_soft__obfuscated.elf)
                0x000000000100d660                sym_UCUZCD3IIQBIFBTQEAMBH3ROVF42G3OC6HCQXWQ
 .text          0x000000000100d67c       0x10 C:/Users/khair/ncs/v2.1.0/nrfxlib/mpsl/lib/cortex-m33+nodsp/soft-float/libmpsl.a(libmpsl_debug_soft__obfuscated.elf)
                0x000000000100d67c                sym_TSTNWLRH7RAXHHT2FC4R3RPI2WC3O7TXKBYGVCI
 .text          0x000000000100d68c       0xbc C:/Users/khair/ncs/v2.1.0/nrfxlib/mpsl/lib/cortex-m33+nodsp/soft-float/libmpsl.a(libmpsl_debug_soft__obfuscated.elf)
 .text          0x000000000100d748      0x1f4 C:/Users/khair/ncs/v2.1.0/nrfxlib/mpsl/lib/cortex-m33+nodsp/soft-float/libmpsl.a(libmpsl_debug_soft__obfuscated.elf)
 .text          0x000000000100d93c      0x1c0 C:/Users/khair/ncs/v2.1.0/nrfxlib/mpsl/lib/cortex-m33+nodsp/soft-float/libmpsl.a(libmpsl_debug_soft__obfuscated.elf)
 .text          0x000000000100dafc       0xb8 C:/Users/khair/ncs/v2.1.0/nrfxlib/mpsl/lib/cortex-m33+nodsp/soft-float/libmpsl.a(libmpsl_debug_soft__obfuscated.elf)
 .text          0x000000000100dbb4      0x170 C:/Users/khair/ncs/v2.1.0/nrfxlib/mpsl/lib/cortex-m33+nodsp/soft-float/libmpsl.a(libmpsl_debug_soft__obfuscated.elf)
 .text          0x000000000100dd24       0x1c C:/Users/khair/ncs/v2.1.0/nrfxlib/mpsl/lib/cortex-m33+nodsp/soft-float/libmpsl.a(libmpsl_debug_soft__obfuscated.elf)
 .text          0x000000000100dd40       0x14 C:/Users/khair/ncs/v2.1.0/nrfxlib/mpsl/lib/cortex-m33+nodsp/soft-float/libmpsl.a(libmpsl_debug_soft__obfuscated.elf)
 .text          0x000000000100dd54       0x18 C:/Users/khair/ncs/v2.1.0/nrfxlib/mpsl/lib/cortex-m33+nodsp/soft-float/libmpsl.a(libmpsl_debug_soft__obfuscated.elf)
 .text          0x000000000100dd6c       0xfc C:/Users/khair/ncs/v2.1.0/nrfxlib/mpsl/lib/cortex-m33+nodsp/soft-float/libmpsl.a(libmpsl_debug_soft__obfuscated.elf)
 .text          0x000000000100de68       0xf4 C:/Users/khair/ncs/v2.1.0/nrfxlib/mpsl/lib/cortex-m33+nodsp/soft-float/libmpsl.a(libmpsl_debug_soft__obfuscated.elf)
 .text          0x000000000100df5c      0x140 C:/Users/khair/ncs/v2.1.0/nrfxlib/mpsl/lib/cortex-m33+nodsp/soft-float/libmpsl.a(libmpsl_debug_soft__obfuscated.elf)
 .text          0x000000000100e09c       0x14 C:/Users/khair/ncs/v2.1.0/nrfxlib/mpsl/lib/cortex-m33+nodsp/soft-float/libmpsl.a(libmpsl_debug_soft__obfuscated.elf)
 .text          0x000000000100e0b0       0x14 C:/Users/khair/ncs/v2.1.0/nrfxlib/mpsl/lib/cortex-m33+nodsp/soft-float/libmpsl.a(libmpsl_debug_soft__obfuscated.elf)
                0x000000000100e0b0                sym_LKZ3ZNP3R7LS45BGGBRO6PNYTTOZOJGPU7W5PCA
 .text          0x000000000100e0c4        0xc C:/Users/khair/ncs/v2.1.0/nrfxlib/mpsl/lib/cortex-m33+nodsp/soft-float/libmpsl.a(libmpsl_debug_soft__obfuscated.elf)
                0x000000000100e0c4                mpsl_fem_disable
 .text          0x000000000100e0d0        0xc C:/Users/khair/ncs/v2.1.0/nrfxlib/mpsl/lib/cortex-m33+nodsp/soft-float/libmpsl.a(libmpsl_debug_soft__obfuscated.elf)
                0x000000000100e0d0                mpsl_fem_pa_configuration_set
 .text          0x000000000100e0dc        0xc C:/Users/khair/ncs/v2.1.0/nrfxlib/mpsl/lib/cortex-m33+nodsp/soft-float/libmpsl.a(libmpsl_debug_soft__obfuscated.elf)
                0x000000000100e0dc                mpsl_fem_lna_configuration_set
 .text          0x000000000100e0e8        0xc C:/Users/khair/ncs/v2.1.0/nrfxlib/mpsl/lib/cortex-m33+nodsp/soft-float/libmpsl.a(libmpsl_debug_soft__obfuscated.elf)
                0x000000000100e0e8                mpsl_fem_pa_configuration_clear
 .text          0x000000000100e0f4        0xc C:/Users/khair/ncs/v2.1.0/nrfxlib/mpsl/lib/cortex-m33+nodsp/soft-float/libmpsl.a(libmpsl_debug_soft__obfuscated.elf)
                0x000000000100e0f4                mpsl_fem_lna_configuration_clear
 .text          0x000000000100e100        0xc C:/Users/khair/ncs/v2.1.0/nrfxlib/mpsl/lib/cortex-m33+nodsp/soft-float/libmpsl.a(libmpsl_debug_soft__obfuscated.elf)
                0x000000000100e100                mpsl_fem_pa_gain_set
 .text          0x000000000100e10c        0xc C:/Users/khair/ncs/v2.1.0/nrfxlib/mpsl/lib/cortex-m33+nodsp/soft-float/libmpsl.a(libmpsl_debug_soft__obfuscated.elf)
                0x000000000100e10c                mpsl_fem_pa_is_configured
 .text          0x000000000100e118        0xc C:/Users/khair/ncs/v2.1.0/nrfxlib/mpsl/lib/cortex-m33+nodsp/soft-float/libmpsl.a(libmpsl_debug_soft__obfuscated.elf)
                0x000000000100e118                mpsl_fem_lna_is_configured
 .text          0x000000000100e124        0xc C:/Users/khair/ncs/v2.1.0/nrfxlib/mpsl/lib/cortex-m33+nodsp/soft-float/libmpsl.a(libmpsl_debug_soft__obfuscated.elf)
                0x000000000100e124                mpsl_fem_tx_power_split
 .text          0x000000000100e130        0xc C:/Users/khair/ncs/v2.1.0/nrfxlib/mpsl/lib/cortex-m33+nodsp/soft-float/libmpsl.a(libmpsl_debug_soft__obfuscated.elf)
                0x000000000100e130                mpsl_fem_device_config_254_apply_set
 .text          0x000000000100e13c       0x10 C:/Users/khair/ncs/v2.1.0/nrfxlib/mpsl/lib/cortex-m33+nodsp/soft-float/libmpsl.a(libmpsl_debug_soft__obfuscated.elf)
                0x000000000100e13c                sym_6TQUPGH3JCOXHF5S5KOV5JVT7ENJIB42OACFZEY
 .text          0x000000000100e14c        0xc C:/Users/khair/ncs/v2.1.0/nrfxlib/mpsl/lib/cortex-m33+nodsp/soft-float/libmpsl.a(libmpsl_debug_soft__obfuscated.elf)
                0x000000000100e14c                sym_UZUI4YQAV7IWWBS4QSQS6JUSLV3JFA6COL6SGJQ
 .text          0x000000000100e158       0x10 C:/Users/khair/ncs/v2.1.0/nrfxlib/mpsl/lib/cortex-m33+nodsp/soft-float/libmpsl.a(libmpsl_debug_soft__obfuscated.elf)
                0x000000000100e158                sym_XCJWKZY7PLHQ3WYDBXY2N635EFQYR732K4ZIXUI
 .text          0x000000000100e168       0x48 C:/Users/khair/ncs/v2.1.0/nrfxlib/mpsl/lib/cortex-m33+nodsp/soft-float/libmpsl.a(libmpsl_debug_soft__obfuscated.elf)
 .text          0x000000000100e1b0       0x20 C:/Users/khair/ncs/v2.1.0/nrfxlib/mpsl/lib/cortex-m33+nodsp/soft-float/libmpsl.a(libmpsl_debug_soft__obfuscated.elf)
 .text          0x000000000100e1d0       0x40 C:/Users/khair/ncs/v2.1.0/nrfxlib/mpsl/lib/cortex-m33+nodsp/soft-float/libmpsl.a(libmpsl_debug_soft__obfuscated.elf)
 .text          0x000000000100e210       0xb4 C:/Users/khair/ncs/v2.1.0/nrfxlib/mpsl/lib/cortex-m33+nodsp/soft-float/libmpsl.a(libmpsl_debug_soft__obfuscated.elf)
 .text          0x000000000100e2c4      0x12c C:/Users/khair/ncs/v2.1.0/nrfxlib/mpsl/lib/cortex-m33+nodsp/soft-float/libmpsl.a(libmpsl_debug_soft__obfuscated.elf)
 .text          0x000000000100e3f0      0x110 C:/Users/khair/ncs/v2.1.0/nrfxlib/mpsl/lib/cortex-m33+nodsp/soft-float/libmpsl.a(libmpsl_debug_soft__obfuscated.elf)
 .text          0x000000000100e500      0x19c C:/Users/khair/ncs/v2.1.0/nrfxlib/mpsl/lib/cortex-m33+nodsp/soft-float/libmpsl.a(libmpsl_debug_soft__obfuscated.elf)
 .text          0x000000000100e69c       0xb4 C:/Users/khair/ncs/v2.1.0/nrfxlib/mpsl/lib/cortex-m33+nodsp/soft-float/libmpsl.a(libmpsl_debug_soft__obfuscated.elf)
                0x000000000100e69c                mpsl_fem_nrf21540_gpio_interface_config_set
 .text          0x000000000100e750       0x20 C:/Users/khair/ncs/v2.1.0/nrfxlib/mpsl/lib/cortex-m33+nodsp/soft-float/libmpsl.a(libmpsl_debug_soft__obfuscated.elf)
 .text          0x000000000100e770       0x28 C:/Users/khair/ncs/v2.1.0/nrfxlib/mpsl/lib/cortex-m33+nodsp/soft-float/libmpsl.a(libmpsl_debug_soft__obfuscated.elf)
                0x000000000100e770                sym_TSARTEM45GNSJMTTW7TY35JZUCGO4XDSOGO4ZZQ
 .text          0x000000000100e798       0x18 C:/Users/khair/ncs/v2.1.0/nrfxlib/mpsl/lib/cortex-m33+nodsp/soft-float/libmpsl.a(libmpsl_debug_soft__obfuscated.elf)
                0x000000000100e798                sym_SBSKADDCM455I5M7MUVGKVPKN7TISR42EIXKOLI
 .text          0x000000000100e7b0       0x18 C:/Users/khair/ncs/v2.1.0/nrfxlib/mpsl/lib/cortex-m33+nodsp/soft-float/libmpsl.a(libmpsl_debug_soft__obfuscated.elf)
                0x000000000100e7b0                sym_QRW3N66LO43KLPLBWVBHC2SBLZP4F6HGLD77ICA
 .text          0x000000000100e7c8       0x6c C:/Users/khair/ncs/v2.1.0/nrfxlib/mpsl/lib/cortex-m33+nodsp/soft-float/libmpsl.a(libmpsl_debug_soft__obfuscated.elf)
                0x000000000100e7c8                sym_EIMCOZR7MKLMYB62EEWREERTUNHHQDK6ITFS5HQ
 .text          0x000000000100e834       0x2c C:/Users/khair/ncs/v2.1.0/nrfxlib/mpsl/lib/cortex-m33+nodsp/soft-float/libmpsl.a(libmpsl_debug_soft__obfuscated.elf)
                0x000000000100e834                sym_O5XDVUVJVGI67OXYHXFZUGAXHD4DKFKVMS2P3NA
 .text          0x000000000100e860       0x18 C:/Users/khair/ncs/v2.1.0/nrfxlib/mpsl/lib/cortex-m33+nodsp/soft-float/libmpsl.a(libmpsl_debug_soft__obfuscated.elf)
                0x000000000100e860                sym_DINXTNKCSHYWKSOGFJLECC2P6Y7VHT5UJUX7RSQ
 .text          0x000000000100e878       0x8c C:/Users/khair/ncs/v2.1.0/nrfxlib/mpsl/lib/cortex-m33+nodsp/soft-float/libmpsl.a(libmpsl_debug_soft__obfuscated.elf)
                0x000000000100e878                sym_I57J2C7PMK7A7NP2UUEGO5Y5RTD3AAMUFKH7TJI
 .text          0x000000000100e904       0x24 C:/Users/khair/ncs/v2.1.0/nrfxlib/mpsl/lib/cortex-m33+nodsp/soft-float/libmpsl.a(libmpsl_debug_soft__obfuscated.elf)
                0x000000000100e904                sym_HYJVDKKJQTKLMNG7YVST4N7OHEC7S2J72M7FN3Q
 .text          0x000000000100e928       0x10 C:/Users/khair/ncs/v2.1.0/nrfxlib/mpsl/lib/cortex-m33+nodsp/soft-float/libmpsl.a(libmpsl_debug_soft__obfuscated.elf)
                0x000000000100e928                sym_CMW5Y2V4ZAQWO6OLYO7TFQKQPIHLUEEKEX6J7BY
 .text          0x000000000100e938       0x34 C:/Users/khair/ncs/v2.1.0/nrfxlib/mpsl/lib/cortex-m33+nodsp/soft-float/libmpsl.a(libmpsl_debug_soft__obfuscated.elf)
                0x000000000100e938                sym_I3Z2GQRGKQWA5EQS23LZRSTLKW6RHV35I6AIDQY
 .text          0x000000000100e96c       0x10 C:/Users/khair/ncs/v2.1.0/nrfxlib/mpsl/lib/cortex-m33+nodsp/soft-float/libmpsl.a(libmpsl_debug_soft__obfuscated.elf)
                0x000000000100e96c                sym_7Y7KR3HN6VAJOI24WXYPIIIP72KGQRHDY43HZQA
 .text          0x000000000100e97c      0x18c C:/Users/khair/ncs/v2.1.0/nrfxlib/mpsl/lib/cortex-m33+nodsp/soft-float/libmpsl.a(libmpsl_debug_soft__obfuscated.elf)
 .text          0x000000000100eb08       0x30 C:/Users/khair/ncs/v2.1.0/nrfxlib/mpsl/lib/cortex-m33+nodsp/soft-float/libmpsl.a(libmpsl_debug_soft__obfuscated.elf)
 .text          0x000000000100eb38       0x2c C:/Users/khair/ncs/v2.1.0/nrfxlib/mpsl/lib/cortex-m33+nodsp/soft-float/libmpsl.a(libmpsl_debug_soft__obfuscated.elf)
 .text          0x000000000100eb64       0x10 C:/Users/khair/ncs/v2.1.0/nrfxlib/mpsl/lib/cortex-m33+nodsp/soft-float/libmpsl.a(libmpsl_debug_soft__obfuscated.elf)
                0x000000000100eb64                sym_OZOSHR7RCVVSJSN34AHXEIGGITMYLPWJSOGU2GI
 .text          0x000000000100eb74        0xc C:/Users/khair/ncs/v2.1.0/nrfxlib/mpsl/lib/cortex-m33+nodsp/soft-float/libmpsl.a(libmpsl_debug_soft__obfuscated.elf)
                0x000000000100eb74                sym_WX6UB7ZVT4L7KZVG3JEYCY7OOPKVKNWPNDVIYJY
 .text          0x000000000100eb80       0x18 C:/Users/khair/ncs/v2.1.0/nrfxlib/mpsl/lib/cortex-m33+nodsp/soft-float/libmpsl.a(libmpsl_debug_soft__obfuscated.elf)
                0x000000000100eb80                sym_RXHDTMLLJFMOINTLQMBK6H6PC4W3R5DQSF6BYRQ
 .text          0x000000000100eb98       0x18 C:/Users/khair/ncs/v2.1.0/nrfxlib/mpsl/lib/cortex-m33+nodsp/soft-float/libmpsl.a(libmpsl_debug_soft__obfuscated.elf)
                0x000000000100eb98                sym_GFUMJNAE3BTH7FM3YLWM75IMGHGJTI3RB3O6Z3A
 .text          0x000000000100ebb0       0x64 C:/Users/khair/ncs/v2.1.0/nrfxlib/mpsl/lib/cortex-m33+nodsp/soft-float/libmpsl.a(libmpsl_debug_soft__obfuscated.elf)
                0x000000000100ebb0                sym_GNB7OCDUC5LXA5JH4GYV2XTFLXVO4KPQSALHSZI
 .text          0x000000000100ec14      0x128 C:/Users/khair/ncs/v2.1.0/nrfxlib/softdevice_controller/lib/cortex-m33+nodsp/soft-float/libsoftdevice_controller_multirole.a(libsoftdevice_controller_s140_debug_soft__obfuscated.elf)
 .text          0x000000000100ed3c       0x7c C:/Users/khair/ncs/v2.1.0/nrfxlib/softdevice_controller/lib/cortex-m33+nodsp/soft-float/libsoftdevice_controller_multirole.a(libsoftdevice_controller_s140_debug_soft__obfuscated.elf)
                0x000000000100ed3c                sym_476LRB5XNUARAHCHHC7ZAIGPFC5VZ4W2N4467LI
 .text          0x000000000100edb8       0x58 C:/Users/khair/ncs/v2.1.0/nrfxlib/softdevice_controller/lib/cortex-m33+nodsp/soft-float/libsoftdevice_controller_multirole.a(libsoftdevice_controller_s140_debug_soft__obfuscated.elf)
 .text          0x000000000100ee10       0x94 C:/Users/khair/ncs/v2.1.0/nrfxlib/softdevice_controller/lib/cortex-m33+nodsp/soft-float/libsoftdevice_controller_multirole.a(libsoftdevice_controller_s140_debug_soft__obfuscated.elf)
                0x000000000100ee10                sdc_init
 .text          0x000000000100eea4       0xd4 C:/Users/khair/ncs/v2.1.0/nrfxlib/softdevice_controller/lib/cortex-m33+nodsp/soft-float/libsoftdevice_controller_multirole.a(libsoftdevice_controller_s140_debug_soft__obfuscated.elf)
                0x000000000100eea4                sdc_cfg_set
 .text          0x000000000100ef78       0x50 C:/Users/khair/ncs/v2.1.0/nrfxlib/softdevice_controller/lib/cortex-m33+nodsp/soft-float/libsoftdevice_controller_multirole.a(libsoftdevice_controller_s140_debug_soft__obfuscated.elf)
                0x000000000100ef78                sdc_enable
 .text          0x000000000100efc8       0x24 C:/Users/khair/ncs/v2.1.0/nrfxlib/softdevice_controller/lib/cortex-m33+nodsp/soft-float/libsoftdevice_controller_multirole.a(libsoftdevice_controller_s140_debug_soft__obfuscated.elf)
                0x000000000100efc8                sdc_build_revision_get
 .text          0x000000000100efec       0x24 C:/Users/khair/ncs/v2.1.0/nrfxlib/softdevice_controller/lib/cortex-m33+nodsp/soft-float/libsoftdevice_controller_multirole.a(libsoftdevice_controller_s140_debug_soft__obfuscated.elf)
                0x000000000100efec                sdc_support_adv
 .text          0x000000000100f010       0x24 C:/Users/khair/ncs/v2.1.0/nrfxlib/softdevice_controller/lib/cortex-m33+nodsp/soft-float/libsoftdevice_controller_multirole.a(libsoftdevice_controller_s140_debug_soft__obfuscated.elf)
                0x000000000100f010                sdc_support_peripheral
 .text          0x000000000100f034       0x30 C:/Users/khair/ncs/v2.1.0/nrfxlib/softdevice_controller/lib/cortex-m33+nodsp/soft-float/libsoftdevice_controller_multirole.a(libsoftdevice_controller_s140_debug_soft__obfuscated.elf)
                0x000000000100f034                sdc_support_central
 .text          0x000000000100f064       0x24 C:/Users/khair/ncs/v2.1.0/nrfxlib/softdevice_controller/lib/cortex-m33+nodsp/soft-float/libsoftdevice_controller_multirole.a(libsoftdevice_controller_s140_debug_soft__obfuscated.elf)
                0x000000000100f064                sdc_support_dle_peripheral
 .text          0x000000000100f088       0x24 C:/Users/khair/ncs/v2.1.0/nrfxlib/softdevice_controller/lib/cortex-m33+nodsp/soft-float/libsoftdevice_controller_multirole.a(libsoftdevice_controller_s140_debug_soft__obfuscated.elf)
                0x000000000100f088                sdc_support_dle_central
 .text          0x000000000100f0ac       0x2c C:/Users/khair/ncs/v2.1.0/nrfxlib/softdevice_controller/lib/cortex-m33+nodsp/soft-float/libsoftdevice_controller_multirole.a(libsoftdevice_controller_s140_debug_soft__obfuscated.elf)
                0x000000000100f0ac                sdc_support_le_2m_phy
 .text          0x000000000100f0d8       0x2c C:/Users/khair/ncs/v2.1.0/nrfxlib/softdevice_controller/lib/cortex-m33+nodsp/soft-float/libsoftdevice_controller_multirole.a(libsoftdevice_controller_s140_debug_soft__obfuscated.elf)
                0x000000000100f0d8                sdc_support_le_coded_phy
 .text          0x000000000100f104       0x24 C:/Users/khair/ncs/v2.1.0/nrfxlib/softdevice_controller/lib/cortex-m33+nodsp/soft-float/libsoftdevice_controller_multirole.a(libsoftdevice_controller_s140_debug_soft__obfuscated.elf)
                0x000000000100f104                sdc_support_phy_update_central
 .text          0x000000000100f128       0x24 C:/Users/khair/ncs/v2.1.0/nrfxlib/softdevice_controller/lib/cortex-m33+nodsp/soft-float/libsoftdevice_controller_multirole.a(libsoftdevice_controller_s140_debug_soft__obfuscated.elf)
                0x000000000100f128                sdc_support_phy_update_peripheral
 .text          0x000000000100f14c       0x4c C:/Users/khair/ncs/v2.1.0/nrfxlib/softdevice_controller/lib/cortex-m33+nodsp/soft-float/libsoftdevice_controller_multirole.a(libsoftdevice_controller_s140_debug_soft__obfuscated.elf)
                0x000000000100f14c                sym_MEYOCD6AYGN6BYYH5M35H6GLLMHM6TYBBTCW2LI
 .text          0x000000000100f198       0x10 C:/Users/khair/ncs/v2.1.0/nrfxlib/softdevice_controller/lib/cortex-m33+nodsp/soft-float/libsoftdevice_controller_multirole.a(libsoftdevice_controller_s140_debug_soft__obfuscated.elf)
                0x000000000100f198                sdc_rand_source_register
 .text          0x000000000100f1a8       0x1c C:/Users/khair/ncs/v2.1.0/nrfxlib/softdevice_controller/lib/cortex-m33+nodsp/soft-float/libsoftdevice_controller_multirole.a(libsoftdevice_controller_s140_debug_soft__obfuscated.elf)
                0x000000000100f1a8                sym_RC3WH4TL55HJBAU6BTOKWYOXZCF7BBTLBHIRO6A
 .text          0x000000000100f1c4       0x1c C:/Users/khair/ncs/v2.1.0/nrfxlib/softdevice_controller/lib/cortex-m33+nodsp/soft-float/libsoftdevice_controller_multirole.a(libsoftdevice_controller_s140_debug_soft__obfuscated.elf)
                0x000000000100f1c4                sym_4BGPQMJJRBR2ET4K6M3CH3OLXQGTP2TS7FVXINA
 .text          0x000000000100f1e0       0x1c C:/Users/khair/ncs/v2.1.0/nrfxlib/softdevice_controller/lib/cortex-m33+nodsp/soft-float/libsoftdevice_controller_multirole.a(libsoftdevice_controller_s140_debug_soft__obfuscated.elf)
                0x000000000100f1e0                sym_CVMXQJYKHZVHIOMGOYEICPLVAIQNUBL6USVNZSA
 .text          0x000000000100f1fc       0x18 C:/Users/khair/ncs/v2.1.0/nrfxlib/softdevice_controller/lib/cortex-m33+nodsp/soft-float/libsoftdevice_controller_multirole.a(libsoftdevice_controller_s140_debug_soft__obfuscated.elf)
                0x000000000100f1fc                sym_EZ7BAEZZMYJFIJAONX254JF3WPGEXUT4NMP2WJQ
 .text          0x000000000100f214       0x30 C:/Users/khair/ncs/v2.1.0/nrfxlib/softdevice_controller/lib/cortex-m33+nodsp/soft-float/libsoftdevice_controller_multirole.a(libsoftdevice_controller_s140_debug_soft__obfuscated.elf)
 .text          0x000000000100f244        0xc C:/Users/khair/ncs/v2.1.0/nrfxlib/softdevice_controller/lib/cortex-m33+nodsp/soft-float/libsoftdevice_controller_multirole.a(libsoftdevice_controller_s140_debug_soft__obfuscated.elf)
                0x000000000100f244                sym_Q4MVB6BAYYKAN3YZ2SZEJW6V5OITCIHY2IOHXKY
 .text          0x000000000100f250       0x9c C:/Users/khair/ncs/v2.1.0/nrfxlib/softdevice_controller/lib/cortex-m33+nodsp/soft-float/libsoftdevice_controller_multirole.a(libsoftdevice_controller_s140_debug_soft__obfuscated.elf)
                0x000000000100f250                sym_DUIEI4YTK3TJQ2V3W7PLOGVTWVPNDBBG4WJWTAQ
 .text          0x000000000100f2ec       0x28 C:/Users/khair/ncs/v2.1.0/nrfxlib/softdevice_controller/lib/cortex-m33+nodsp/soft-float/libsoftdevice_controller_multirole.a(libsoftdevice_controller_s140_debug_soft__obfuscated.elf)
                0x000000000100f2ec                sym_TG7NSIC2UKHCUBZWZ4K4EMD5QRI2QVSKVKV6CFQ
 .text          0x000000000100f314       0x3c C:/Users/khair/ncs/v2.1.0/nrfxlib/softdevice_controller/lib/cortex-m33+nodsp/soft-float/libsoftdevice_controller_multirole.a(libsoftdevice_controller_s140_debug_soft__obfuscated.elf)
                0x000000000100f314                sym_Z7NJGBYWCKFTEHRYWAIDKWPEUN45273QSWUA5CY
 .text          0x000000000100f350       0x24 C:/Users/khair/ncs/v2.1.0/nrfxlib/softdevice_controller/lib/cortex-m33+nodsp/soft-float/libsoftdevice_controller_multirole.a(libsoftdevice_controller_s140_debug_soft__obfuscated.elf)
                0x000000000100f350                sym_TU2SMBIUC7JL6C3K2XB6727DQLBLV5LEGIMZAFQ
 .text          0x000000000100f374       0x10 C:/Users/khair/ncs/v2.1.0/nrfxlib/softdevice_controller/lib/cortex-m33+nodsp/soft-float/libsoftdevice_controller_multirole.a(libsoftdevice_controller_s140_debug_soft__obfuscated.elf)
                0x000000000100f374                sym_CIVMWIRGIOQ374UFFPIFNN4ZGKYK2FRKTT6YRYA
 .text          0x000000000100f384       0x10 C:/Users/khair/ncs/v2.1.0/nrfxlib/softdevice_controller/lib/cortex-m33+nodsp/soft-float/libsoftdevice_controller_multirole.a(libsoftdevice_controller_s140_debug_soft__obfuscated.elf)
                0x000000000100f384                sym_PPT6FEOF2T6DRALMCRRTUI7CHLEPBAN25HYV3KQ
 .text          0x000000000100f394       0x20 C:/Users/khair/ncs/v2.1.0/nrfxlib/softdevice_controller/lib/cortex-m33+nodsp/soft-float/libsoftdevice_controller_multirole.a(libsoftdevice_controller_s140_debug_soft__obfuscated.elf)
                0x000000000100f394                sym_CEENVC5DZRUT7MGF5LABXKT4NV7YUL5F6EX6TEQ
 .text          0x000000000100f3b4        0xc C:/Users/khair/ncs/v2.1.0/nrfxlib/softdevice_controller/lib/cortex-m33+nodsp/soft-float/libsoftdevice_controller_multirole.a(libsoftdevice_controller_s140_debug_soft__obfuscated.elf)
                0x000000000100f3b4                sym_G3KVRHCJDVHL7HV53526V3YI3DTK2IW2CADUWZQ
 .text          0x000000000100f3c0       0x24 C:/Users/khair/ncs/v2.1.0/nrfxlib/softdevice_controller/lib/cortex-m33+nodsp/soft-float/libsoftdevice_controller_multirole.a(libsoftdevice_controller_s140_debug_soft__obfuscated.elf)
                0x000000000100f3c0                sdc_hci_cmd_cb_reset
 .text          0x000000000100f3e4       0xa4 C:/Users/khair/ncs/v2.1.0/nrfxlib/softdevice_controller/lib/cortex-m33+nodsp/soft-float/libsoftdevice_controller_multirole.a(libsoftdevice_controller_s140_debug_soft__obfuscated.elf)
                0x000000000100f3e4                sdc_hci_cmd_vs_zephyr_read_static_addresses
 .text          0x000000000100f488       0xa4 C:/Users/khair/ncs/v2.1.0/nrfxlib/softdevice_controller/lib/cortex-m33+nodsp/soft-float/libsoftdevice_controller_multirole.a(libsoftdevice_controller_s140_debug_soft__obfuscated.elf)
                0x000000000100f488                sdc_hci_cmd_vs_zephyr_read_key_hierarchy_roots
 .text          0x000000000100f52c       0xa4 C:/Users/khair/ncs/v2.1.0/nrfxlib/softdevice_controller/lib/cortex-m33+nodsp/soft-float/libsoftdevice_controller_multirole.a(libsoftdevice_controller_s140_debug_soft__obfuscated.elf)
 .text          0x000000000100f5d0       0x2c C:/Users/khair/ncs/v2.1.0/nrfxlib/softdevice_controller/lib/cortex-m33+nodsp/soft-float/libsoftdevice_controller_multirole.a(libsoftdevice_controller_s140_debug_soft__obfuscated.elf)
 .text          0x000000000100f5fc       0x64 C:/Users/khair/ncs/v2.1.0/nrfxlib/softdevice_controller/lib/cortex-m33+nodsp/soft-float/libsoftdevice_controller_multirole.a(libsoftdevice_controller_s140_debug_soft__obfuscated.elf)
 .text          0x000000000100f660       0x5c C:/Users/khair/ncs/v2.1.0/nrfxlib/softdevice_controller/lib/cortex-m33+nodsp/soft-float/libsoftdevice_controller_multirole.a(libsoftdevice_controller_s140_debug_soft__obfuscated.elf)
 .text          0x000000000100f6bc       0x7c C:/Users/khair/ncs/v2.1.0/nrfxlib/softdevice_controller/lib/cortex-m33+nodsp/soft-float/libsoftdevice_controller_multirole.a(libsoftdevice_controller_s140_debug_soft__obfuscated.elf)
 .text          0x000000000100f738       0x98 C:/Users/khair/ncs/v2.1.0/nrfxlib/softdevice_controller/lib/cortex-m33+nodsp/soft-float/libsoftdevice_controller_multirole.a(libsoftdevice_controller_s140_debug_soft__obfuscated.elf)
 .text          0x000000000100f7d0       0x6c C:/Users/khair/ncs/v2.1.0/nrfxlib/softdevice_controller/lib/cortex-m33+nodsp/soft-float/libsoftdevice_controller_multirole.a(libsoftdevice_controller_s140_debug_soft__obfuscated.elf)
 .text          0x000000000100f83c       0xcc C:/Users/khair/ncs/v2.1.0/nrfxlib/softdevice_controller/lib/cortex-m33+nodsp/soft-float/libsoftdevice_controller_multirole.a(libsoftdevice_controller_s140_debug_soft__obfuscated.elf)
 .text          0x000000000100f908       0x44 C:/Users/khair/ncs/v2.1.0/nrfxlib/softdevice_controller/lib/cortex-m33+nodsp/soft-float/libsoftdevice_controller_multirole.a(libsoftdevice_controller_s140_debug_soft__obfuscated.elf)
 .text          0x000000000100f94c       0xf0 C:/Users/khair/ncs/v2.1.0/nrfxlib/softdevice_controller/lib/cortex-m33+nodsp/soft-float/libsoftdevice_controller_multirole.a(libsoftdevice_controller_s140_debug_soft__obfuscated.elf)
                0x000000000100f94c                sym_EQ53CEL7EDVHMFMHMFPRRQU46C5YKKFEBAACFOA
 .text          0x000000000100fa3c       0x2c C:/Users/khair/ncs/v2.1.0/nrfxlib/softdevice_controller/lib/cortex-m33+nodsp/soft-float/libsoftdevice_controller_multirole.a(libsoftdevice_controller_s140_debug_soft__obfuscated.elf)
                0x000000000100fa3c                sym_XHE47EZYHONCPR22HUAZULMCALDJINMYREOFDEI
 .text          0x000000000100fa68       0x9c C:/Users/khair/ncs/v2.1.0/nrfxlib/softdevice_controller/lib/cortex-m33+nodsp/soft-float/libsoftdevice_controller_multirole.a(libsoftdevice_controller_s140_debug_soft__obfuscated.elf)
                0x000000000100fa68                sym_4AWF7EXI3MMHUULTY73E756U3IY5DEXOZ265MZY
 .text          0x000000000100fb04       0x98 C:/Users/khair/ncs/v2.1.0/nrfxlib/softdevice_controller/lib/cortex-m33+nodsp/soft-float/libsoftdevice_controller_multirole.a(libsoftdevice_controller_s140_debug_soft__obfuscated.elf)
                0x000000000100fb04                sym_6I4XEOIW7LI2E3Z53L54ZHQQHYICXR4H4JQWXLA
 .text          0x000000000100fb9c       0x48 C:/Users/khair/ncs/v2.1.0/nrfxlib/softdevice_controller/lib/cortex-m33+nodsp/soft-float/libsoftdevice_controller_multirole.a(libsoftdevice_controller_s140_debug_soft__obfuscated.elf)
 .text          0x000000000100fbe4       0xb8 C:/Users/khair/ncs/v2.1.0/nrfxlib/softdevice_controller/lib/cortex-m33+nodsp/soft-float/libsoftdevice_controller_multirole.a(libsoftdevice_controller_s140_debug_soft__obfuscated.elf)
                0x000000000100fbe4                sym_6DYG6C6ROXZA67GZINNB2XIQHL3KE2RCKK4QFXA
 .text          0x000000000100fc9c      0x10c C:/Users/khair/ncs/v2.1.0/nrfxlib/softdevice_controller/lib/cortex-m33+nodsp/soft-float/libsoftdevice_controller_multirole.a(libsoftdevice_controller_s140_debug_soft__obfuscated.elf)
                0x000000000100fc9c                sym_24NU2MJKHN4R2Z7HXHMPDWTTDYSB32VL6HEQPZA
 .text          0x000000000100fda8       0x98 C:/Users/khair/ncs/v2.1.0/nrfxlib/softdevice_controller/lib/cortex-m33+nodsp/soft-float/libsoftdevice_controller_multirole.a(libsoftdevice_controller_s140_debug_soft__obfuscated.elf)
                0x000000000100fda8                sym_3QFBRH4ZSIA64QP2I3K547Y5WIALGQTCBP5Y5SQ
 .text          0x000000000100fe40       0x3c C:/Users/khair/ncs/v2.1.0/nrfxlib/softdevice_controller/lib/cortex-m33+nodsp/soft-float/libsoftdevice_controller_multirole.a(libsoftdevice_controller_s140_debug_soft__obfuscated.elf)
                0x000000000100fe40                sym_NOQRMQ5IH6SQFJEPI5A3UBMITO54HG4WO4DTTXA
 .text          0x000000000100fe7c       0x64 C:/Users/khair/ncs/v2.1.0/nrfxlib/softdevice_controller/lib/cortex-m33+nodsp/soft-float/libsoftdevice_controller_multirole.a(libsoftdevice_controller_s140_debug_soft__obfuscated.elf)
                0x000000000100fe7c                sym_YNBBHT54WKEGUNVC6TSBMRGLF67VFWBOYEMKGTQ
 .text          0x000000000100fee0       0x64 C:/Users/khair/ncs/v2.1.0/nrfxlib/softdevice_controller/lib/cortex-m33+nodsp/soft-float/libsoftdevice_controller_multirole.a(libsoftdevice_controller_s140_debug_soft__obfuscated.elf)
                0x000000000100fee0                sym_35ZAQW4ABRMBYES2ZHPK63BHZAFFFC4WMGEJ6NA
 .text          0x000000000100ff44      0x140 C:/Users/khair/ncs/v2.1.0/nrfxlib/softdevice_controller/lib/cortex-m33+nodsp/soft-float/libsoftdevice_controller_multirole.a(libsoftdevice_controller_s140_debug_soft__obfuscated.elf)
                0x000000000100ff44                sym_YL4RMM7WH2QQSRTLJX7L5Q2F5KYIEZ5IWMCN3UQ
 .text          0x0000000001010084      0x124 C:/Users/khair/ncs/v2.1.0/nrfxlib/softdevice_controller/lib/cortex-m33+nodsp/soft-float/libsoftdevice_controller_multirole.a(libsoftdevice_controller_s140_debug_soft__obfuscated.elf)
 .text          0x00000000010101a8       0x90 C:/Users/khair/ncs/v2.1.0/nrfxlib/softdevice_controller/lib/cortex-m33+nodsp/soft-float/libsoftdevice_controller_multirole.a(libsoftdevice_controller_s140_debug_soft__obfuscated.elf)
                0x00000000010101a8                sym_47U6MZ7GC5PU2CVEGYFSZO6JE3OMJD4DVLRAUZQ
 .text          0x0000000001010238       0x3c C:/Users/khair/ncs/v2.1.0/nrfxlib/softdevice_controller/lib/cortex-m33+nodsp/soft-float/libsoftdevice_controller_multirole.a(libsoftdevice_controller_s140_debug_soft__obfuscated.elf)
                0x0000000001010238                sym_LD2UWOJIHNEPQLGRHPDQLYGR7RM2YL5X5777QYQ
 .text          0x0000000001010274       0x6c C:/Users/khair/ncs/v2.1.0/nrfxlib/softdevice_controller/lib/cortex-m33+nodsp/soft-float/libsoftdevice_controller_multirole.a(libsoftdevice_controller_s140_debug_soft__obfuscated.elf)
                0x0000000001010274                sym_JKTUFSDBLEJK3JCIOVWBB4AVHFNXLCVLU47RLVA
 .text          0x00000000010102e0       0x28 C:/Users/khair/ncs/v2.1.0/nrfxlib/softdevice_controller/lib/cortex-m33+nodsp/soft-float/libsoftdevice_controller_multirole.a(libsoftdevice_controller_s140_debug_soft__obfuscated.elf)
                0x00000000010102e0                sym_2KMY2O5SI5PPAQCNJOFFAGVJQKWBRKEGNZW2ZHQ
 .text          0x0000000001010308       0x14 C:/Users/khair/ncs/v2.1.0/nrfxlib/softdevice_controller/lib/cortex-m33+nodsp/soft-float/libsoftdevice_controller_multirole.a(libsoftdevice_controller_s140_debug_soft__obfuscated.elf)
                0x0000000001010308                sym_GWOETDUP4AGSQI2MSVZQXBAMRLSGTNS7KFHSH6Q
 .text          0x000000000101031c       0x14 C:/Users/khair/ncs/v2.1.0/nrfxlib/softdevice_controller/lib/cortex-m33+nodsp/soft-float/libsoftdevice_controller_multirole.a(libsoftdevice_controller_s140_debug_soft__obfuscated.elf)
                0x000000000101031c                sym_T2QNNWUTM65WBDBLEARH7OL5MCXHDWSFLTDJXPA
 .text          0x0000000001010330       0x64 C:/Users/khair/ncs/v2.1.0/nrfxlib/softdevice_controller/lib/cortex-m33+nodsp/soft-float/libsoftdevice_controller_multirole.a(libsoftdevice_controller_s140_debug_soft__obfuscated.elf)
                0x0000000001010330                sym_V2ER27M3Z2LLE4VYOQCDQNPVPBUAHM6GAWBXY4Y
 .text          0x0000000001010394       0x28 C:/Users/khair/ncs/v2.1.0/nrfxlib/softdevice_controller/lib/cortex-m33+nodsp/soft-float/libsoftdevice_controller_multirole.a(libsoftdevice_controller_s140_debug_soft__obfuscated.elf)
                0x0000000001010394                sym_4BWYV6G4KVCKUYOBWE3RR7UUW2WCKQUGSW3GHWI
 .text          0x00000000010103bc       0x48 C:/Users/khair/ncs/v2.1.0/nrfxlib/softdevice_controller/lib/cortex-m33+nodsp/soft-float/libsoftdevice_controller_multirole.a(libsoftdevice_controller_s140_debug_soft__obfuscated.elf)
 .text          0x0000000001010404       0x30 C:/Users/khair/ncs/v2.1.0/nrfxlib/softdevice_controller/lib/cortex-m33+nodsp/soft-float/libsoftdevice_controller_multirole.a(libsoftdevice_controller_s140_debug_soft__obfuscated.elf)
 .text          0x0000000001010434       0x2c C:/Users/khair/ncs/v2.1.0/nrfxlib/softdevice_controller/lib/cortex-m33+nodsp/soft-float/libsoftdevice_controller_multirole.a(libsoftdevice_controller_s140_debug_soft__obfuscated.elf)
                0x0000000001010434                sym_E5WZNPP2DINHF6K4PHXLYLX5AXTYBQYGQESRSGQ
 .text          0x0000000001010460       0x1c C:/Users/khair/ncs/v2.1.0/nrfxlib/softdevice_controller/lib/cortex-m33+nodsp/soft-float/libsoftdevice_controller_multirole.a(libsoftdevice_controller_s140_debug_soft__obfuscated.elf)
                0x0000000001010460                sym_RZ4KEX57U2ASIFFSRQDHBCB7WVJNTOCZSYKJFSA
 .text          0x000000000101047c       0xc4 C:/Users/khair/ncs/v2.1.0/nrfxlib/softdevice_controller/lib/cortex-m33+nodsp/soft-float/libsoftdevice_controller_multirole.a(libsoftdevice_controller_s140_debug_soft__obfuscated.elf)
                0x000000000101047c                sym_2ZCOT6ZEUU54S36NE627GOZVLBS26AFIUJKNLBI
 .text          0x0000000001010540       0x4c C:/Users/khair/ncs/v2.1.0/nrfxlib/softdevice_controller/lib/cortex-m33+nodsp/soft-float/libsoftdevice_controller_multirole.a(libsoftdevice_controller_s140_debug_soft__obfuscated.elf)
                0x0000000001010540                sym_YRXVGCYVFXOSIQO43AC5UEELHEXP2A4UAFUQRPI
 .text          0x000000000101058c       0x10 C:/Users/khair/ncs/v2.1.0/nrfxlib/softdevice_controller/lib/cortex-m33+nodsp/soft-float/libsoftdevice_controller_multirole.a(libsoftdevice_controller_s140_debug_soft__obfuscated.elf)
                0x000000000101058c                sym_7YLXP6BHTAWWWMXLB5XOZU3Q27WEPTH5PONOKOI
 .text          0x000000000101059c        0xc C:/Users/khair/ncs/v2.1.0/nrfxlib/softdevice_controller/lib/cortex-m33+nodsp/soft-float/libsoftdevice_controller_multirole.a(libsoftdevice_controller_s140_debug_soft__obfuscated.elf)
                0x000000000101059c                sym_O2AFZAWKVBYRIBDK67CHKRSMY4WR2S6V2VOPETI
 .text          0x00000000010105a8       0x2c C:/Users/khair/ncs/v2.1.0/nrfxlib/softdevice_controller/lib/cortex-m33+nodsp/soft-float/libsoftdevice_controller_multirole.a(libsoftdevice_controller_s140_debug_soft__obfuscated.elf)
                0x00000000010105a8                sym_QFSP7NEBRUPCXI7KU3RYDOWD7SSPVNXVSULPYYY
 .text          0x00000000010105d4       0x18 C:/Users/khair/ncs/v2.1.0/nrfxlib/softdevice_controller/lib/cortex-m33+nodsp/soft-float/libsoftdevice_controller_multirole.a(libsoftdevice_controller_s140_debug_soft__obfuscated.elf)
                0x00000000010105d4                sym_QXKT3PVMDTZRAAU2QNTWO5VOUEZ4NW6TWISREXY
 .text          0x00000000010105ec       0x18 C:/Users/khair/ncs/v2.1.0/nrfxlib/softdevice_controller/lib/cortex-m33+nodsp/soft-float/libsoftdevice_controller_multirole.a(libsoftdevice_controller_s140_debug_soft__obfuscated.elf)
                0x00000000010105ec                sym_MJCF2WRL4I323V23HKVENOJWV5IXH54R5X6LJRY
 .text          0x0000000001010604       0x1c C:/Users/khair/ncs/v2.1.0/nrfxlib/softdevice_controller/lib/cortex-m33+nodsp/soft-float/libsoftdevice_controller_multirole.a(libsoftdevice_controller_s140_debug_soft__obfuscated.elf)
                0x0000000001010604                sym_REO6MG4FRJTNQQ56RDJDYGEWFEO5TFVYGRW6OLI
 .text          0x0000000001010620        0xc C:/Users/khair/ncs/v2.1.0/nrfxlib/softdevice_controller/lib/cortex-m33+nodsp/soft-float/libsoftdevice_controller_multirole.a(libsoftdevice_controller_s140_debug_soft__obfuscated.elf)
                0x0000000001010620                sym_NKFCLZ5HTE6KVHDV5DGZ6TJP4KSZI43SYBECPRY
 .text          0x000000000101062c       0x30 C:/Users/khair/ncs/v2.1.0/nrfxlib/softdevice_controller/lib/cortex-m33+nodsp/soft-float/libsoftdevice_controller_multirole.a(libsoftdevice_controller_s140_debug_soft__obfuscated.elf)
                0x000000000101062c                sym_65LA7GM3MU7DDFQKTB75BYTZMPMROSWKS3VXCNI
 .text          0x000000000101065c       0x20 C:/Users/khair/ncs/v2.1.0/nrfxlib/softdevice_controller/lib/cortex-m33+nodsp/soft-float/libsoftdevice_controller_multirole.a(libsoftdevice_controller_s140_debug_soft__obfuscated.elf)
                0x000000000101065c                sym_AGWGY6I3YKHHV6TMAWL24HN4IKGOB7PZYXPWBRA
 .text          0x000000000101067c        0xc C:/Users/khair/ncs/v2.1.0/nrfxlib/softdevice_controller/lib/cortex-m33+nodsp/soft-float/libsoftdevice_controller_multirole.a(libsoftdevice_controller_s140_debug_soft__obfuscated.elf)
                0x000000000101067c                sym_IXGTNRGKILIZPWG2NJIZ2ALUPW2IM3XFVCGJW2I
 .text          0x0000000001010688       0x24 C:/Users/khair/ncs/v2.1.0/nrfxlib/softdevice_controller/lib/cortex-m33+nodsp/soft-float/libsoftdevice_controller_multirole.a(libsoftdevice_controller_s140_debug_soft__obfuscated.elf)
                0x0000000001010688                sym_JHXS4T25BAYOMDDZMWPX3HMPENRV73GSV2RYHAI
 .text          0x00000000010106ac       0x2c C:/Users/khair/ncs/v2.1.0/nrfxlib/softdevice_controller/lib/cortex-m33+nodsp/soft-float/libsoftdevice_controller_multirole.a(libsoftdevice_controller_s140_debug_soft__obfuscated.elf)
                0x00000000010106ac                sym_54CHYGRI3UHSVLN5ZOGJESXNRISJW5CS4IYBN7Y
 .text          0x00000000010106d8       0x20 C:/Users/khair/ncs/v2.1.0/nrfxlib/softdevice_controller/lib/cortex-m33+nodsp/soft-float/libsoftdevice_controller_multirole.a(libsoftdevice_controller_s140_debug_soft__obfuscated.elf)
                0x00000000010106d8                sym_V7MOOXL5SOLISKFFGWJC7M3XDITU574WBQOXGWY
 .text          0x00000000010106f8        0x4 C:/Users/khair/ncs/v2.1.0/nrfxlib/softdevice_controller/lib/cortex-m33+nodsp/soft-float/libsoftdevice_controller_multirole.a(libsoftdevice_controller_s140_debug_soft__obfuscated.elf)
                0x00000000010106f8                sym_BGPX36PUCNVPV3544HQ5RQFY5WG7CJAFVVBI7AY
 .text          0x00000000010106fc       0x30 C:/Users/khair/ncs/v2.1.0/nrfxlib/softdevice_controller/lib/cortex-m33+nodsp/soft-float/libsoftdevice_controller_multirole.a(libsoftdevice_controller_s140_debug_soft__obfuscated.elf)
                0x00000000010106fc                sym_QKSVBALUN2V4XT4OCC56LE75IAYLDFRRIVLBZ2Q
 .text          0x000000000101072c       0x38 C:/Users/khair/ncs/v2.1.0/nrfxlib/softdevice_controller/lib/cortex-m33+nodsp/soft-float/libsoftdevice_controller_multirole.a(libsoftdevice_controller_s140_debug_soft__obfuscated.elf)
                0x000000000101072c                sym_WCOWXKSKBH7DOKKKINFZAPWXKW4NYAUCJWTUKBI
 .text          0x0000000001010764       0x54 C:/Users/khair/ncs/v2.1.0/nrfxlib/softdevice_controller/lib/cortex-m33+nodsp/soft-float/libsoftdevice_controller_multirole.a(libsoftdevice_controller_s140_debug_soft__obfuscated.elf)
                0x0000000001010764                sym_4ZZLWI6QQY4KJYYVP4RVDTJJJ6MW72AL2TJDVOI
 .text          0x00000000010107b8       0x1c C:/Users/khair/ncs/v2.1.0/nrfxlib/softdevice_controller/lib/cortex-m33+nodsp/soft-float/libsoftdevice_controller_multirole.a(libsoftdevice_controller_s140_debug_soft__obfuscated.elf)
                0x00000000010107b8                sym_AO3U45UEGFLUPMT565ZR5UWUQUONF5AKILLCT3A
 .text          0x00000000010107d4       0x68 C:/Users/khair/ncs/v2.1.0/nrfxlib/softdevice_controller/lib/cortex-m33+nodsp/soft-float/libsoftdevice_controller_multirole.a(libsoftdevice_controller_s140_debug_soft__obfuscated.elf)
                0x00000000010107d4                sym_SKMZWIM7P4M3RGOEIN3DTVMYPDZXQTMHZI7K3AQ
 .text          0x000000000101083c       0x6c C:/Users/khair/ncs/v2.1.0/nrfxlib/softdevice_controller/lib/cortex-m33+nodsp/soft-float/libsoftdevice_controller_multirole.a(libsoftdevice_controller_s140_debug_soft__obfuscated.elf)
                0x000000000101083c                sym_BLMJ5IIKWMCUMGRAJC47JTAD5DUGOY4TIBII5HY
 .text          0x00000000010108a8       0x28 C:/Users/khair/ncs/v2.1.0/nrfxlib/softdevice_controller/lib/cortex-m33+nodsp/soft-float/libsoftdevice_controller_multirole.a(libsoftdevice_controller_s140_debug_soft__obfuscated.elf)
                0x00000000010108a8                sym_FEGTISSRZOTQRK4SD4MRDIWBV3TTZYGCCKXTY4Y
 .text          0x00000000010108d0       0x7c C:/Users/khair/ncs/v2.1.0/nrfxlib/softdevice_controller/lib/cortex-m33+nodsp/soft-float/libsoftdevice_controller_multirole.a(libsoftdevice_controller_s140_debug_soft__obfuscated.elf)
 .text          0x000000000101094c      0x204 C:/Users/khair/ncs/v2.1.0/nrfxlib/softdevice_controller/lib/cortex-m33+nodsp/soft-float/libsoftdevice_controller_multirole.a(libsoftdevice_controller_s140_debug_soft__obfuscated.elf)
 .text          0x0000000001010b50       0x64 C:/Users/khair/ncs/v2.1.0/nrfxlib/softdevice_controller/lib/cortex-m33+nodsp/soft-float/libsoftdevice_controller_multirole.a(libsoftdevice_controller_s140_debug_soft__obfuscated.elf)
 .text          0x0000000001010bb4       0x14 C:/Users/khair/ncs/v2.1.0/nrfxlib/softdevice_controller/lib/cortex-m33+nodsp/soft-float/libsoftdevice_controller_multirole.a(libsoftdevice_controller_s140_debug_soft__obfuscated.elf)
 .text          0x0000000001010bc8       0x48 C:/Users/khair/ncs/v2.1.0/nrfxlib/softdevice_controller/lib/cortex-m33+nodsp/soft-float/libsoftdevice_controller_multirole.a(libsoftdevice_controller_s140_debug_soft__obfuscated.elf)
 .text          0x0000000001010c10       0x64 C:/Users/khair/ncs/v2.1.0/nrfxlib/softdevice_controller/lib/cortex-m33+nodsp/soft-float/libsoftdevice_controller_multirole.a(libsoftdevice_controller_s140_debug_soft__obfuscated.elf)
 .text          0x0000000001010c74       0x30 C:/Users/khair/ncs/v2.1.0/nrfxlib/softdevice_controller/lib/cortex-m33+nodsp/soft-float/libsoftdevice_controller_multirole.a(libsoftdevice_controller_s140_debug_soft__obfuscated.elf)
 .text          0x0000000001010ca4       0xe8 C:/Users/khair/ncs/v2.1.0/nrfxlib/softdevice_controller/lib/cortex-m33+nodsp/soft-float/libsoftdevice_controller_multirole.a(libsoftdevice_controller_s140_debug_soft__obfuscated.elf)
 .text          0x0000000001010d8c      0x120 C:/Users/khair/ncs/v2.1.0/nrfxlib/softdevice_controller/lib/cortex-m33+nodsp/soft-float/libsoftdevice_controller_multirole.a(libsoftdevice_controller_s140_debug_soft__obfuscated.elf)
 .text          0x0000000001010eac       0x30 C:/Users/khair/ncs/v2.1.0/nrfxlib/softdevice_controller/lib/cortex-m33+nodsp/soft-float/libsoftdevice_controller_multirole.a(libsoftdevice_controller_s140_debug_soft__obfuscated.elf)
                0x0000000001010eac                sym_ULQ236TSMK6UJATLJCXSX5JBKSVB4ZM2NNU74PA
 .text          0x0000000001010edc       0x1c C:/Users/khair/ncs/v2.1.0/nrfxlib/softdevice_controller/lib/cortex-m33+nodsp/soft-float/libsoftdevice_controller_multirole.a(libsoftdevice_controller_s140_debug_soft__obfuscated.elf)
                0x0000000001010edc                sym_CZFK26FRDZ53FUV75DOIMFWVD4RTHYB6I22U4LA
 .text          0x0000000001010ef8        0xc C:/Users/khair/ncs/v2.1.0/nrfxlib/softdevice_controller/lib/cortex-m33+nodsp/soft-float/libsoftdevice_controller_multirole.a(libsoftdevice_controller_s140_debug_soft__obfuscated.elf)
                0x0000000001010ef8                sym_4OWM6DBJ6JLAWH2MVU52MKC56VOOJLN34T33LQA
 .text          0x0000000001010f04      0x400 C:/Users/khair/ncs/v2.1.0/nrfxlib/softdevice_controller/lib/cortex-m33+nodsp/soft-float/libsoftdevice_controller_multirole.a(libsoftdevice_controller_s140_debug_soft__obfuscated.elf)
                0x0000000001010f04                sym_SQINY6V2VHFAHM5HL3H753H3QE3VQ7FWHCIJ57Q
 .text          0x0000000001011304       0x64 C:/Users/khair/ncs/v2.1.0/nrfxlib/softdevice_controller/lib/cortex-m33+nodsp/soft-float/libsoftdevice_controller_multirole.a(libsoftdevice_controller_s140_debug_soft__obfuscated.elf)
                0x0000000001011304                sym_WCN6C6ROB2XGQKTGXN5OMY5TLRX5IYOWNO7A6PQ
 .text          0x0000000001011368        0x4 C:/Users/khair/ncs/v2.1.0/nrfxlib/softdevice_controller/lib/cortex-m33+nodsp/soft-float/libsoftdevice_controller_multirole.a(libsoftdevice_controller_s140_debug_soft__obfuscated.elf)
                0x0000000001011368                sym_DQHYQ3HZODNGY32MUV2QBXEWNH7ASP5VOSVL45Q
 .text          0x000000000101136c       0x28 C:/Users/khair/ncs/v2.1.0/nrfxlib/softdevice_controller/lib/cortex-m33+nodsp/soft-float/libsoftdevice_controller_multirole.a(libsoftdevice_controller_s140_debug_soft__obfuscated.elf)
                0x000000000101136c                sym_TMJZXA73A2C5DMM5JAVJMETINB7KCHBEWVPWZQI
 .text          0x0000000001011394        0xc C:/Users/khair/ncs/v2.1.0/nrfxlib/softdevice_controller/lib/cortex-m33+nodsp/soft-float/libsoftdevice_controller_multirole.a(libsoftdevice_controller_s140_debug_soft__obfuscated.elf)
                0x0000000001011394                sym_4UMPVHCMNEM5ENBBHCLGXZREGEKKHKHZOKNMH2I
 .text          0x00000000010113a0        0xc C:/Users/khair/ncs/v2.1.0/nrfxlib/softdevice_controller/lib/cortex-m33+nodsp/soft-float/libsoftdevice_controller_multirole.a(libsoftdevice_controller_s140_debug_soft__obfuscated.elf)
                0x00000000010113a0                sym_Q3RLGT2MQM6S4H2ODVJHPDU44HGSYVXJV7676ZY
 .text          0x00000000010113ac       0x10 C:/Users/khair/ncs/v2.1.0/nrfxlib/softdevice_controller/lib/cortex-m33+nodsp/soft-float/libsoftdevice_controller_multirole.a(libsoftdevice_controller_s140_debug_soft__obfuscated.elf)
                0x00000000010113ac                sym_ZWLSMB33C6NPFOBZGVPV4PN4UKQGSPLLR4WLDFI
 .text          0x00000000010113bc        0xc C:/Users/khair/ncs/v2.1.0/nrfxlib/softdevice_controller/lib/cortex-m33+nodsp/soft-float/libsoftdevice_controller_multirole.a(libsoftdevice_controller_s140_debug_soft__obfuscated.elf)
                0x00000000010113bc                sym_IHWHOAENEU2EYZP2UWQTUC6SSXGS5NNQSIFSEAQ
 .text          0x00000000010113c8      0x108 C:/Users/khair/ncs/v2.1.0/nrfxlib/softdevice_controller/lib/cortex-m33+nodsp/soft-float/libsoftdevice_controller_multirole.a(libsoftdevice_controller_s140_debug_soft__obfuscated.elf)
                0x00000000010113c8                sym_P6ESEOOF3E3ZRYNBCJWJZXMT4EPJJMHF472YBMQ
 .text          0x00000000010114d0      0x3c0 C:/Users/khair/ncs/v2.1.0/nrfxlib/softdevice_controller/lib/cortex-m33+nodsp/soft-float/libsoftdevice_controller_multirole.a(libsoftdevice_controller_s140_debug_soft__obfuscated.elf)
 .text          0x0000000001011890      0x120 C:/Users/khair/ncs/v2.1.0/nrfxlib/softdevice_controller/lib/cortex-m33+nodsp/soft-float/libsoftdevice_controller_multirole.a(libsoftdevice_controller_s140_debug_soft__obfuscated.elf)
 .text          0x00000000010119b0       0x18 C:/Users/khair/ncs/v2.1.0/nrfxlib/softdevice_controller/lib/cortex-m33+nodsp/soft-float/libsoftdevice_controller_multirole.a(libsoftdevice_controller_s140_debug_soft__obfuscated.elf)
                0x00000000010119b0                sym_BAUTABQSJLBAZ6GNH7KOF4MJMAA6NF7CDAZNOEQ
 .text          0x00000000010119c8       0x34 C:/Users/khair/ncs/v2.1.0/nrfxlib/softdevice_controller/lib/cortex-m33+nodsp/soft-float/libsoftdevice_controller_multirole.a(libsoftdevice_controller_s140_debug_soft__obfuscated.elf)
                0x00000000010119c8                sym_62DUXM4M5AM4URNPP7IKDX3NCPAODBT4BMADGAY
 .text          0x00000000010119fc      0x110 C:/Users/khair/ncs/v2.1.0/nrfxlib/softdevice_controller/lib/cortex-m33+nodsp/soft-float/libsoftdevice_controller_multirole.a(libsoftdevice_controller_s140_debug_soft__obfuscated.elf)
                0x00000000010119fc                sym_GHVM34OXBYILMDKR3F5DVNCQCBMJUJL5PW2RQYQ
 .text          0x0000000001011b0c       0xb4 C:/Users/khair/ncs/v2.1.0/nrfxlib/softdevice_controller/lib/cortex-m33+nodsp/soft-float/libsoftdevice_controller_multirole.a(libsoftdevice_controller_s140_debug_soft__obfuscated.elf)
                0x0000000001011b0c                sym_JAE5CJ34QIQM34DAKQFWDERFAUN5NXFJM57HRLY
 .text          0x0000000001011bc0        0xc C:/Users/khair/ncs/v2.1.0/nrfxlib/softdevice_controller/lib/cortex-m33+nodsp/soft-float/libsoftdevice_controller_multirole.a(libsoftdevice_controller_s140_debug_soft__obfuscated.elf)
                0x0000000001011bc0                sym_JQOBED6Y6P46KNYF2UD53QPDVNRPPOKMQL6EEBY
 .text          0x0000000001011bcc        0xc C:/Users/khair/ncs/v2.1.0/nrfxlib/softdevice_controller/lib/cortex-m33+nodsp/soft-float/libsoftdevice_controller_multirole.a(libsoftdevice_controller_s140_debug_soft__obfuscated.elf)
                0x0000000001011bcc                sym_WPF5GN3T7F3CCL7OKOL6G2LW47JA44MC6XIU4NQ
 .text          0x0000000001011bd8      0x180 C:/Users/khair/ncs/v2.1.0/nrfxlib/softdevice_controller/lib/cortex-m33+nodsp/soft-float/libsoftdevice_controller_multirole.a(libsoftdevice_controller_s140_debug_soft__obfuscated.elf)
                0x0000000001011bd8                sym_KO3VCNGABVWM4325342CFFPZBSXFKFARUCMURAY
 .text          0x0000000001011d58      0x154 C:/Users/khair/ncs/v2.1.0/nrfxlib/softdevice_controller/lib/cortex-m33+nodsp/soft-float/libsoftdevice_controller_multirole.a(libsoftdevice_controller_s140_debug_soft__obfuscated.elf)
                0x0000000001011d58                sym_AH5PFWTC7OGNFGHZO3OGQJX75M4BUE2VWXVZZ5A
 .text          0x0000000001011eac      0x1b4 C:/Users/khair/ncs/v2.1.0/nrfxlib/softdevice_controller/lib/cortex-m33+nodsp/soft-float/libsoftdevice_controller_multirole.a(libsoftdevice_controller_s140_debug_soft__obfuscated.elf)
                0x0000000001011eac                sym_Z3745JZ5MC4MMBP2LFCOSP7OKPPVFDOPIURJWVQ
 .text          0x0000000001012060      0x1e4 C:/Users/khair/ncs/v2.1.0/nrfxlib/softdevice_controller/lib/cortex-m33+nodsp/soft-float/libsoftdevice_controller_multirole.a(libsoftdevice_controller_s140_debug_soft__obfuscated.elf)
                0x0000000001012060                sym_G6YVAU2J75AOT237PVQAC5AEQMWPZ6OKE6ASZAI
 .text          0x0000000001012244      0x1fc C:/Users/khair/ncs/v2.1.0/nrfxlib/softdevice_controller/lib/cortex-m33+nodsp/soft-float/libsoftdevice_controller_multirole.a(libsoftdevice_controller_s140_debug_soft__obfuscated.elf)
                0x0000000001012244                sym_FLX2PIIVHO3CLB5CJ7E7YSNFE2YWATNH27BL53A
 .text          0x0000000001012440        0xc C:/Users/khair/ncs/v2.1.0/nrfxlib/softdevice_controller/lib/cortex-m33+nodsp/soft-float/libsoftdevice_controller_multirole.a(libsoftdevice_controller_s140_debug_soft__obfuscated.elf)
                0x0000000001012440                sym_R5RFYNEZN3LQHKUKJDN3JLSNHLY4DPKXW3KZMYA
 .text          0x000000000101244c        0xc C:/Users/khair/ncs/v2.1.0/nrfxlib/softdevice_controller/lib/cortex-m33+nodsp/soft-float/libsoftdevice_controller_multirole.a(libsoftdevice_controller_s140_debug_soft__obfuscated.elf)
                0x000000000101244c                sym_WHSZ4VQHSDNZTVWJWAYGMNU7AWSUZKLKTBUNDPY
 .text          0x0000000001012458       0x20 C:/Users/khair/ncs/v2.1.0/nrfxlib/softdevice_controller/lib/cortex-m33+nodsp/soft-float/libsoftdevice_controller_multirole.a(libsoftdevice_controller_s140_debug_soft__obfuscated.elf)
                0x0000000001012458                sym_62B4NCI2CQZLPPINCQVCHO6SYLZVDAWVVCHWS3I
 .text          0x0000000001012478        0xc C:/Users/khair/ncs/v2.1.0/nrfxlib/softdevice_controller/lib/cortex-m33+nodsp/soft-float/libsoftdevice_controller_multirole.a(libsoftdevice_controller_s140_debug_soft__obfuscated.elf)
                0x0000000001012478                sym_RHRHCWPUPZHCOID576WBS7QZ2KAUT2GASS2T3QY
 .text          0x0000000001012484      0x118 C:/Users/khair/ncs/v2.1.0/nrfxlib/softdevice_controller/lib/cortex-m33+nodsp/soft-float/libsoftdevice_controller_multirole.a(libsoftdevice_controller_s140_debug_soft__obfuscated.elf)
                0x0000000001012484                sym_QW6JOH7RCJIC2YFNJEURX5QNB5EIQT646EHIWEA
 .text          0x000000000101259c       0x18 C:/Users/khair/ncs/v2.1.0/nrfxlib/softdevice_controller/lib/cortex-m33+nodsp/soft-float/libsoftdevice_controller_multirole.a(libsoftdevice_controller_s140_debug_soft__obfuscated.elf)
                0x000000000101259c                sym_F2LWAH27IT4H2IA7TZWGNABUCWINGT6MWXH2WIA
 .text          0x00000000010125b4       0x18 C:/Users/khair/ncs/v2.1.0/nrfxlib/softdevice_controller/lib/cortex-m33+nodsp/soft-float/libsoftdevice_controller_multirole.a(libsoftdevice_controller_s140_debug_soft__obfuscated.elf)
                0x00000000010125b4                sym_PLOW4TMGVQT52FP2ERNRL6S5EELE2YO563WRPJA
 .text          0x00000000010125cc       0x3c C:/Users/khair/ncs/v2.1.0/nrfxlib/softdevice_controller/lib/cortex-m33+nodsp/soft-float/libsoftdevice_controller_multirole.a(libsoftdevice_controller_s140_debug_soft__obfuscated.elf)
                0x00000000010125cc                sym_YAOI5BW7G2C6EUUY2B4S7A3CWX63A6MP2T3O5KA
 .text          0x0000000001012608       0x3c C:/Users/khair/ncs/v2.1.0/nrfxlib/softdevice_controller/lib/cortex-m33+nodsp/soft-float/libsoftdevice_controller_multirole.a(libsoftdevice_controller_s140_debug_soft__obfuscated.elf)
                0x0000000001012608                sym_CMDXCVZHYNPLMTHXOO2UL3QOD6EXLAZP5GS7LRI
 .text          0x0000000001012644       0x14 C:/Users/khair/ncs/v2.1.0/nrfxlib/softdevice_controller/lib/cortex-m33+nodsp/soft-float/libsoftdevice_controller_multirole.a(libsoftdevice_controller_s140_debug_soft__obfuscated.elf)
                0x0000000001012644                sym_GKUVQYGVTZ7DKWBNC3M5TXN4XZ4Q6TUJFSFOWBA
 .text          0x0000000001012658        0x4 C:/Users/khair/ncs/v2.1.0/nrfxlib/softdevice_controller/lib/cortex-m33+nodsp/soft-float/libsoftdevice_controller_multirole.a(libsoftdevice_controller_s140_debug_soft__obfuscated.elf)
                0x0000000001012658                sym_L5NT4KXGEDXZTIBIF6PJMXWXQJC7UYUXJYCCW3Y
 .text          0x000000000101265c       0x24 C:/Users/khair/ncs/v2.1.0/nrfxlib/softdevice_controller/lib/cortex-m33+nodsp/soft-float/libsoftdevice_controller_multirole.a(libsoftdevice_controller_s140_debug_soft__obfuscated.elf)
                0x000000000101265c                sym_IJTA37LCLZMYZVQ3I74HRUK4JDZEZR23VU3JFJI
 .text          0x0000000001012680      0x10c C:/Users/khair/ncs/v2.1.0/nrfxlib/softdevice_controller/lib/cortex-m33+nodsp/soft-float/libsoftdevice_controller_multirole.a(libsoftdevice_controller_s140_debug_soft__obfuscated.elf)
                0x0000000001012680                sym_NCQ5WTBCV7DGPK3QI3SSY5XGKOI2SE3XFCTKQKY
 .text          0x000000000101278c       0x5c C:/Users/khair/ncs/v2.1.0/nrfxlib/softdevice_controller/lib/cortex-m33+nodsp/soft-float/libsoftdevice_controller_multirole.a(libsoftdevice_controller_s140_debug_soft__obfuscated.elf)
                0x000000000101278c                sym_ZTNYVYBM2UM3CH2NF2DF4CYN3OTLVACDURSUDOQ
 .text          0x00000000010127e8       0x24 C:/Users/khair/ncs/v2.1.0/nrfxlib/softdevice_controller/lib/cortex-m33+nodsp/soft-float/libsoftdevice_controller_multirole.a(libsoftdevice_controller_s140_debug_soft__obfuscated.elf)
                0x00000000010127e8                sym_NILI2ETYIVMR32XQ6WFMUWXYMXNONBSH2DACBCQ
 .text          0x000000000101280c       0x24 C:/Users/khair/ncs/v2.1.0/nrfxlib/softdevice_controller/lib/cortex-m33+nodsp/soft-float/libsoftdevice_controller_multirole.a(libsoftdevice_controller_s140_debug_soft__obfuscated.elf)
                0x000000000101280c                sym_2X6ZBBHQKFJV27I6OQZLD4IRAL5JANEGA5N34WA
 .text          0x0000000001012830       0x4c C:/Users/khair/ncs/v2.1.0/nrfxlib/softdevice_controller/lib/cortex-m33+nodsp/soft-float/libsoftdevice_controller_multirole.a(libsoftdevice_controller_s140_debug_soft__obfuscated.elf)
                0x0000000001012830                sym_EV54ITVX6ZJNRIULZTHEWNSCWW5GNYKPCEWELSY
 .text          0x000000000101287c        0x8 C:/Users/khair/ncs/v2.1.0/nrfxlib/softdevice_controller/lib/cortex-m33+nodsp/soft-float/libsoftdevice_controller_multirole.a(libsoftdevice_controller_s140_debug_soft__obfuscated.elf)
                0x000000000101287c                sym_3Q2UQ65DVTXA3EZPN34QXGGEFSEA6HOSHLFXCMI
 .text          0x0000000001012884       0x28 C:/Users/khair/ncs/v2.1.0/nrfxlib/softdevice_controller/lib/cortex-m33+nodsp/soft-float/libsoftdevice_controller_multirole.a(libsoftdevice_controller_s140_debug_soft__obfuscated.elf)
                0x0000000001012884                sym_DHR6XELGSD2MHYS7JWGEPSKXD43VLKKJDN33HMA
 .text          0x00000000010128ac       0x1c C:/Users/khair/ncs/v2.1.0/nrfxlib/softdevice_controller/lib/cortex-m33+nodsp/soft-float/libsoftdevice_controller_multirole.a(libsoftdevice_controller_s140_debug_soft__obfuscated.elf)
                0x00000000010128ac                sym_GV7ZEDU63KACGR6K3NXW7W7XARTADNTCQ3P2HLA
 .text          0x00000000010128c8       0x20 C:/Users/khair/ncs/v2.1.0/nrfxlib/softdevice_controller/lib/cortex-m33+nodsp/soft-float/libsoftdevice_controller_multirole.a(libsoftdevice_controller_s140_debug_soft__obfuscated.elf)
                0x00000000010128c8                sym_QEQGMTIGG3AOZQY7JM4T2FY2O3KM2UFUMT6Q7PI
 .text          0x00000000010128e8      0x14c C:/Users/khair/ncs/v2.1.0/nrfxlib/softdevice_controller/lib/cortex-m33+nodsp/soft-float/libsoftdevice_controller_multirole.a(libsoftdevice_controller_s140_debug_soft__obfuscated.elf)
                0x00000000010128e8                sym_3DXBFDJKO3IQEXOOHBMVXVTLDDG5FSS3TKAZNFY
 .text          0x0000000001012a34       0x18 C:/Users/khair/ncs/v2.1.0/nrfxlib/softdevice_controller/lib/cortex-m33+nodsp/soft-float/libsoftdevice_controller_multirole.a(libsoftdevice_controller_s140_debug_soft__obfuscated.elf)
                0x0000000001012a34                sym_3LQGLF52CJLOKQOJSNFVLTD3CW6GGPJMARVGQNQ
 .text          0x0000000001012a4c       0x34 C:/Users/khair/ncs/v2.1.0/nrfxlib/softdevice_controller/lib/cortex-m33+nodsp/soft-float/libsoftdevice_controller_multirole.a(libsoftdevice_controller_s140_debug_soft__obfuscated.elf)
                0x0000000001012a4c                sym_UHWWEFDYCEMO6BV2Q3GVLMFC37EIDJEWGQC2XUA
 .text          0x0000000001012a80      0x160 C:/Users/khair/ncs/v2.1.0/nrfxlib/softdevice_controller/lib/cortex-m33+nodsp/soft-float/libsoftdevice_controller_multirole.a(libsoftdevice_controller_s140_debug_soft__obfuscated.elf)
                0x0000000001012a80                sym_4NT3PFFI5Z6RN57T2HW54HJZ23JEQUTUQPJLJGI
 .text          0x0000000001012be0      0x15c C:/Users/khair/ncs/v2.1.0/nrfxlib/softdevice_controller/lib/cortex-m33+nodsp/soft-float/libsoftdevice_controller_multirole.a(libsoftdevice_controller_s140_debug_soft__obfuscated.elf)
                0x0000000001012be0                sym_I6CP23ODGJWRR4E4LKGCN5RJCVBTXYTDYCCXNSQ
 .text          0x0000000001012d3c       0x2c C:/Users/khair/ncs/v2.1.0/nrfxlib/softdevice_controller/lib/cortex-m33+nodsp/soft-float/libsoftdevice_controller_multirole.a(libsoftdevice_controller_s140_debug_soft__obfuscated.elf)
                0x0000000001012d3c                sym_J5GU2YSZI45UA3YHIJMMX6SWAYPKQ5HXJLXKPXY
 .text          0x0000000001012d68       0xd8 C:/Users/khair/ncs/v2.1.0/nrfxlib/softdevice_controller/lib/cortex-m33+nodsp/soft-float/libsoftdevice_controller_multirole.a(libsoftdevice_controller_s140_debug_soft__obfuscated.elf)
                0x0000000001012d68                sym_35JWAFJL2IEYRDNORVIQ7BBAS7FQNUVOFCLQNSQ
 .text          0x0000000001012e40       0x20 C:/Users/khair/ncs/v2.1.0/nrfxlib/softdevice_controller/lib/cortex-m33+nodsp/soft-float/libsoftdevice_controller_multirole.a(libsoftdevice_controller_s140_debug_soft__obfuscated.elf)
                0x0000000001012e40                sym_C5MZWIO7BXLJIO65K7CGSHP3SLST2VORSHVBOVI
 .text          0x0000000001012e60      0x144 C:/Users/khair/ncs/v2.1.0/nrfxlib/softdevice_controller/lib/cortex-m33+nodsp/soft-float/libsoftdevice_controller_multirole.a(libsoftdevice_controller_s140_debug_soft__obfuscated.elf)
                0x0000000001012e60                sym_L64WJ6W52HQBFQCTPO5LHELOWQEJNMIWLQKG6JY
 .text          0x0000000001012fa4       0x74 C:/Users/khair/ncs/v2.1.0/nrfxlib/softdevice_controller/lib/cortex-m33+nodsp/soft-float/libsoftdevice_controller_multirole.a(libsoftdevice_controller_s140_debug_soft__obfuscated.elf)
                0x0000000001012fa4                sym_ATHPLOWBGAIKG7V5SSPNEEN27AC3OGL2HEWE4II
 .text          0x0000000001013018       0x20 C:/Users/khair/ncs/v2.1.0/nrfxlib/softdevice_controller/lib/cortex-m33+nodsp/soft-float/libsoftdevice_controller_multirole.a(libsoftdevice_controller_s140_debug_soft__obfuscated.elf)
                0x0000000001013018                sym_J22YCCWNUNOSXHAJQUUQAO7YZP2SNXLIWISZVHI
 .text          0x0000000001013038      0x114 C:/Users/khair/ncs/v2.1.0/nrfxlib/softdevice_controller/lib/cortex-m33+nodsp/soft-float/libsoftdevice_controller_multirole.a(libsoftdevice_controller_s140_debug_soft__obfuscated.elf)
                0x0000000001013038                sym_76SF2THVWBBVUHDFLIXMTXOYE2LFAIMVFAFT26I