Archive member included to satisfy reference by file (symbol)

app/libapp.a(main.c.obj)      (--whole-archive)
zephyr/libzephyr.a(cbprintf_packaged.c.obj)
                              (--whole-archive)
zephyr/libzephyr.a(crc32c_sw.c.obj)
                              (--whole-archive)
zephyr/libzephyr.a(crc32_sw.c.obj)
                              (--whole-archive)
zephyr/libzephyr.a(crc16_sw.c.obj)
                              (--whole-archive)
zephyr/libzephyr.a(crc8_sw.c.obj)
                              (--whole-archive)
zephyr/libzephyr.a(crc7_sw.c.obj)
                              (--whole-archive)
zephyr/libzephyr.a(dec.c.obj)
                              (--whole-archive)
zephyr/libzephyr.a(fdtable.c.obj)
                              (--whole-archive)
zephyr/libzephyr.a(hex.c.obj)
                              (--whole-archive)
zephyr/libzephyr.a(notify.c.obj)
                              (--whole-archive)
zephyr/libzephyr.a(printk.c.obj)
                              (--whole-archive)
zephyr/libzephyr.a(onoff.c.obj)
                              (--whole-archive)
zephyr/libzephyr.a(rb.c.obj)  (--whole-archive)
zephyr/libzephyr.a(sem.c.obj)
                              (--whole-archive)
zephyr/libzephyr.a(thread_entry.c.obj)
                              (--whole-archive)
zephyr/libzephyr.a(timeutil.c.obj)
                              (--whole-archive)
zephyr/libzephyr.a(heap.c.obj)
                              (--whole-archive)
zephyr/libzephyr.a(heap-validate.c.obj)
                              (--whole-archive)
zephyr/libzephyr.a(bitarray.c.obj)
                              (--whole-archive)
zephyr/libzephyr.a(multi_heap.c.obj)
                              (--whole-archive)
zephyr/libzephyr.a(cbprintf_complete.c.obj)
                              (--whole-archive)
zephyr/libzephyr.a(cbprintf.c.obj)
                              (--whole-archive)
zephyr/libzephyr.a(assert.c.obj)
                              (--whole-archive)
zephyr/libzephyr.a(reboot.c.obj)
                              (--whole-archive)
zephyr/libzephyr.a(configs.c.obj)
                              (--whole-archive)
zephyr/libzephyr.a(soc.c.obj)
                              (--whole-archive)
zephyr/libzephyr.a(soc_nrf_common.S.obj)
                              (--whole-archive)
zephyr/libzephyr.a(validate_base_addresses.c.obj)
                              (--whole-archive)
zephyr/libzephyr.a(validate_enabled_instances.c.obj)
                              (--whole-archive)
zephyr/libzephyr.a(log_minimal.c.obj)
                              (--whole-archive)
zephyr/libzephyr.a(stream_flash.c.obj)
                              (--whole-archive)
zephyr/libzephyr.a(tracing_none.c.obj)
                              (--whole-archive)
zephyr/libzephyr.a(flash_map_partition_manager.c.obj)
                              (--whole-archive)
zephyr/arch/common/libarch__common.a(sw_isr_common.c.obj)
                              (--whole-archive)
zephyr/arch/arch/arm/core/aarch32/libarch__arm__core__aarch32.a(cpu_idle.S.obj)
                              (--whole-archive)
zephyr/arch/arch/arm/core/aarch32/libarch__arm__core__aarch32.a(fatal.c.obj)
                              (--whole-archive)
zephyr/arch/arch/arm/core/aarch32/libarch__arm__core__aarch32.a(irq_manage.c.obj)
                              (--whole-archive)
zephyr/arch/arch/arm/core/aarch32/libarch__arm__core__aarch32.a(nmi.c.obj)
                              (--whole-archive)
zephyr/arch/arch/arm/core/aarch32/libarch__arm__core__aarch32.a(nmi_on_reset.S.obj)
                              (--whole-archive)
zephyr/arch/arch/arm/core/aarch32/libarch__arm__core__aarch32.a(prep_c.c.obj)
                              (--whole-archive)
zephyr/arch/arch/arm/core/aarch32/libarch__arm__core__aarch32.a(swap.c.obj)
                              (--whole-archive)
zephyr/arch/arch/arm/core/aarch32/libarch__arm__core__aarch32.a(swap_helper.S.obj)
                              (--whole-archive)
zephyr/arch/arch/arm/core/aarch32/libarch__arm__core__aarch32.a(thread.c.obj)
                              (--whole-archive)
zephyr/arch/arch/arm/core/aarch32/libarch__arm__core__aarch32.a(isr_wrapper.S.obj)
                              (--whole-archive)
zephyr/arch/arch/arm/core/aarch32/cortex_m/libarch__arm__core__aarch32__cortex_m.a(exc_exit.S.obj)
                              (--whole-archive)
zephyr/arch/arch/arm/core/aarch32/cortex_m/libarch__arm__core__aarch32__cortex_m.a(fault.c.obj)
                              (--whole-archive)
zephyr/arch/arch/arm/core/aarch32/cortex_m/libarch__arm__core__aarch32__cortex_m.a(fault_s.S.obj)
                              (--whole-archive)
zephyr/arch/arch/arm/core/aarch32/cortex_m/libarch__arm__core__aarch32__cortex_m.a(fpu.c.obj)
                              (--whole-archive)
zephyr/arch/arch/arm/core/aarch32/cortex_m/libarch__arm__core__aarch32__cortex_m.a(irq_init.c.obj)
                              (--whole-archive)
[...]
Memory Configuration

Name             Origin             Length             Attributes
FLASH            0x0000000001000000 0x0000000000008600 xr
SRAM             0x0000000021000000 0x0000000000010000 xw
SRAM1            0x0000000021000000 0x0000000000010000
IDT_LIST         0x00000000fffff7ff 0x0000000000000800 xw
*default*        0x0000000000000000 0xffffffffffffffff

Linker script and memory map

LOAD zephyr/CMakeFiles/zephyr_pre0.dir/misc/empty_file.c.obj
                0x0000000000000004                _region_min_align = 0x4

.rel.plt        0x0000000001000000        0x0
 *(SORT_BY_ALIGNMENT(.rel.plt))
                [!provide]                        PROVIDE (__rel_iplt_start = .)
 *(SORT_BY_ALIGNMENT(.rel.iplt))
 .rel.iplt      0x0000000001000000        0x0 app/libapp.a(main.c.obj)
                [!provide]                        PROVIDE (__rel_iplt_end = .)

.rela.plt       0x0000000000000000        0x0
 *(SORT_BY_ALIGNMENT(.rela.plt))
                [!provide]                        PROVIDE (__rela_iplt_start = .)
 *(SORT_BY_ALIGNMENT(.rela.iplt))
                [!provide]                        PROVIDE (__rela_iplt_end = .)

.rel.dyn
 *(SORT_BY_ALIGNMENT(.rel.*))

.rela.dyn
 *(SORT_BY_ALIGNMENT(.rela.*))

/DISCARD/
 *(SORT_BY_ALIGNMENT(.plt))
 *(SORT_BY_ALIGNMENT(.iplt))
 *(SORT_BY_ALIGNMENT(.got.plt))
 *(SORT_BY_ALIGNMENT(.igot.plt))
 *(SORT_BY_ALIGNMENT(.got))
 *(SORT_BY_ALIGNMENT(.igot))
 *(SORT_BY_ALIGNMENT(.note.GNU-stack))
                0x0000000001000000                __rom_region_start = 0x1000000

rom_start       0x0000000001000000      0x23c
                0x0000000000000000                . = 0x0
                0x0000000000000000                . = ALIGN (0x4)
                0x0000000000000000                . = ALIGN (0x80)
                0x0000000000000000                . = ALIGN (0x100)
                0x0000000001000000                _vector_start = .
 *(SORT_BY_ALIGNMENT(.exc_vector_table))
 *(SORT_BY_ALIGNMENT(.exc_vector_table.*))
 .exc_vector_table._vector_table_section
                0x0000000001000000       0x40 zephyr/arch/arch/arm/core/aarch32/cortex_m/libarch__arm__core__aarch32__cortex_m.a(vector_table.S.obj)
                0x0000000001000000                _vector_table
 *(SORT_BY_ALIGNMENT(.vectors))
                0x00000000010000b8                _vector_end = .
                0x0000000001000040                . = ALIGN (0x4)
 *(SORT_BY_ALIGNMENT(.gnu.linkonce.irq_vector_table*))
 .gnu.linkonce.irq_vector_table
                0x0000000001000040       0x78 zephyr/arch/common/libisr_tables.a(isr_tables.c.obj)
                0x0000000001000040                _irq_vector_table
                0x00000000010000b8                _vector_end = .
                0x0000000000000200                . = 0x200
 *fill*         0x00000000010000b8      0x148 
                0x0000000001000200                _fw_info_start = .
 *(SORT_BY_NAME(SORT_BY_ALIGNMENT(.firmware_info*)))
 .firmware_info
                0x0000000001000200       0x3c modules/nrf/subsys/fw_info/lib..__nrf__subsys__fw_info.a(fw_info.c.obj)
                0x0000000001000200                m_firmware_info
                0x000000000000003c                _fw_info_size = ABSOLUTE ((. - _fw_info_start))

text            0x0000000001000240     0x3e3c
                0x0000000001000240                __text_region_start = .
 *(SORT_BY_ALIGNMENT(.text))
 .text          0x0000000001000240       0x30 c:/users/khair/ncs/toolchains/v2.1.0/opt/zephyr-sdk/arm-zephyr-eabi/bin/../lib/gcc/arm-zephyr-eabi/10.3.0/thumb/v8-m.main/nofp\libgcc.a(_aeabi_uldivmod.o)
                0x0000000001000240                __aeabi_uldivmod
 .text          0x0000000001000270        0x4 c:/users/khair/ncs/toolchains/v2.1.0/opt/zephyr-sdk/arm-zephyr-eabi/bin/../lib/gcc/arm-zephyr-eabi/10.3.0/thumb/v8-m.main/nofp\libgcc.a(_dvmd_tls.o)
                0x0000000001000270                __aeabi_idiv0
                0x0000000001000270                __aeabi_ldiv0
 .text          0x0000000001000274       0x5c C:/Users/khair/ncs/v2.1.0/nrfxlib/crypto/nrf_oberon/lib/cortex-m33+nodsp/soft-float/liboberon_3.0.12.a(ocrypto_constant_time.s.obj)
                0x0000000001000274                ocrypto_constant_time_equal
                0x000000000100029c                ocrypto_constant_time_is_zero
                0x00000000010002b8                ocrypto_constant_time_xor
 .text          0x00000000010002d0      0x334 C:/Users/khair/ncs/v2.1.0/nrfxlib/crypto/nrf_oberon/lib/cortex-m33+nodsp/soft-float/liboberon_3.0.12.a(ocrypto_sha256_loop.s.obj)
                0x00000000010002d0                ocrypto_sha256_loop
 .text          0x0000000001000604      0x2a2 c:/users/khair/ncs/toolchains/v2.1.0/opt/zephyr-sdk/arm-zephyr-eabi/bin/../lib/gcc/arm-zephyr-eabi/10.3.0/thumb/v8-m.main/nofp\libgcc.a(_udivmoddi4.o)
                0x0000000001000604                __udivmoddi4
 *(SORT_BY_ALIGNMENT(.text.*))
 *fill*         0x00000000010008a6        0x2 
 .text.ocrypto_sha256
                0x00000000010008a8      0x300 C:/Users/khair/ncs/v2.1.0/nrfxlib/crypto/nrf_oberon/lib/cortex-m33+nodsp/soft-float/liboberon_3.0.12.a(ocrypto_sha256.c.obj)
                0x00000000010008a8                ocrypto_sha256
 .text.main     0x0000000001000ba8       0xf4 app/libapp.a(main.c.obj)
                0x0000000001000ba8                main
 .text.sys_notify_finalize
                0x0000000001000c9c       0x3c zephyr/libzephyr.a(notify.c.obj)
                0x0000000001000c9c                sys_notify_finalize
 .text.char_out
                0x0000000001000cd8        0xc zephyr/libzephyr.a(printk.c.obj)
 .text.vprintk  0x0000000001000ce4       0x1c zephyr/libzephyr.a(printk.c.obj)
                0x0000000001000ce4                vprintk
 .text.process_event
                0x0000000001000d00      0x300 zephyr/libzephyr.a(onoff.c.obj)
 .text.onoff_request
                0x0000000001001000       0xbc zephyr/libzephyr.a(onoff.c.obj)
                0x0000000001001000                onoff_request
 .text.z_cbvprintf_impl
                0x00000000010010bc      0x78c zephyr/libzephyr.a(cbprintf_complete.c.obj)
                0x00000000010010bc                z_cbvprintf_impl
 .text.nordicsemi_nrf53_init
                0x0000000001001848       0x28 zephyr/libzephyr.a(soc.c.obj)
 .text.arch_busy_wait
                0x0000000001001870       0x14 zephyr/libzephyr.a(soc.c.obj)
                0x0000000001001870                arch_busy_wait
 .text.z_arm_platform_init
                0x0000000001001884        0x4 zephyr/libzephyr.a(soc_nrf_common.S.obj)
                0x0000000001001884                z_arm_platform_init
 .text.find_flash_total_size
                0x0000000001001888       0x28 zephyr/libzephyr.a(stream_flash.c.obj)
 .text.stream_flash_erase_page
                0x00000000010018b0       0x50 zephyr/libzephyr.a(stream_flash.c.obj)
                0x00000000010018b0                stream_flash_erase_page
 .text.flash_sync
                0x0000000001001900       0xe4 zephyr/libzephyr.a(stream_flash.c.obj)
 .text.stream_flash_init
                0x00000000010019e4       0xa8 zephyr/libzephyr.a(stream_flash.c.obj)
                0x00000000010019e4                stream_flash_init
 .text.z_arm_cpu_idle_init
                0x0000000001001a8c        0xc zephyr/arch/arch/arm/core/aarch32/libarch__arm__core__aarch32.a(cpu_idle.S.obj)
                0x0000000001001a8c                z_arm_cpu_idle_init
 .text.arch_cpu_atomic_idle
                0x0000000001001a98       0x14 zephyr/arch/arch/arm/core/aarch32/libarch__arm__core__aarch32.a(cpu_idle.S.obj)
                0x0000000001001a98                arch_cpu_atomic_idle
 .text.z_arm_fatal_error
                0x0000000001001aac       0x5c zephyr/arch/arch/arm/core/aarch32/libarch__arm__core__aarch32.a(fatal.c.obj)
                0x0000000001001aac                z_arm_fatal_error
 .text.arch_irq_enable
                0x0000000001001b08       0x20 zephyr/arch/arch/arm/core/aarch32/libarch__arm__core__aarch32.a(irq_manage.c.obj)
                0x0000000001001b08                arch_irq_enable
 .text.arch_irq_is_enabled
                0x0000000001001b28       0x1c zephyr/arch/arch/arm/core/aarch32/libarch__arm__core__aarch32.a(irq_manage.c.obj)
                0x0000000001001b28                arch_irq_is_enabled
 .text.z_arm_irq_priority_set
                0x0000000001001b44       0x4c zephyr/arch/arch/arm/core/aarch32/libarch__arm__core__aarch32.a(irq_manage.c.obj)
                0x0000000001001b44                z_arm_irq_priority_set
 .text.z_SysNmiOnReset
                0x0000000001001b90        0x8 zephyr/arch/arch/arm/core/aarch32/libarch__arm__core__aarch32.a(nmi_on_reset.S.obj)
                0x0000000001001b90                z_SysNmiOnReset
 .text.z_arm_prep_c
                0x0000000001001b98       0x2c zephyr/arch/arch/arm/core/aarch32/libarch__arm__core__aarch32.a(prep_c.c.obj)
                0x0000000001001b98                z_arm_prep_c
 .text.z_arm_svc
                0x0000000001001bc4       0x20 zephyr/arch/arch/arm/core/aarch32/libarch__arm__core__aarch32.a(swap_helper.S.obj)
                0x0000000001001bc4                z_arm_svc
 .text.z_arm_switch_to_main_no_multithreading
                0x0000000001001be4       0x3c zephyr/arch/arch/arm/core/aarch32/libarch__arm__core__aarch32.a(thread.c.obj)
                0x0000000001001be4                z_arm_switch_to_main_no_multithreading
 .text._isr_wrapper
                0x0000000001001c20       0x28 zephyr/arch/arch/arm/core/aarch32/libarch__arm__core__aarch32.a(isr_wrapper.S.obj)
                0x0000000001001c20                _isr_wrapper
 .text._HandlerModeExit
                0x0000000001001c48        0x4 zephyr/arch/arch/arm/core/aarch32/cortex_m/libarch__arm__core__aarch32__cortex_m.a(exc_exit.S.obj)
                0x0000000001001c48                z_arm_int_exit
                0x0000000001001c48                z_arm_exc_exit
 .text.usage_fault.constprop.0
                0x0000000001001c4c       0xac zephyr/arch/arch/arm/core/aarch32/cortex_m/libarch__arm__core__aarch32__cortex_m.a(fault.c.obj)
 .text.bus_fault.constprop.0
                0x0000000001001cf8       0xa4 zephyr/arch/arch/arm/core/aarch32/cortex_m/libarch__arm__core__aarch32__cortex_m.a(fault.c.obj)
 .text.mem_manage_fault.constprop.0
                0x0000000001001d9c       0xc4 zephyr/arch/arch/arm/core/aarch32/cortex_m/libarch__arm__core__aarch32__cortex_m.a(fault.c.obj)
 .text.z_arm_fault
                0x0000000001001e60      0x1d8 zephyr/arch/arch/arm/core/aarch32/cortex_m/libarch__arm__core__aarch32__cortex_m.a(fault.c.obj)
                0x0000000001001e60                z_arm_fault
 .text.z_arm_fault_init
                0x0000000001002038       0x18 zephyr/arch/arch/arm/core/aarch32/cortex_m/libarch__arm__core__aarch32__cortex_m.a(fault.c.obj)
                0x0000000001002038                z_arm_fault_init
 .text.__fault  0x0000000001002050       0x14 zephyr/arch/arch/arm/core/aarch32/cortex_m/libarch__arm__core__aarch32__cortex_m.a(fault_s.S.obj)
                0x0000000001002050                z_arm_usage_fault
                0x0000000001002050                z_arm_mpu_fault
                0x0000000001002050                z_arm_exc_spurious
                0x0000000001002050                z_arm_debug_monitor
                0x0000000001002050                z_arm_hard_fault
                0x0000000001002050                z_arm_bus_fault
 .text.z_arm_interrupt_init
                0x0000000001002064       0x18 zephyr/arch/arch/arm/core/aarch32/cortex_m/libarch__arm__core__aarch32__cortex_m.a(irq_init.c.obj)
                0x0000000001002064                z_arm_interrupt_init
 .text._reset_section
                0x000000000100207c       0x60 zephyr/arch/arch/arm/core/aarch32/cortex_m/libarch__arm__core__aarch32__cortex_m.a(reset.S.obj)
                0x000000000100207c                __start
                0x000000000100207c                z_arm_reset
 .text.sys_arch_reboot
                0x00000000010020dc       0x24 zephyr/arch/arch/arm/core/aarch32/cortex_m/libarch__arm__core__aarch32__cortex_m.a(scb.c.obj)
                0x00000000010020dc                sys_arch_reboot
 .text.z_arm_clear_arm_mpu_config
                0x0000000001002100       0x24 zephyr/arch/arch/arm/core/aarch32/cortex_m/libarch__arm__core__aarch32__cortex_m.a(scb.c.obj)
                0x0000000001002100                z_arm_clear_arm_mpu_config
 .text.z_arm_init_arch_hw_at_boot
                0x0000000001002124       0x48 zephyr/arch/arch/arm/core/aarch32/cortex_m/libarch__arm__core__aarch32__cortex_m.a(scb.c.obj)
                0x0000000001002124                z_arm_init_arch_hw_at_boot
 .text.onoff_start
                0x000000000100216c       0x44 zephyr/drivers/clock_control/libdrivers__clock_control.a(clock_control_nrf.c.obj)
 .text.get_status
                0x00000000010021b0       0x34 zephyr/drivers/clock_control/libdrivers__clock_control.a(clock_control_nrf.c.obj)
 .text.stop     0x00000000010021e4       0x78 zephyr/drivers/clock_control/libdrivers__clock_control.a(clock_control_nrf.c.obj)
 .text.onoff_stop
                0x000000000100225c       0x30 zephyr/drivers/clock_control/libdrivers__clock_control.a(clock_control_nrf.c.obj)
 .text.clk_init
                0x000000000100228c       0x58 zephyr/drivers/clock_control/libdrivers__clock_control.a(clock_control_nrf.c.obj)
 .text.clkstarted_handle.constprop.0
                0x00000000010022e4       0x34 zephyr/drivers/clock_control/libdrivers__clock_control.a(clock_control_nrf.c.obj)
 .text.clock_event_handler
                0x0000000001002318       0x58 zephyr/drivers/clock_control/libdrivers__clock_control.a(clock_control_nrf.c.obj)
 .text.generic_hfclk_start
                0x0000000001002370       0x64 zephyr/drivers/clock_control/libdrivers__clock_control.a(clock_control_nrf.c.obj)
 .text.generic_hfclk_stop
                0x00000000010023d4       0x24 zephyr/drivers/clock_control/libdrivers__clock_control.a(clock_control_nrf.c.obj)
 .text.z_nrf_clock_control_lf_on
                0x00000000010023f8      0x128 zephyr/drivers/clock_control/libdrivers__clock_control.a(clock_control_nrf.c.obj)
                0x00000000010023f8                z_nrf_clock_control_lf_on
 .text.flash_nrf_pages_layout
                0x0000000001002520       0x10 zephyr/drivers/flash/libdrivers__flash.a(soc_flash_nrf.c.obj)
 .text.flash_nrf_get_parameters
                0x0000000001002530        0x8 zephyr/drivers/flash/libdrivers__flash.a(soc_flash_nrf.c.obj)
 .text.nrf_flash_init
                0x0000000001002538       0x18 zephyr/drivers/flash/libdrivers__flash.a(soc_flash_nrf.c.obj)
 .text.flash_nrf_erase
                0x0000000001002550       0x6c zephyr/drivers/flash/libdrivers__flash.a(soc_flash_nrf.c.obj)
 .text.flash_nrf_write
                0x00000000010025bc       0x74 zephyr/drivers/flash/libdrivers__flash.a(soc_flash_nrf.c.obj)
 .text.flash_nrf_read
                0x0000000001002630       0x40 zephyr/drivers/flash/libdrivers__flash.a(soc_flash_nrf.c.obj)
 .text.compare_int_lock
                0x0000000001002670       0x44 zephyr/drivers/timer/libdrivers__timer.a(nrf_rtc_timer.c.obj)
 .text.compare_int_unlock
                0x00000000010026b4       0x50 zephyr/drivers/timer/libdrivers__timer.a(nrf_rtc_timer.c.obj)
 .text.z_nrf_rtc_timer_read
                0x0000000001002704       0x44 zephyr/drivers/timer/libdrivers__timer.a(nrf_rtc_timer.c.obj)
                0x0000000001002704                z_nrf_rtc_timer_read
 .text.compare_set
                0x0000000001002748      0x13c zephyr/drivers/timer/libdrivers__timer.a(nrf_rtc_timer.c.obj)
 .text.sys_clock_driver_init
                0x0000000001002884       0x80 zephyr/drivers/timer/libdrivers__timer.a(nrf_rtc_timer.c.obj)
 .text.sys_clock_timeout_handler
                0x0000000001002904       0xc0 zephyr/drivers/timer/libdrivers__timer.a(nrf_rtc_timer.c.obj)
 .text.rtc_nrf_isr
                0x00000000010029c4       0xe8 zephyr/drivers/timer/libdrivers__timer.a(nrf_rtc_timer.c.obj)
                0x00000000010029c4                rtc_nrf_isr
 .text.find_free_region
                0x0000000001002aac       0x3c modules/nrf/lib/fprotect/lib..__nrf__lib__fprotect.a(fprotect_acl.c.obj)
 .text.fprotect_set_permission
                0x0000000001002ae8      0x154 modules/nrf/lib/fprotect/lib..__nrf__lib__fprotect.a(fprotect_acl.c.obj)
 .text.k_sys_fatal_error_handler
                0x0000000001002c3c       0x14 modules/nrf/lib/fatal_error/lib..__nrf__lib__fatal_error.a(fatal_error.c.obj)
                0x0000000001002c3c                k_sys_fatal_error_handler
 .text.bl_boot  0x0000000001002c50       0xb4 modules/nrf/subsys/bootloader/bl_boot/lib..__nrf__subsys__bootloader__bl_boot.a(bl_boot.c.obj)
                0x0000000001002c50                bl_boot
 .text.fw_info_check
                0x0000000001002d04       0x28 modules/nrf/subsys/bootloader/bl_validation/lib..__nrf__subsys__bootloader__bl_validation.a(bl_validation.c.obj)
 .text.fw_info_find
                0x0000000001002d2c       0x20 modules/nrf/subsys/bootloader/bl_validation/lib..__nrf__subsys__bootloader__bl_validation.a(bl_validation.c.obj)
 .text.validate_firmware
                0x0000000001002d4c      0x1b0 modules/nrf/subsys/bootloader/bl_validation/lib..__nrf__subsys__bootloader__bl_validation.a(bl_validation.c.obj)
 .text.s0_address_read
                0x0000000001002efc       0x10 modules/nrf/subsys/bootloader/bl_storage/lib..__nrf__subsys__bootloader__bl_storage.a(bl_storage.c.obj)
                0x0000000001002efc                s0_address_read
 .text.num_public_keys_read
                0x0000000001002f0c       0x10 modules/nrf/subsys/bootloader/bl_storage/lib..__nrf__subsys__bootloader__bl_storage.a(bl_storage.c.obj)
                0x0000000001002f0c                num_public_keys_read
 .text.get_counter_struct.constprop.0
                0x0000000001002f1c       0x50 modules/nrf/subsys/bootloader/bl_storage/lib..__nrf__subsys__bootloader__bl_storage.a(bl_storage.c.obj)
 .text.pcd_fw_copy_invalidate
                0x0000000001002f6c       0x10 modules/nrf/subsys/pcd/lib..__nrf__subsys__pcd.a(pcd.c.obj)
                0x0000000001002f6c                pcd_fw_copy_invalidate
 .text.pcd_fw_copy_status_get
                0x0000000001002f7c       0x24 modules/nrf/subsys/pcd/lib..__nrf__subsys__pcd.a(pcd.c.obj)
                0x0000000001002f7c                pcd_fw_copy_status_get
 .text.pcd_fw_copy
                0x0000000001002fa0       0x78 modules/nrf/subsys/pcd/lib..__nrf__subsys__pcd.a(pcd.c.obj)
                0x0000000001002fa0                pcd_fw_copy
 .text.pcd_fw_copy_done
                0x0000000001003018       0x10 modules/nrf/subsys/pcd/lib..__nrf__subsys__pcd.a(pcd.c.obj)
                0x0000000001003018                pcd_fw_copy_done
 .text.check_ext_api_requests
                0x0000000001003028       0xa4 modules/nrf/subsys/fw_info/lib..__nrf__subsys__fw_info.a(fw_info.c.obj)
 .text.fw_info_ext_api_provide
                0x00000000010030cc       0xec modules/nrf/subsys/fw_info/lib..__nrf__subsys__fw_info.a(fw_info.c.obj)
                0x00000000010030cc                fw_info_ext_api_provide
 .text.SystemInit
                0x00000000010031b8       0x94 modules/hal_nordic/nrfx/libmodules__hal_nordic__nrfx.a(system_nrf5340_network.c.obj)
                0x00000000010031b8                SystemInit
 .text.clock_stop
                0x000000000100324c       0xcc modules/hal_nordic/nrfx/libmodules__hal_nordic__nrfx.a(nrfx_clock.c.obj)
 .text.nrfx_clock_init
                0x0000000001003318       0x44 modules/hal_nordic/nrfx/libmodules__hal_nordic__nrfx.a(nrfx_clock.c.obj)
                0x0000000001003318                nrfx_clock_init
 .text.nrfx_clock_enable
                0x000000000100335c       0x4c modules/hal_nordic/nrfx/libmodules__hal_nordic__nrfx.a(nrfx_clock.c.obj)
                0x000000000100335c                nrfx_clock_enable
 .text.nrfx_clock_start
                0x00000000010033a8       0xc4 modules/hal_nordic/nrfx/libmodules__hal_nordic__nrfx.a(nrfx_clock.c.obj)
                0x00000000010033a8                nrfx_clock_start
 .text.nrfx_clock_stop
                0x000000000100346c       0x38 modules/hal_nordic/nrfx/libmodules__hal_nordic__nrfx.a(nrfx_clock.c.obj)
                0x000000000100346c                nrfx_clock_stop
 .text.nrfx_power_clock_irq_handler
                0x00000000010034a4       0x68 modules/hal_nordic/nrfx/libmodules__hal_nordic__nrfx.a(nrfx_clock.c.obj)
                0x00000000010034a4                nrfx_power_clock_irq_handler
 .text.nvmc_word_write
                0x000000000100350c       0x18 modules/hal_nordic/nrfx/libmodules__hal_nordic__nrfx.a(nrfx_nvmc.c.obj)
 .text.nrfx_nvmc_page_erase
                0x0000000001003524       0x64 modules/hal_nordic/nrfx/libmodules__hal_nordic__nrfx.a(nrfx_nvmc.c.obj)
                0x0000000001003524                nrfx_nvmc_page_erase
 .text.nrfx_nvmc_word_write
                0x0000000001003588       0x64 modules/hal_nordic/nrfx/libmodules__hal_nordic__nrfx.a(nrfx_nvmc.c.obj)
                0x0000000001003588                nrfx_nvmc_word_write
 .text.z_sys_init_run_level
                0x00000000010035ec       0x40 zephyr/kernel/libkernel.a(device.c.obj)
                0x00000000010035ec                z_sys_init_run_level
 .text.z_fatal_error
                0x000000000100362c       0x98 zephyr/kernel/libkernel.a(fatal.c.obj)
                0x000000000100362c                z_fatal_error
 .text.bg_thread_main
                0x00000000010036c4       0x30 zephyr/kernel/libkernel.a(init.c.obj)
 .text.z_bss_zero
                0x00000000010036f4       0x18 zephyr/kernel/libkernel.a(init.c.obj)
                0x00000000010036f4                z_bss_zero
 .text.z_cstart
                0x000000000100370c       0x6c zephyr/kernel/libkernel.a(init.c.obj)
                0x000000000100370c                z_cstart
 .text.z_data_copy
                0x0000000001003778       0x34 zephyr/kernel/libkernel.a(xip.c.obj)
                0x0000000001003778                z_data_copy
 .text.elapsed  0x00000000010037ac       0x14 zephyr/kernel/libkernel.a(timeout.c.obj)
 .text.next_timeout
                0x00000000010037c0       0x3c zephyr/kernel/libkernel.a(timeout.c.obj)
 .text.remove_timeout
                0x00000000010037fc       0x34 zephyr/kernel/libkernel.a(timeout.c.obj)
 .text.sys_clock_announce
                0x0000000001003830       0xb4 zephyr/kernel/libkernel.a(timeout.c.obj)
                0x0000000001003830                sys_clock_announce
 .text.boot_banner
                0x00000000010038e4       0x18 zephyr/kernel/libkernel.a(banner.c.obj)
                0x00000000010038e4                boot_banner
 .text.sha256_blocks
                0x00000000010038fc       0xbc C:/Users/khair/ncs/v2.1.0/nrfxlib/crypto/nrf_oberon/lib/cortex-m33+nodsp/soft-float/liboberon_3.0.12.a(ocrypto_sha256.c.obj)
 .text.sha256_blocks.constprop.0
                0x00000000010039b8       0x74 C:/Users/khair/ncs/v2.1.0/nrfxlib/crypto/nrf_oberon/lib/cortex-m33+nodsp/soft-float/liboberon_3.0.12.a(ocrypto_sha256.c.obj)
 .text.sys_notify_validate
                0x0000000001003a2c       0x22 zephyr/libzephyr.a(notify.c.obj)
                0x0000000001003a2c                sys_notify_validate
 .text.arch_printk_char_out
                0x0000000001003a4e        0x4 zephyr/libzephyr.a(printk.c.obj)
                0x0000000001003a4e                arch_printk_char_out
 .text.printk   0x0000000001003a52       0x1a zephyr/libzephyr.a(printk.c.obj)
                0x0000000001003a52                printk
 .text.process_recheck
                0x0000000001003a6c       0x38 zephyr/libzephyr.a(onoff.c.obj)
 .text.notify_one
                0x0000000001003aa4       0x2c zephyr/libzephyr.a(onoff.c.obj)
 .text.transition_complete
                0x0000000001003ad0       0x1c zephyr/libzephyr.a(onoff.c.obj)
 .text.validate_args
                0x0000000001003aec       0x1e zephyr/libzephyr.a(onoff.c.obj)
 .text.onoff_manager_init
                0x0000000001003b0a       0x26 zephyr/libzephyr.a(onoff.c.obj)
                0x0000000001003b0a                onoff_manager_init
 .text.encode_uint
                0x0000000001003b30       0x8c zephyr/libzephyr.a(cbprintf_complete.c.obj)
 .text.outs     0x0000000001003bbc       0x2c zephyr/libzephyr.a(cbprintf_complete.c.obj)
 .text.assert_post_action
                0x0000000001003be8        0xe zephyr/libzephyr.a(assert.c.obj)
                0x0000000001003be8                assert_post_action
 .text.assert_print
                0x0000000001003bf6       0x1a zephyr/libzephyr.a(assert.c.obj)
                0x0000000001003bf6                assert_print
 .text._ConfigAbsSyms
                0x0000000001003c10        0x2 zephyr/libzephyr.a(configs.c.obj)
                0x0000000001003c10                _ConfigAbsSyms
 .text.z_log_minimal_printk
                0x0000000001003c12       0x1a zephyr/libzephyr.a(log_minimal.c.obj)
                0x0000000001003c12                z_log_minimal_printk
 .text.flash_get_write_block_size
                0x0000000001003c2c        0xc zephyr/libzephyr.a(stream_flash.c.obj)
 .text.stream_flash_buffered_write
                0x0000000001003c38       0x88 zephyr/libzephyr.a(stream_flash.c.obj)
                0x0000000001003c38                stream_flash_buffered_write
 .text.z_do_kernel_oops
                0x0000000001003cc0        0x8 zephyr/arch/arch/arm/core/aarch32/libarch__arm__core__aarch32.a(fatal.c.obj)
                0x0000000001003cc0                z_do_kernel_oops
 .text.z_irq_spurious
                0x0000000001003cc8        0x8 zephyr/arch/arch/arm/core/aarch32/libarch__arm__core__aarch32.a(irq_manage.c.obj)
                0x0000000001003cc8                z_irq_spurious
 .text.z_arm_nmi
                0x0000000001003cd0        0xe zephyr/arch/arch/arm/core/aarch32/libarch__arm__core__aarch32.a(nmi.c.obj)
                0x0000000001003cd0                z_arm_nmi
 .text.strlen   0x0000000001003cde        0xe zephyr/lib/libc/minimal/liblib__libc__minimal.a(string.c.obj)
                0x0000000001003cde                strlen
 .text.strnlen  0x0000000001003cec       0x12 zephyr/lib/libc/minimal/liblib__libc__minimal.a(string.c.obj)
                0x0000000001003cec                strnlen
 .text.memcmp   0x0000000001003cfe       0x22 zephyr/lib/libc/minimal/liblib__libc__minimal.a(string.c.obj)
                0x0000000001003cfe                memcmp
 .text.memcpy   0x0000000001003d20       0x16 zephyr/lib/libc/minimal/liblib__libc__minimal.a(string.c.obj)
                0x0000000001003d20                memcpy
 .text.memset   0x0000000001003d36       0x12 zephyr/lib/libc/minimal/liblib__libc__minimal.a(string.c.obj)
                0x0000000001003d36                memset
 .text.set_on_state
                0x0000000001003d48       0x26 zephyr/drivers/clock_control/libdrivers__clock_control.a(clock_control_nrf.c.obj)
 .text.async_start
                0x0000000001003d6e       0x60 zephyr/drivers/clock_control/libdrivers__clock_control.a(clock_control_nrf.c.obj)
 .text.api_start
                0x0000000001003dce        0xe zephyr/drivers/clock_control/libdrivers__clock_control.a(clock_control_nrf.c.obj)
 .text.api_blocking_start
                0x0000000001003ddc        0x6 zephyr/drivers/clock_control/libdrivers__clock_control.a(clock_control_nrf.c.obj)
 .text.onoff_started_callback
                0x0000000001003de2       0x12 zephyr/drivers/clock_control/libdrivers__clock_control.a(clock_control_nrf.c.obj)
 .text.lfclk_start
                0x0000000001003df4        0x6 zephyr/drivers/clock_control/libdrivers__clock_control.a(clock_control_nrf.c.obj)
 .text.lfclk_stop
                0x0000000001003dfa        0x6 zephyr/drivers/clock_control/libdrivers__clock_control.a(clock_control_nrf.c.obj)
 .text.api_stop
                0x0000000001003e00        0x6 zephyr/drivers/clock_control/libdrivers__clock_control.a(clock_control_nrf.c.obj)
 .text.is_regular_addr_valid
                0x0000000001003e06       0x22 zephyr/drivers/flash/libdrivers__flash.a(soc_flash_nrf.c.obj)
 .text.flash_get_page_info
                0x0000000001003e28       0x6e zephyr/drivers/flash/libdrivers__flash.a(flash_page_layout.c.obj)
 .text.z_impl_flash_get_page_info_by_offs
                0x0000000001003e96        0x8 zephyr/drivers/flash/libdrivers__flash.a(flash_page_layout.c.obj)
                0x0000000001003e96                z_impl_flash_get_page_info_by_offs
 .text.flash_page_foreach
                0x0000000001003e9e       0x58 zephyr/drivers/flash/libdrivers__flash.a(flash_page_layout.c.obj)
                0x0000000001003e9e                flash_page_foreach
 .text.sys_clock_set_timeout
                0x0000000001003ef6        0x2 zephyr/drivers/timer/libdrivers__timer.a(nrf_rtc_timer.c.obj)
                0x0000000001003ef6                sys_clock_set_timeout
 .text.sys_clock_elapsed
                0x0000000001003ef8        0x4 zephyr/drivers/timer/libdrivers__timer.a(nrf_rtc_timer.c.obj)
                0x0000000001003ef8                sys_clock_elapsed
 .text.fprotect_area
                0x0000000001003efc        0x6 modules/nrf/lib/fprotect/lib..__nrf__lib__fprotect.a(fprotect_acl.c.obj)
                0x0000000001003efc                fprotect_area
 .text.crypto_init_signing
                0x0000000001003f02        0x4 modules/nrf/subsys/bootloader/bl_crypto/lib..__nrf__subsys__bootloader__bl_crypto.a(bl_crypto.c.obj)
                0x0000000001003f02                crypto_init_signing
 .text.crypto_init_hash
                0x0000000001003f06        0x4 modules/nrf/subsys/bootloader/bl_crypto/lib..__nrf__subsys__bootloader__bl_crypto.a(bl_crypto.c.obj)
                0x0000000001003f06                crypto_init_hash
 .text.bl_crypto_init
                0x0000000001003f0a        0xe modules/nrf/subsys/bootloader/bl_crypto/lib..__nrf__subsys__bootloader__bl_crypto.a(bl_crypto.c.obj)
                0x0000000001003f0a                bl_crypto_init
 .text.bl_sha256_verify
                0x0000000001003f18       0x2e modules/nrf/subsys/bootloader/bl_crypto/lib..__nrf__subsys__bootloader__bl_crypto.a(bl_crypto.c.obj)
                0x0000000001003f18                bl_sha256_verify
 .text.get_hash
                0x0000000001003f46        0xa modules/nrf/subsys/bootloader/bl_crypto/lib..__nrf__subsys__bootloader__bl_crypto.a(bl_crypto_oberon_hash.c.obj)
                0x0000000001003f46                get_hash
 .text.bl_validate_firmware
                0x0000000001003f50       0x1c modules/nrf/subsys/bootloader/bl_validation/lib..__nrf__subsys__bootloader__bl_validation.a(bl_validation.c.obj)
                0x0000000001003f50                bl_validate_firmware
 .text.read_halfword
                0x0000000001003f6c       0x16 modules/nrf/subsys/bootloader/bl_storage/lib..__nrf__subsys__bootloader__bl_storage.a(bl_storage.c.obj)
 .text.num_monotonic_counter_slots
                0x0000000001003f82       0x1c modules/nrf/subsys/bootloader/bl_storage/lib..__nrf__subsys__bootloader__bl_storage.a(bl_storage.c.obj)
                0x0000000001003f82                num_monotonic_counter_slots
 .text.get_counter
                0x0000000001003f9e       0x48 modules/nrf/subsys/bootloader/bl_storage/lib..__nrf__subsys__bootloader__bl_storage.a(bl_storage.c.obj)
 .text.get_monotonic_counter
                0x0000000001003fe6        0x6 modules/nrf/subsys/bootloader/bl_storage/lib..__nrf__subsys__bootloader__bl_storage.a(bl_storage.c.obj)
                0x0000000001003fe6                get_monotonic_counter
 .text.pcd_cmd_data_ptr_get
                0x0000000001003fec        0x8 modules/nrf/subsys/pcd/lib..__nrf__subsys__pcd.a(pcd.c.obj)
                0x0000000001003fec                pcd_cmd_data_ptr_get
 .text.skip_ext_apis
                0x0000000001003ff4       0x16 modules/nrf/subsys/fw_info/lib..__nrf__subsys__fw_info.a(fw_info.c.obj)
                0x0000000001003ff4                skip_ext_apis
 .text.nrfx_isr
                0x000000000100400a        0x2 modules/hal_nordic/nrfx/libmodules__hal_nordic__nrfx.a(nrfx_glue.c.obj)
                0x000000000100400a                nrfx_isr
 .text.nrfx_busy_wait
                0x000000000100400c        0x4 modules/hal_nordic/nrfx/libmodules__hal_nordic__nrfx.a(nrfx_glue.c.obj)
                0x000000000100400c                nrfx_busy_wait
 .text.is_valid_address
                0x0000000001004010       0x28 modules/hal_nordic/nrfx/libmodules__hal_nordic__nrfx.a(nrfx_nvmc.c.obj)
 .text.nrfx_nvmc_flash_size_get
                0x0000000001004038        0x6 modules/hal_nordic/nrfx/libmodules__hal_nordic__nrfx.a(nrfx_nvmc.c.obj)
                0x0000000001004038                nrfx_nvmc_flash_size_get
 .text.nrfx_nvmc_flash_page_size_get
                0x000000000100403e        0x6 modules/hal_nordic/nrfx/libmodules__hal_nordic__nrfx.a(nrfx_nvmc.c.obj)
                0x000000000100403e                nrfx_nvmc_flash_page_size_get
 .text.nrfx_nvmc_flash_page_count_get
                0x0000000001004044        0x4 modules/hal_nordic/nrfx/libmodules__hal_nordic__nrfx.a(nrfx_nvmc.c.obj)
                0x0000000001004044                nrfx_nvmc_flash_page_count_get
 .text.z_device_state_init
                0x0000000001004048        0x2 zephyr/kernel/libkernel.a(device.c.obj)
                0x0000000001004048                z_device_state_init
 .text.z_device_is_ready
                0x000000000100404a       0x14 zephyr/kernel/libkernel.a(device.c.obj)
                0x000000000100404a                z_device_is_ready
 .text.z_early_memset
                0x000000000100405e        0x4 zephyr/kernel/libkernel.a(init.c.obj)
                0x000000000100405e                z_early_memset
 .text.z_early_memcpy
                0x0000000001004062        0x4 zephyr/kernel/libkernel.a(init.c.obj)
                0x0000000001004062                z_early_memcpy
 .text.k_is_in_isr
                0x0000000001004066        0xc zephyr/kernel/libkernel.a(thread.c.obj)
                0x0000000001004066                k_is_in_isr
 .text.z_impl_k_busy_wait
                0x0000000001004072        0x8 zephyr/kernel/libkernel.a(timeout.c.obj)
                0x0000000001004072                z_impl_k_busy_wait
 .text._OffsetAbsSyms
                0x000000000100407a        0x2 zephyr/CMakeFiles/offsets.dir/./arch/arm/core/offsets/offsets.c.obj
                0x000000000100407a                _OffsetAbsSyms
 *(SORT_BY_ALIGNMENT(.TEXT.*))
 *(SORT_BY_ALIGNMENT(.gnu.linkonce.t.*))
 *(SORT_BY_ALIGNMENT(.glue_7t))
 .glue_7t       0x000000000100407c        0x0 linker stubs
 *(SORT_BY_ALIGNMENT(.glue_7))
 .glue_7        0x000000000100407c        0x0 linker stubs
 *(SORT_BY_ALIGNMENT(.vfp11_veneer))
 .vfp11_veneer  0x000000000100407c        0x0 linker stubs
 *(SORT_BY_ALIGNMENT(.v4_bx))
 .v4_bx         0x000000000100407c        0x0 linker stubs
                0x000000000100407c                __text_region_end = .

.ARM.exidx      0x000000000100407c        0x8
                0x000000000100407c                __exidx_start = .
 *(SORT_BY_ALIGNMENT(.ARM.exidx*) SORT_BY_ALIGNMENT(gnu.linkonce.armexidx.*))
 .ARM.exidx     0x000000000100407c        0x8 c:/users/khair/ncs/toolchains/v2.1.0/opt/zephyr-sdk/arm-zephyr-eabi/bin/../lib/gcc/arm-zephyr-eabi/10.3.0/thumb/v8-m.main/nofp\libgcc.a(_udivmoddi4.o)
                0x0000000001004084                __exidx_end = .
                0x0000000001004084                __rodata_region_start = .

initlevel       0x0000000001004084       0x28
                0x0000000001004084                __init_start = .
                0x0000000001004084                __init_PRE_KERNEL_1_start = .
 *(SORT_BY_NAME(SORT_BY_ALIGNMENT(.z_init_PRE_KERNEL_1[0-9]_*)))
 .z_init_PRE_KERNEL_10_
                0x0000000001004084        0x8 zephyr/libzephyr.a(soc.c.obj)
 *(SORT_BY_NAME(SORT_BY_ALIGNMENT(.z_init_PRE_KERNEL_1[1-9][0-9]_*)))
 .z_init_PRE_KERNEL_130_
                0x000000000100408c        0x8 zephyr/drivers/clock_control/libdrivers__clock_control.a(clock_control_nrf.c.obj)
                0x0000000001004094                __init_PRE_KERNEL_2_start = .
 *(SORT_BY_NAME(SORT_BY_ALIGNMENT(.z_init_PRE_KERNEL_2[0-9]_*)))
 .z_init_PRE_KERNEL_20_
                0x0000000001004094        0x8 zephyr/drivers/timer/libdrivers__timer.a(nrf_rtc_timer.c.obj)
 *(SORT_BY_NAME(SORT_BY_ALIGNMENT(.z_init_PRE_KERNEL_2[1-9][0-9]_*)))
                0x000000000100409c                __init_POST_KERNEL_start = .
 *(SORT_BY_NAME(SORT_BY_ALIGNMENT(.z_init_POST_KERNEL[0-9]_*)))
 *(SORT_BY_NAME(SORT_BY_ALIGNMENT(.z_init_POST_KERNEL[1-9][0-9]_*)))
 .z_init_POST_KERNEL50_
                0x000000000100409c        0x8 zephyr/drivers/flash/libdrivers__flash.a(soc_flash_nrf.c.obj)
 .z_init_POST_KERNEL90_
                0x00000000010040a4        0x8 modules/nrf/subsys/fw_info/lib..__nrf__subsys__fw_info.a(fw_info.c.obj)
                0x00000000010040ac                __init_APPLICATION_start = .
 *(SORT_BY_NAME(SORT_BY_ALIGNMENT(.z_init_APPLICATION[0-9]_*)))
 *(SORT_BY_NAME(SORT_BY_ALIGNMENT(.z_init_APPLICATION[1-9][0-9]_*)))
                0x00000000010040ac                __init_SMP_start = .
 *(SORT_BY_NAME(SORT_BY_ALIGNMENT(.z_init_SMP[0-9]_*)))
 *(SORT_BY_NAME(SORT_BY_ALIGNMENT(.z_init_SMP[1-9][0-9]_*)))
                0x00000000010040ac                __init_end = .

devices         0x00000000010040ac       0x30
                0x00000000010040ac                __device_start = .
                0x00000000010040ac                __device_PRE_KERNEL_1_start = .
 *(SORT_BY_NAME(SORT_BY_ALIGNMENT(.z_device_PRE_KERNEL_1[0-9]_*)))
 *(SORT_BY_NAME(SORT_BY_ALIGNMENT(.z_device_PRE_KERNEL_1[1-9][0-9]_*)))
 .z_device_PRE_KERNEL_130_
                0x00000000010040ac       0x18 zephyr/drivers/clock_control/libdrivers__clock_control.a(clock_control_nrf.c.obj)
                0x00000000010040ac                __device_dts_ord_31
                0x00000000010040c4                __device_PRE_KERNEL_2_start = .
 *(SORT_BY_NAME(SORT_BY_ALIGNMENT(.z_device_PRE_KERNEL_2[0-9]_*)))
 *(SORT_BY_NAME(SORT_BY_ALIGNMENT(.z_device_PRE_KERNEL_2[1-9][0-9]_*)))
                0x00000000010040c4                __device_POST_KERNEL_start = .
 *(SORT_BY_NAME(SORT_BY_ALIGNMENT(.z_device_POST_KERNEL[0-9]_*)))
 *(SORT_BY_NAME(SORT_BY_ALIGNMENT(.z_device_POST_KERNEL[1-9][0-9]_*)))
 .z_device_POST_KERNEL50_
                0x00000000010040c4       0x18 zephyr/drivers/flash/libdrivers__flash.a(soc_flash_nrf.c.obj)
                0x00000000010040c4                __device_dts_ord_59
                0x00000000010040dc                __device_APPLICATION_start = .
 *(SORT_BY_NAME(SORT_BY_ALIGNMENT(.z_device_APPLICATION[0-9]_*)))
 *(SORT_BY_NAME(SORT_BY_ALIGNMENT(.z_device_APPLICATION[1-9][0-9]_*)))
                0x00000000010040dc                __device_SMP_start = .
 *(SORT_BY_NAME(SORT_BY_ALIGNMENT(.z_device_SMP[0-9]_*)))
 *(SORT_BY_NAME(SORT_BY_ALIGNMENT(.z_device_SMP[1-9][0-9]_*)))
                0x00000000010040dc                __device_end = .

sw_isr_table    0x00000000010040dc       0xf0
                0x00000000010040dc                . = ALIGN (0x4)
 *(SORT_BY_ALIGNMENT(.gnu.linkonce.sw_isr_table*))
 .gnu.linkonce.sw_isr_table
                0x00000000010040dc       0xf0 zephyr/arch/common/libisr_tables.a(isr_tables.c.obj)
                0x00000000010040dc                _sw_isr_table

initlevel_error
                0x0000000001004084        0x0
 *(SORT_BY_NAME(SORT_BY_ALIGNMENT(.z_init_[_A-Z0-9]*)))
                0x0000000000000001                ASSERT ((SIZEOF (initlevel_error) == 0x0), Undefined initialization levels used.)

app_shmem_regions
                0x00000000010041cc        0x0
                0x00000000010041cc                __app_shmem_regions_start = .
 *(SORT_BY_NAME(SORT_BY_ALIGNMENT(.app_regions.*)))
                0x00000000010041cc                __app_shmem_regions_end = .

k_p4wq_initparam_area
                0x00000000010041cc        0x0
                0x00000000010041cc                _k_p4wq_initparam_list_start = .
 *(SORT_BY_NAME(SORT_BY_ALIGNMENT(._k_p4wq_initparam.static.*)))
                0x00000000010041cc                _k_p4wq_initparam_list_end = .

device_handles  0x00000000010041cc       0x14
                0x00000000010041cc                __device_handles_start = .
 *(SORT_BY_NAME(SORT_BY_ALIGNMENT(.__device_handles_pass1*)))
 .__device_handles_pass1
                0x00000000010041cc        0xa zephyr/drivers/clock_control/libdrivers__clock_control.a(clock_control_nrf.c.obj)
                0x00000000010041cc                __devicehdl_DT_N_S_soc_S_clock_41005000
 .__device_handles_pass1
                0x00000000010041d6        0xa zephyr/drivers/flash/libdrivers__flash.a(soc_flash_nrf.c.obj)
                0x00000000010041d6                __devicehdl_DT_N_S_soc_S_flash_controller_41080000
                0x00000000010041e0                __device_handles_end = .

ztest           0x00000000010041e0        0x0
                0x00000000010041e0                _ztest_suite_node_list_start = .
 *(SORT_BY_NAME(SORT_BY_ALIGNMENT(._ztest_suite_node.static.*)))
                0x00000000010041e0                _ztest_suite_node_list_end = .
                0x00000000010041e0                _ztest_unit_test_list_start = .
 *(SORT_BY_NAME(SORT_BY_ALIGNMENT(._ztest_unit_test.static.*)))
                0x00000000010041e0                _ztest_unit_test_list_end = .
                0x00000000010041e0                _ztest_test_rule_list_start = .
 *(SORT_BY_NAME(SORT_BY_ALIGNMENT(._ztest_test_rule.static.*)))
                0x00000000010041e0                _ztest_test_rule_list_end = .

bt_l2cap_fixed_chan_area
                0x00000000010041e0        0x0
                0x00000000010041e0                _bt_l2cap_fixed_chan_list_start = .
 *(SORT_BY_NAME(SORT_BY_ALIGNMENT(._bt_l2cap_fixed_chan.static.*)))
                0x00000000010041e0                _bt_l2cap_fixed_chan_list_end = .

bt_gatt_service_static_area
                0x00000000010041e0        0x0
                0x00000000010041e0                _bt_gatt_service_static_list_start = .
 *(SORT_BY_NAME(SORT_BY_ALIGNMENT(._bt_gatt_service_static.static.*)))
                0x00000000010041e0                _bt_gatt_service_static_list_end = .

log_strings_sections
                0x00000000010041e0        0x0
                0x00000000010041e0                __log_strings_start = .
 *(SORT_BY_NAME(SORT_BY_ALIGNMENT(.log_strings*)))
                0x00000000010041e0                __log_strings_end = .

log_const_sections
                0x00000000010041e0       0x38
                0x00000000010041e0                __log_const_start = .
 *(SORT_BY_NAME(SORT_BY_ALIGNMENT(.log_const_*)))
 .log_const_STREAM_FLASH
                0x00000000010041e0        0x8 zephyr/libzephyr.a(stream_flash.c.obj)
                0x00000000010041e0                log_const_STREAM_FLASH
 .log_const_clock_control
                0x00000000010041e8        0x8 zephyr/drivers/clock_control/libdrivers__clock_control.a(clock_control_nrf.c.obj)
                0x00000000010041e8                log_const_clock_control
 .log_const_fatal_error
                0x00000000010041f0        0x8 modules/nrf/lib/fatal_error/lib..__nrf__lib__fatal_error.a(fatal_error.c.obj)
                0x00000000010041f0                log_const_fatal_error
 .log_const_flash_nrf
                0x00000000010041f8        0x8 zephyr/drivers/flash/libdrivers__flash.a(soc_flash_nrf.c.obj)
                0x00000000010041f8                log_const_flash_nrf
 .log_const_os  0x0000000001004200        0x8 zephyr/kernel/libkernel.a(init.c.obj)
                0x0000000001004200                log_const_os
 .log_const_pcd
                0x0000000001004208        0x8 modules/nrf/subsys/pcd/lib..__nrf__subsys__pcd.a(pcd.c.obj)
                0x0000000001004208                log_const_pcd
 .log_const_soc
                0x0000000001004210        0x8 zephyr/libzephyr.a(soc.c.obj)
                0x0000000001004210                log_const_soc
                0x0000000001004218                __log_const_end = .

log_backends_sections
                0x0000000001004218        0x0
                0x0000000001004218                __log_backends_start = .
 *(SORT_BY_ALIGNMENT(._log_backend.*))
                0x0000000001004218                __log_backends_end = .

tracing_backend_area
                0x0000000001004218        0x0
                0x0000000001004218                _tracing_backend_list_start = .
 *(SORT_BY_NAME(SORT_BY_ALIGNMENT(._tracing_backend.static.*)))
                0x0000000001004218                _tracing_backend_list_end = .

zephyr_dbg_info
 *(SORT_BY_ALIGNMENT(.dbg_thread_info))

symbol_to_keep  0x0000000001004218        0x0
                0x0000000001004218                __symbol_to_keep_start = .
 *(SORT_BY_NAME(SORT_BY_ALIGNMENT(.symbol_to_keep*)))
                0x0000000001004218                __symbol_to_keep_end = .

shell_area      0x0000000001004218        0x0
                0x0000000001004218                _shell_list_start = .
 *(SORT_BY_NAME(SORT_BY_ALIGNMENT(._shell.static.*)))
                0x0000000001004218                _shell_list_end = .

shell_root_cmds_sections
                0x0000000001004218        0x0
                0x0000000001004218                __shell_root_cmds_start = .
 *(SORT_BY_NAME(SORT_BY_ALIGNMENT(.shell_root_cmd_*)))
                0x0000000001004218                __shell_root_cmds_end = .

shell_subcmds_sections
                0x0000000001004218        0x0
                0x0000000001004218                __shell_subcmds_start = .
 *(SORT_BY_NAME(SORT_BY_ALIGNMENT(.shell_subcmd_*)))
                0x0000000001004218                __shell_subcmds_end = .

shell_dynamic_subcmds_sections
                0x0000000001004218        0x0
                0x0000000001004218                __shell_dynamic_subcmds_start = .
 *(SORT_BY_NAME(SORT_BY_ALIGNMENT(.shell_dynamic_subcmd_*)))
                0x0000000001004218                __shell_dynamic_subcmds_end = .

font_entry_sections
                0x0000000001004218        0x0
                0x0000000001004218                __font_entry_start = .
 *(SORT_BY_NAME(SORT_BY_ALIGNMENT(._cfb_font.*)))
                0x0000000001004218                __font_entry_end = .

rodata          0x0000000001004220      0xfe4
 *(SORT_BY_ALIGNMENT(.rodata))
 .rodata        0x0000000001004220        0xc app/libapp.a(main.c.obj)
 .rodata        0x000000000100422c       0x18 modules/nrf/subsys/bootloader/bl_validation/lib..__nrf__subsys__bootloader__bl_validation.a(bl_validation.c.obj)
 .rodata        0x0000000001004244       0x18 modules/nrf/subsys/fw_info/lib..__nrf__subsys__fw_info.a(fw_info.c.obj)
 *(SORT_BY_ALIGNMENT(.rodata.*))
 *fill*         0x000000000100425c        0x4 
 .rodata.delay_machine_code.0
                0x0000000001004260        0x6 zephyr/libzephyr.a(soc.c.obj)
 *fill*         0x0000000001004266        0x2 
 .rodata.fw_info_allowed_offsets
                0x0000000001004268       0x14 app/libapp.a(main.c.obj)
 .rodata.clock_control_api
                0x000000000100427c       0x1c zephyr/drivers/clock_control/libdrivers__clock_control.a(clock_control_nrf.c.obj)
 .rodata.config
                0x0000000001004298       0x18 zephyr/drivers/clock_control/libdrivers__clock_control.a(clock_control_nrf.c.obj)
 .rodata.transitions.0
                0x00000000010042b0        0xc zephyr/drivers/clock_control/libdrivers__clock_control.a(clock_control_nrf.c.obj)
 .rodata.flash_nrf_api
                0x00000000010042bc       0x14 zephyr/drivers/flash/libdrivers__flash.a(soc_flash_nrf.c.obj)
 .rodata.flash_nrf_parameters
                0x00000000010042d0        0x8 zephyr/drivers/flash/libdrivers__flash.a(soc_flash_nrf.c.obj)
 .rodata.fw_info_allowed_offsets
                0x00000000010042d8       0x14 modules/nrf/subsys/bootloader/bl_validation/lib..__nrf__subsys__bootloader__bl_validation.a(bl_validation.c.obj)
 .rodata.fw_info_allowed_offsets
                0x00000000010042ec       0x14 modules/nrf/subsys/fw_info/lib..__nrf__subsys__fw_info.a(fw_info.c.obj)
 .rodata.levels.0
                0x0000000001004300       0x14 zephyr/kernel/libkernel.a(device.c.obj)
 .rodata.CSWTCH.439
                0x0000000001004314       0x14 zephyr/kernel/libkernel.a(fatal.c.obj)
 .rodata.const_table
                0x0000000001004328      0x100 C:/Users/khair/ncs/v2.1.0/nrfxlib/crypto/nrf_oberon/lib/cortex-m33+nodsp/soft-float/liboberon_3.0.12.a(ocrypto_sha256.c.obj)
 .rodata.main.str1.1
                0x0000000001004428       0xb1 app/libapp.a(main.c.obj)
 .rodata.sys_notify_finalize.str1.1
                0x00000000010044d9       0x3b zephyr/libzephyr.a(notify.c.obj)
 .rodata.process_event.str1.1
                0x0000000001004514       0x22 zephyr/libzephyr.a(onoff.c.obj)
                                         0x3a (size before relaxing)
 .rodata.z_cbvprintf_impl.str1.1
                0x0000000001004536        0x6 zephyr/libzephyr.a(cbprintf_complete.c.obj)
 .rodata.str1.1
                0x000000000100453c        0x4 zephyr/libzephyr.a(soc.c.obj)
 .rodata.find_flash_total_size.str1.1
                0x0000000001004540       0x25 zephyr/libzephyr.a(stream_flash.c.obj)
 .rodata.stream_flash_erase_page.str1.1
                0x0000000001004565       0x47 zephyr/libzephyr.a(stream_flash.c.obj)
 .rodata.flash_sync.str1.1
                0x00000000010045ac       0x90 zephyr/libzephyr.a(stream_flash.c.obj)
 .rodata.stream_flash_init.str1.1
                0x000000000100463c       0x55 zephyr/libzephyr.a(stream_flash.c.obj)
 .rodata.str1.1
                0x0000000001004691        0xd zephyr/libzephyr.a(stream_flash.c.obj)
 .rodata.z_arm_fatal_error.str1.1
                0x000000000100469e       0xaf zephyr/arch/arch/arm/core/aarch32/libarch__arm__core__aarch32.a(fatal.c.obj)
 .rodata.z_arm_irq_priority_set.str1.1
                0x000000000100474d       0x36 zephyr/arch/arch/arm/core/aarch32/libarch__arm__core__aarch32.a(irq_manage.c.obj)
                                         0x4e (size before relaxing)
 .rodata.usage_fault.constprop.0.str1.1
                0x0000000001004783      0x11f zephyr/arch/arch/arm/core/aarch32/cortex_m/libarch__arm__core__aarch32__cortex_m.a(fault.c.obj)
 .rodata.bus_fault.constprop.0.str1.1
                0x00000000010048a2       0xbe zephyr/arch/arch/arm/core/aarch32/cortex_m/libarch__arm__core__aarch32__cortex_m.a(fault.c.obj)
 .rodata.mem_manage_fault.constprop.0.str1.1
                0x0000000001004960       0xe9 zephyr/arch/arch/arm/core/aarch32/cortex_m/libarch__arm__core__aarch32__cortex_m.a(fault.c.obj)
                                        0x101 (size before relaxing)
 .rodata.z_arm_fault.str1.1
                0x0000000001004a49      0x139 zephyr/arch/arch/arm/core/aarch32/cortex_m/libarch__arm__core__aarch32__cortex_m.a(fault.c.obj)
 .rodata.get_status.str1.1
                0x0000000001004b82       0x3d zephyr/drivers/clock_control/libdrivers__clock_control.a(clock_control_nrf.c.obj)
                                         0x55 (size before relaxing)
 .rodata.str1.1
                0x0000000001004bbf       0x29 zephyr/drivers/clock_control/libdrivers__clock_control.a(clock_control_nrf.c.obj)
 .rodata.flash_nrf_erase.str1.1
                0x0000000001004be8       0x46 zephyr/drivers/flash/libdrivers__flash.a(soc_flash_nrf.c.obj)
 .rodata.flash_nrf_write.str1.1
                0x0000000001004c2e       0x23 zephyr/drivers/flash/libdrivers__flash.a(soc_flash_nrf.c.obj)
 .rodata.str1.1
                0x0000000001004c51       0x24 zephyr/drivers/flash/libdrivers__flash.a(soc_flash_nrf.c.obj)
 .rodata.fprotect_set_permission.str1.1
                0x0000000001004c75       0x5e modules/nrf/lib/fprotect/lib..__nrf__lib__fprotect.a(fprotect_acl.c.obj)
                                         0x76 (size before relaxing)
 .rodata.k_sys_fatal_error_handler.str1.1
                0x0000000001004cd3       0x16 modules/nrf/lib/fatal_error/lib..__nrf__lib__fatal_error.a(fatal_error.c.obj)
 .rodata.str1.1
                0x0000000001004ce9        0xc modules/nrf/lib/fatal_error/lib..__nrf__lib__fatal_error.a(fatal_error.c.obj)
 .rodata.bl_boot.str1.1
                0x0000000001004cf5       0x12 modules/nrf/subsys/bootloader/bl_boot/lib..__nrf__subsys__bootloader__bl_boot.a(bl_boot.c.obj)
 .rodata.validate_firmware.str1.1
                0x0000000001004d07      0x260 modules/nrf/subsys/bootloader/bl_validation/lib..__nrf__subsys__bootloader__bl_validation.a(bl_validation.c.obj)
 .rodata.pcd_fw_copy.str1.1
                0x0000000001004f67       0x5f modules/nrf/subsys/pcd/lib..__nrf__subsys__pcd.a(pcd.c.obj)
 .rodata.str1.1
                0x0000000001004fc6        0x4 modules/nrf/subsys/pcd/lib..__nrf__subsys__pcd.a(pcd.c.obj)
 .rodata.check_ext_api_requests.str1.1
                0x0000000001004fca       0x5c modules/nrf/subsys/fw_info/lib..__nrf__subsys__fw_info.a(fw_info.c.obj)
 .rodata.CSWTCH.1
                0x0000000001005026        0x4 modules/hal_nordic/nrfx/libmodules__hal_nordic__nrfx.a(system_nrf5340_network.c.obj)
 .rodata.clock_stop.str1.1
                0x000000000100502a       0x71 modules/hal_nordic/nrfx/libmodules__hal_nordic__nrfx.a(nrfx_clock.c.obj)
                                         0x89 (size before relaxing)
 .rodata.partial_word_create.str1.1
                0x000000000100509b       0x3c modules/hal_nordic/nrfx/libmodules__hal_nordic__nrfx.a(nrfx_nvmc.c.obj)
                                         0x54 (size before relaxing)
 .rodata.z_fatal_error.str1.1
                0x00000000010050d7       0xa8 zephyr/kernel/libkernel.a(fatal.c.obj)
                                         0xc0 (size before relaxing)
 .rodata.str1.1
                0x000000000100517f       0x4a zephyr/kernel/libkernel.a(fatal.c.obj)
 .rodata.str1.1
                0x00000000010051c9        0x3 zephyr/kernel/libkernel.a(init.c.obj)
 .rodata.boot_banner.str1.1
                0x00000000010051cc       0x34 zephyr/kernel/libkernel.a(banner.c.obj)
                                         0x35 (size before relaxing)
 *(SORT_BY_ALIGNMENT(.gnu.linkonce.r.*))
                0x0000000001005200                . = ALIGN (0x4)
                0x0000000001005200                _fw_info_images_start = .
 *(SORT_BY_ALIGNMENT(.fw_info_images))
 .fw_info_images
                0x0000000001005200        0x4 modules/nrf/subsys/fw_info/lib..__nrf__subsys__fw_info.a(fw_info.c.obj)
                0x0000000001005200                self_image
                0x0000000000000001                _fw_info_images_size = ABSOLUTE (((. - _fw_info_images_start) / 0x4))
                0x0000000001005204                _ext_apis_start = .
 *(SORT_BY_ALIGNMENT(.ext_apis))
                0x0000000000000000                _ext_apis_size = ABSOLUTE ((. - _ext_apis_start))
                0x0000000001005204                _ext_apis_req_start = .
 *(SORT_BY_ALIGNMENT(.ext_apis_req))
                0x0000000000000000                _ext_apis_req_size = ABSOLUTE ((. - _ext_apis_req_start))
                0x0000000001005204                . = ALIGN (0x4)
                0x0000000001005204                __rodata_region_end = .
                0x0000000001005204                . = ALIGN (_region_min_align)
                0x0000000001005204                __rom_region_end = .
                0x0000000021000000                . = 0x21000000
                0x0000000021000000                . = ALIGN (_region_min_align)
                0x0000000021000000                _image_ram_start = .

.ramfunc        0x0000000021000000        0x0 load address 0x0000000001005204
                0x0000000021000000                . = ALIGN (_region_min_align)
                0x0000000021000000                __ramfunc_start = .
 *(SORT_BY_ALIGNMENT(.ramfunc))
 *(SORT_BY_ALIGNMENT(.ramfunc.*))
                0x0000000021000000                . = ALIGN (_region_min_align)
                0x0000000021000000                __ramfunc_end = .
                0x0000000000000000                __ramfunc_size = (__ramfunc_end - __ramfunc_start)
                0x0000000001005204                __ramfunc_load_start = LOADADDR (.ramfunc)

datas           0x0000000021000000       0x10 load address 0x0000000001005204
                0x0000000021000000                __data_region_start = .
                0x0000000021000000                __data_start = .
 *(SORT_BY_ALIGNMENT(.data))
 *(SORT_BY_ALIGNMENT(.data.*))
 .data._char_out
                0x0000000021000000        0x4 zephyr/libzephyr.a(printk.c.obj)
                0x0000000021000000                _char_out
 .data.SystemCoreClock
                0x0000000021000004        0x4 modules/hal_nordic/nrfx/libmodules__hal_nordic__nrfx.a(system_nrf5340_network.c.obj)
                0x0000000021000004                SystemCoreClock
 .data.timeout_list
                0x0000000021000008        0x8 zephyr/kernel/libkernel.a(timeout.c.obj)
 *(SORT_BY_ALIGNMENT(.kernel.*))
                0x0000000021000010                __data_end = .
                0x0000000000000010                __data_size = (__data_end - __data_start)
                0x0000000001005204                __data_load_start = LOADADDR (datas)
                0x0000000001005204                __data_region_load_start = LOADADDR (datas)

device_states   0x0000000021000010        0x8 load address 0x0000000001005214
                0x0000000021000010                __device_states_start = .
 *(SORT_BY_ALIGNMENT(.z_devstate))
 .z_devstate    0x0000000021000010        0x4 zephyr/drivers/clock_control/libdrivers__clock_control.a(clock_control_nrf.c.obj)
 .z_devstate    0x0000000021000014        0x4 zephyr/drivers/flash/libdrivers__flash.a(soc_flash_nrf.c.obj)
 *(SORT_BY_ALIGNMENT(.z_devstate.*))
                0x0000000021000018                __device_states_end = .

initshell       0x0000000021000018        0x0 load address 0x000000000100521c
                0x0000000021000018                __shell_module_start = .
 *(SORT_BY_ALIGNMENT(.shell_module_*))
                0x0000000021000018                __shell_module_end = .
                0x0000000021000018                __shell_cmd_start = .
 *(SORT_BY_ALIGNMENT(.shell_cmd_*))
                0x0000000021000018                __shell_cmd_end = .

log_dynamic_sections
                0x0000000021000018        0x0 load address 0x000000000100521c
                0x0000000021000018                __log_dynamic_start = .
 *(SORT_BY_NAME(SORT_BY_ALIGNMENT(.log_dynamic_*)))
                0x0000000021000018                __log_dynamic_end = .

_static_thread_data_area
                0x0000000021000018        0x0 load address 0x000000000100521c
                0x0000000021000018                __static_thread_data_list_start = .
 *(SORT_BY_NAME(SORT_BY_ALIGNMENT(.__static_thread_data.static.*)))
                0x0000000021000018                __static_thread_data_list_end = .

k_timer_area    0x0000000021000018        0x0 load address 0x000000000100521c
                0x0000000021000018                _k_timer_list_start = .
 *(SORT_BY_NAME(SORT_BY_ALIGNMENT(._k_timer.static.*)))
                0x0000000021000018                _k_timer_list_end = .

k_mem_slab_area
                0x0000000021000018        0x0 load address 0x000000000100521c
                0x0000000021000018                _k_mem_slab_list_start = .
 *(SORT_BY_NAME(SORT_BY_ALIGNMENT(._k_mem_slab.static.*)))
                0x0000000021000018                _k_mem_slab_list_end = .

k_mem_pool_area
                0x0000000021000018        0x0 load address 0x000000000100521c
                0x0000000021000018                _k_mem_pool_list_start = .
 *(SORT_BY_NAME(SORT_BY_ALIGNMENT(._k_mem_pool.static.*)))
                0x0000000021000018                _k_mem_pool_list_end = .

k_heap_area     0x0000000021000018        0x0 load address 0x000000000100521c
                0x0000000021000018                _k_heap_list_start = .
 *(SORT_BY_NAME(SORT_BY_ALIGNMENT(._k_heap.static.*)))
                0x0000000021000018                _k_heap_list_end = .

k_mutex_area    0x0000000021000018        0x0 load address 0x000000000100521c
                0x0000000021000018                _k_mutex_list_start = .
 *(SORT_BY_NAME(SORT_BY_ALIGNMENT(._k_mutex.static.*)))
                0x0000000021000018                _k_mutex_list_end = .

k_stack_area    0x0000000021000018        0x0 load address 0x000000000100521c
                0x0000000021000018                _k_stack_list_start = .
 *(SORT_BY_NAME(SORT_BY_ALIGNMENT(._k_stack.static.*)))
                0x0000000021000018                _k_stack_list_end = .

k_msgq_area     0x0000000021000018        0x0 load address 0x000000000100521c
                0x0000000021000018                _k_msgq_list_start = .
 *(SORT_BY_NAME(SORT_BY_ALIGNMENT(._k_msgq.static.*)))
                0x0000000021000018                _k_msgq_list_end = .

k_mbox_area     0x0000000021000018        0x0 load address 0x000000000100521c
                0x0000000021000018                _k_mbox_list_start = .
 *(SORT_BY_NAME(SORT_BY_ALIGNMENT(._k_mbox.static.*)))
                0x0000000021000018                _k_mbox_list_end = .

k_pipe_area     0x0000000021000018        0x0 load address 0x000000000100521c
                0x0000000021000018                _k_pipe_list_start = .
 *(SORT_BY_NAME(SORT_BY_ALIGNMENT(._k_pipe.static.*)))
                0x0000000021000018                _k_pipe_list_end = .

k_sem_area      0x0000000021000018        0x0 load address 0x000000000100521c
                0x0000000021000018                _k_sem_list_start = .
 *(SORT_BY_NAME(SORT_BY_ALIGNMENT(._k_sem.static.*)))
                0x0000000021000018                _k_sem_list_end = .

k_event_area    0x0000000021000018        0x0 load address 0x000000000100521c
                0x0000000021000018                _k_event_list_start = .
 *(SORT_BY_NAME(SORT_BY_ALIGNMENT(._k_event.static.*)))
                0x0000000021000018                _k_event_list_end = .

k_queue_area    0x0000000021000018        0x0 load address 0x000000000100521c
                0x0000000021000018                _k_queue_list_start = .
 *(SORT_BY_NAME(SORT_BY_ALIGNMENT(._k_queue.static.*)))
                0x0000000021000018                _k_queue_list_end = .

k_condvar_area  0x0000000021000018        0x0 load address 0x000000000100521c
                0x0000000021000018                _k_condvar_list_start = .
 *(SORT_BY_NAME(SORT_BY_ALIGNMENT(._k_condvar.static.*)))
                0x0000000021000018                _k_condvar_list_end = .

_net_buf_pool_area
                0x0000000021000018        0x0 load address 0x000000000100521c
                0x0000000021000018                _net_buf_pool_list = .
 *(SORT_BY_NAME(SORT_BY_ALIGNMENT(._net_buf_pool.static.*)))
                0x0000000021000018                __data_region_end = .

bss             0x0000000021000018      0x12d
                0x0000000021000018                . = ALIGN (0x4)
                0x0000000021000018                __bss_start = .
                0x0000000021000018                __kernel_ram_start = .
 *(SORT_BY_ALIGNMENT(.bss))
 *(SORT_BY_ALIGNMENT(.bss.*))
 .bss.anchor    0x0000000021000018        0x8 zephyr/drivers/timer/libdrivers__timer.a(nrf_rtc_timer.c.obj)
 .bss.cc_data   0x0000000021000020       0x10 zephyr/drivers/timer/libdrivers__timer.a(nrf_rtc_timer.c.obj)
 .bss.last_count
                0x0000000021000030        0x8 zephyr/drivers/timer/libdrivers__timer.a(nrf_rtc_timer.c.obj)
 .bss.z_main_thread
                0x0000000021000038       0x78 zephyr/kernel/libkernel.a(init.c.obj)
                0x0000000021000038                z_main_thread
 .bss.curr_tick
                0x00000000210000b0        0x8 zephyr/kernel/libkernel.a(timeout.c.obj)
 .bss.cli.1     0x00000000210000b8       0x10 zephyr/drivers/clock_control/libdrivers__clock_control.a(clock_control_nrf.c.obj)
 .bss.data      0x00000000210000c8       0x50 zephyr/drivers/clock_control/libdrivers__clock_control.a(clock_control_nrf.c.obj)
 .bss.hfclk_users
                0x0000000021000118        0x4 zephyr/drivers/clock_control/libdrivers__clock_control.a(clock_control_nrf.c.obj)
 .bss.on.2      0x000000002100011c        0x4 zephyr/drivers/clock_control/libdrivers__clock_control.a(clock_control_nrf.c.obj)
 .bss.dev_layout
                0x0000000021000120        0x8 zephyr/drivers/flash/libdrivers__flash.a(soc_flash_nrf.c.obj)
 .bss.force_isr_mask
                0x0000000021000128        0x4 zephyr/drivers/timer/libdrivers__timer.a(nrf_rtc_timer.c.obj)
 .bss.int_mask  0x000000002100012c        0x4 zephyr/drivers/timer/libdrivers__timer.a(nrf_rtc_timer.c.obj)
 .bss.overflow_cnt
                0x0000000021000130        0x4 zephyr/drivers/timer/libdrivers__timer.a(nrf_rtc_timer.c.obj)
 .bss.idx.0     0x0000000021000134        0x4 modules/nrf/lib/fprotect/lib..__nrf__lib__fprotect.a(fprotect_acl.c.obj)
 .bss.m_clock_cb
                0x0000000021000138        0x8 modules/hal_nordic/nrfx/libmodules__hal_nordic__nrfx.a(nrfx_clock.c.obj)
 .bss.announce_remaining
                0x0000000021000140        0x4 zephyr/kernel/libkernel.a(timeout.c.obj)
 .bss.z_sys_post_kernel
                0x0000000021000144        0x1 zephyr/kernel/libkernel.a(init.c.obj)
                0x0000000021000144                z_sys_post_kernel
 *(SORT_BY_ALIGNMENT(COMMON))
 *(SORT_BY_ALIGNMENT(.kernel_bss.*))
                0x0000000021000148                __bss_end = ALIGN (0x4)

noinit          0x0000000021000148      0xc00
 *(SORT_BY_ALIGNMENT(.noinit))
 *(SORT_BY_ALIGNMENT(.noinit.*))
 .noinit."WEST_TOPDIR/zephyr/kernel/init.c".0
                0x0000000021000148      0x400 zephyr/kernel/libkernel.a(init.c.obj)
                0x0000000021000148                z_main_stack
 .noinit."WEST_TOPDIR/zephyr/kernel/init.c".1
                0x0000000021000548      0x800 zephyr/kernel/libkernel.a(init.c.obj)
                0x0000000021000548                z_interrupt_stacks
 *(SORT_BY_ALIGNMENT(.kernel_noinit.*))
                0x0000000021000d48                _image_ram_end = .
                0x0000000021000d48                _end = .
                0x0000000021010000                __kernel_ram_end = 0x21010000
                0x000000000000ffe8                __kernel_ram_size = (__kernel_ram_end - __kernel_ram_start)

.intList        0x00000000fffff800       0x28
 *(SORT_BY_ALIGNMENT(.irq_info*))
 .irq_info      0x00000000fffff800        0x8 zephyr/arch/common/libisr_tables.a(isr_tables.c.obj)
                0x00000000fffff800                _iheader
 *(SORT_BY_ALIGNMENT(.intList*))
 .intList       0x00000000fffff808       0x10 zephyr/drivers/clock_control/libdrivers__clock_control.a(clock_control_nrf.c.obj)
 .intList       0x00000000fffff818       0x10 zephyr/drivers/timer/libdrivers__timer.a(nrf_rtc_timer.c.obj)

.stab
 *(SORT_BY_ALIGNMENT(.stab))

.stabstr
 *(SORT_BY_ALIGNMENT(.stabstr))

.stab.excl
 *(SORT_BY_ALIGNMENT(.stab.excl))

.stab.exclstr
 *(SORT_BY_ALIGNMENT(.stab.exclstr))

.stab.index
 *(SORT_BY_ALIGNMENT(.stab.index))

.stab.indexstr
 *(SORT_BY_ALIGNMENT(.stab.indexstr))

.gnu.build.attributes
 *(SORT_BY_ALIGNMENT(.gnu.build.attributes) SORT_BY_ALIGNMENT(.gnu.build.attributes.*))

.comment        0x0000000000000000       0x20
 *(SORT_BY_ALIGNMENT(.comment))
 .comment       0x0000000000000000       0x20 app/libapp.a(main.c.obj)
                                         0x21 (size before relaxing)
 .comment       0x0000000000000020       0x21 zephyr/libzephyr.a(notify.c.obj)
 .comment       0x0000000000000020       0x21 zephyr/libzephyr.a(printk.c.obj)
 .comment       0x0000000000000020       0x21 zephyr/libzephyr.a(onoff.c.obj)
 .comment       0x0000000000000020       0x21 zephyr/libzephyr.a(cbprintf_complete.c.obj)
 .comment       0x0000000000000020       0x21 zephyr/libzephyr.a(assert.c.obj)
 .comment       0x0000000000000020       0x21 zephyr/libzephyr.a(configs.c.obj)
 .comment       0x0000000000000020       0x21 zephyr/libzephyr.a(soc.c.obj)
 .comment       0x0000000000000020       0x21 zephyr/libzephyr.a(log_minimal.c.obj)
 .comment       0x0000000000000020       0x21 zephyr/libzephyr.a(stream_flash.c.obj)
 .comment       0x0000000000000020       0x21 zephyr/arch/arch/arm/core/aarch32/libarch__arm__core__aarch32.a(fatal.c.obj)
 .comment       0x0000000000000020       0x21 zephyr/arch/arch/arm/core/aarch32/libarch__arm__core__aarch32.a(irq_manage.c.obj)
 .comment       0x0000000000000020       0x21 zephyr/arch/arch/arm/core/aarch32/libarch__arm__core__aarch32.a(nmi.c.obj)
 .comment       0x0000000000000020       0x21 zephyr/arch/arch/arm/core/aarch32/libarch__arm__core__aarch32.a(prep_c.c.obj)
 .comment       0x0000000000000020       0x21 zephyr/arch/arch/arm/core/aarch32/libarch__arm__core__aarch32.a(thread.c.obj)
 .comment       0x0000000000000020       0x21 zephyr/arch/arch/arm/core/aarch32/cortex_m/libarch__arm__core__aarch32__cortex_m.a(fault.c.obj)
 .comment       0x0000000000000020       0x21 zephyr/arch/arch/arm/core/aarch32/cortex_m/libarch__arm__core__aarch32__cortex_m.a(irq_init.c.obj)
 .comment       0x0000000000000020       0x21 zephyr/arch/arch/arm/core/aarch32/cortex_m/libarch__arm__core__aarch32__cortex_m.a(scb.c.obj)
 .comment       0x0000000000000020       0x21 zephyr/lib/libc/minimal/liblib__libc__minimal.a(string.c.obj)
 .comment       0x0000000000000020       0x21 zephyr/drivers/clock_control/libdrivers__clock_control.a(clock_control_nrf.c.obj)
 .comment       0x0000000000000020       0x21 zephyr/drivers/flash/libdrivers__flash.a(soc_flash_nrf.c.obj)
 .comment       0x0000000000000020       0x21 zephyr/drivers/flash/libdrivers__flash.a(flash_page_layout.c.obj)
 .comment       0x0000000000000020       0x21 zephyr/drivers/timer/libdrivers__timer.a(nrf_rtc_timer.c.obj)
 .comment       0x0000000000000020       0x21 modules/nrf/lib/fprotect/lib..__nrf__lib__fprotect.a(fprotect_acl.c.obj)
 .comment       0x0000000000000020       0x21 modules/nrf/lib/fatal_error/lib..__nrf__lib__fatal_error.a(fatal_error.c.obj)
 .comment       0x0000000000000020       0x21 modules/nrf/subsys/bootloader/bl_boot/lib..__nrf__subsys__bootloader__bl_boot.a(bl_boot.c.obj)
 .comment       0x0000000000000020       0x21 modules/nrf/subsys/bootloader/bl_crypto/lib..__nrf__subsys__bootloader__bl_crypto.a(bl_crypto.c.obj)
 .comment       0x0000000000000020       0x21 modules/nrf/subsys/bootloader/bl_crypto/lib..__nrf__subsys__bootloader__bl_crypto.a(bl_crypto_oberon_hash.c.obj)
 .comment       0x0000000000000020       0x21 modules/nrf/subsys/bootloader/bl_validation/lib..__nrf__subsys__bootloader__bl_validation.a(bl_validation.c.obj)
 .comment       0x0000000000000020       0x21 modules/nrf/subsys/bootloader/bl_storage/lib..__nrf__subsys__bootloader__bl_storage.a(bl_storage.c.obj)
 .comment       0x0000000000000020       0x21 modules/nrf/subsys/pcd/lib..__nrf__subsys__pcd.a(pcd.c.obj)
 .comment       0x0000000000000020       0x21 modules/nrf/subsys/fw_info/lib..__nrf__subsys__fw_info.a(fw_info.c.obj)
 .comment       0x0000000000000020       0x21 modules/hal_nordic/nrfx/libmodules__hal_nordic__nrfx.a(system_nrf5340_network.c.obj)
 .comment       0x0000000000000020       0x21 modules/hal_nordic/nrfx/libmodules__hal_nordic__nrfx.a(nrfx_glue.c.obj)
 .comment       0x0000000000000020       0x21 modules/hal_nordic/nrfx/libmodules__hal_nordic__nrfx.a(nrfx_clock.c.obj)
 .comment       0x0000000000000020       0x21 modules/hal_nordic/nrfx/libmodules__hal_nordic__nrfx.a(nrfx_nvmc.c.obj)
 .comment       0x0000000000000020       0x21 zephyr/kernel/libkernel.a(device.c.obj)
 .comment       0x0000000000000020       0x21 zephyr/kernel/libkernel.a(fatal.c.obj)
 .comment       0x0000000000000020       0x21 zephyr/kernel/libkernel.a(init.c.obj)
 .comment       0x0000000000000020       0x21 zephyr/kernel/libkernel.a(thread.c.obj)
 .comment       0x0000000000000020       0x21 zephyr/kernel/libkernel.a(xip.c.obj)
 .comment       0x0000000000000020       0x21 zephyr/kernel/libkernel.a(timeout.c.obj)
 .comment       0x0000000000000020       0x21 zephyr/kernel/libkernel.a(banner.c.obj)
 .comment       0x0000000000000020       0x21 zephyr/CMakeFiles/offsets.dir/./arch/arm/core/offsets/offsets.c.obj
 .comment       0x0000000000000020       0x21 zephyr/arch/common/libisr_tables.a(isr_tables.c.obj)
 .comment       0x0000000000000020       0x21 C:/Users/khair/ncs/v2.1.0/nrfxlib/crypto/nrf_oberon/lib/cortex-m33+nodsp/soft-float/liboberon_3.0.12.a(ocrypto_sha256.c.obj)

.debug
 *(SORT_BY_ALIGNMENT(.debug))

.line
 *(SORT_BY_ALIGNMENT(.line))

.debug_srcinfo
 *(SORT_BY_ALIGNMENT(.debug_srcinfo))

.debug_sfnames
 *(SORT_BY_ALIGNMENT(.debug_sfnames))

.debug_aranges  0x0000000000000000      0xdf0
 *(SORT_BY_ALIGNMENT(.debug_aranges))
 .debug_aranges
                0x0000000000000000       0x20 zephyr/libzephyr.a(soc_nrf_common.S.obj)
 .debug_aranges
                0x0000000000000020       0x30 zephyr/arch/arch/arm/core/aarch32/libarch__arm__core__aarch32.a(cpu_idle.S.obj)
 .debug_aranges
                0x0000000000000050       0x20 zephyr/arch/arch/arm/core/aarch32/libarch__arm__core__aarch32.a(nmi_on_reset.S.obj)
 .debug_aranges
                0x0000000000000070       0x28 zephyr/arch/arch/arm/core/aarch32/libarch__arm__core__aarch32.a(swap_helper.S.obj)
 .debug_aranges
                0x0000000000000098       0x20 zephyr/arch/arch/arm/core/aarch32/libarch__arm__core__aarch32.a(isr_wrapper.S.obj)
 .debug_aranges
                0x00000000000000b8       0x20 zephyr/arch/arch/arm/core/aarch32/cortex_m/libarch__arm__core__aarch32__cortex_m.a(exc_exit.S.obj)
 .debug_aranges
                0x00000000000000d8       0x20 zephyr/arch/arch/arm/core/aarch32/cortex_m/libarch__arm__core__aarch32__cortex_m.a(fault_s.S.obj)
 .debug_aranges
                0x00000000000000f8       0x20 zephyr/arch/arch/arm/core/aarch32/cortex_m/libarch__arm__core__aarch32__cortex_m.a(reset.S.obj)
 .debug_aranges
                0x0000000000000118       0x20 app/libapp.a(main.c.obj)
 .debug_aranges
                0x0000000000000138       0x28 zephyr/libzephyr.a(notify.c.obj)
 .debug_aranges
                0x0000000000000160       0x68 zephyr/libzephyr.a(printk.c.obj)
 .debug_aranges
                0x00000000000001c8       0x90 zephyr/libzephyr.a(onoff.c.obj)
 .debug_aranges
                0x0000000000000258       0x30 zephyr/libzephyr.a(cbprintf_complete.c.obj)
 .debug_aranges
                0x0000000000000288       0x28 zephyr/libzephyr.a(assert.c.obj)
 .debug_aranges
                0x00000000000002b0       0x20 zephyr/libzephyr.a(configs.c.obj)
 .debug_aranges
                0x00000000000002d0       0x28 zephyr/libzephyr.a(soc.c.obj)
 .debug_aranges
                0x00000000000002f8       0x30 zephyr/libzephyr.a(log_minimal.c.obj)
 .debug_aranges
                0x0000000000000328       0x50 zephyr/libzephyr.a(stream_flash.c.obj)
 .debug_aranges
                0x0000000000000378       0x30 zephyr/arch/arch/arm/core/aarch32/libarch__arm__core__aarch32.a(fatal.c.obj)
 .debug_aranges
                0x00000000000003a8       0x40 zephyr/arch/arch/arm/core/aarch32/libarch__arm__core__aarch32.a(irq_manage.c.obj)
 .debug_aranges
                0x00000000000003e8       0x20 zephyr/arch/arch/arm/core/aarch32/libarch__arm__core__aarch32.a(nmi.c.obj)
 .debug_aranges
                0x0000000000000408       0x20 zephyr/arch/arch/arm/core/aarch32/libarch__arm__core__aarch32.a(prep_c.c.obj)
 .debug_aranges
                0x0000000000000428       0x38 zephyr/arch/arch/arm/core/aarch32/libarch__arm__core__aarch32.a(thread.c.obj)
 .debug_aranges
                0x0000000000000460       0x40 zephyr/arch/arch/arm/core/aarch32/cortex_m/libarch__arm__core__aarch32__cortex_m.a(fault.c.obj)
 .debug_aranges
                0x00000000000004a0       0x20 zephyr/arch/arch/arm/core/aarch32/cortex_m/libarch__arm__core__aarch32__cortex_m.a(irq_init.c.obj)
 .debug_aranges
                0x00000000000004c0       0x30 zephyr/arch/arch/arm/core/aarch32/cortex_m/libarch__arm__core__aarch32__cortex_m.a(scb.c.obj)
 .debug_aranges
                0x00000000000004f0       0x98 zephyr/lib/libc/minimal/liblib__libc__minimal.a(string.c.obj)
 .debug_aranges
                0x0000000000000588       0xc0 zephyr/drivers/clock_control/libdrivers__clock_control.a(clock_control_nrf.c.obj)
 .debug_aranges
                0x0000000000000648       0x50 zephyr/drivers/flash/libdrivers__flash.a(soc_flash_nrf.c.obj)
 .debug_aranges
                0x0000000000000698       0x40 zephyr/drivers/flash/libdrivers__flash.a(flash_page_layout.c.obj)
 .debug_aranges
                0x00000000000006d8       0xb8 zephyr/drivers/timer/libdrivers__timer.a(nrf_rtc_timer.c.obj)
 .debug_aranges
                0x0000000000000790       0x40 modules/nrf/lib/fprotect/lib..__nrf__lib__fprotect.a(fprotect_acl.c.obj)
 .debug_aranges
                0x00000000000007d0       0x20 modules/nrf/lib/fatal_error/lib..__nrf__lib__fatal_error.a(fatal_error.c.obj)
 .debug_aranges
                0x00000000000007f0       0x20 modules/nrf/subsys/bootloader/bl_boot/lib..__nrf__subsys__bootloader__bl_boot.a(bl_boot.c.obj)
 .debug_aranges
                0x0000000000000810       0x48 modules/nrf/subsys/bootloader/bl_crypto/lib..__nrf__subsys__bootloader__bl_crypto.a(bl_crypto.c.obj)
 .debug_aranges
                0x0000000000000858       0x38 modules/nrf/subsys/bootloader/bl_crypto/lib..__nrf__subsys__bootloader__bl_crypto.a(bl_crypto_oberon_hash.c.obj)
 .debug_aranges
                0x0000000000000890       0x58 modules/nrf/subsys/bootloader/bl_validation/lib..__nrf__subsys__bootloader__bl_validation.a(bl_validation.c.obj)
 .debug_aranges
                0x00000000000008e8       0x78 modules/nrf/subsys/bootloader/bl_storage/lib..__nrf__subsys__bootloader__bl_storage.a(bl_storage.c.obj)
 .debug_aranges
                0x0000000000000960       0x40 modules/nrf/subsys/pcd/lib..__nrf__subsys__pcd.a(pcd.c.obj)
 .debug_aranges
                0x00000000000009a0       0x38 modules/nrf/subsys/fw_info/lib..__nrf__subsys__fw_info.a(fw_info.c.obj)
 .debug_aranges
                0x00000000000009d8       0x28 modules/hal_nordic/nrfx/libmodules__hal_nordic__nrfx.a(system_nrf5340_network.c.obj)
 .debug_aranges
                0x0000000000000a00       0x30 modules/hal_nordic/nrfx/libmodules__hal_nordic__nrfx.a(nrfx_glue.c.obj)
 .debug_aranges
                0x0000000000000a30       0x70 modules/hal_nordic/nrfx/libmodules__hal_nordic__nrfx.a(nrfx_clock.c.obj)
 .debug_aranges
                0x0000000000000aa0       0xb8 modules/hal_nordic/nrfx/libmodules__hal_nordic__nrfx.a(nrfx_nvmc.c.obj)
 .debug_aranges
                0x0000000000000b58       0x58 zephyr/kernel/libkernel.a(device.c.obj)
 .debug_aranges
                0x0000000000000bb0       0x58 zephyr/kernel/libkernel.a(fatal.c.obj)
 .debug_aranges
                0x0000000000000c08       0x40 zephyr/kernel/libkernel.a(init.c.obj)
 .debug_aranges
                0x0000000000000c48       0x98 zephyr/kernel/libkernel.a(thread.c.obj)
 .debug_aranges
                0x0000000000000ce0       0x20 zephyr/kernel/libkernel.a(xip.c.obj)
 .debug_aranges
                0x0000000000000d00       0x98 zephyr/kernel/libkernel.a(timeout.c.obj)
 .debug_aranges
                0x0000000000000d98       0x20 zephyr/kernel/libkernel.a(banner.c.obj)
 .debug_aranges
                0x0000000000000db8       0x20 zephyr/CMakeFiles/offsets.dir/./arch/arm/core/offsets/offsets.c.obj
 .debug_aranges
                0x0000000000000dd8       0x18 zephyr/arch/common/libisr_tables.a(isr_tables.c.obj)

.debug_pubnames
 *(SORT_BY_ALIGNMENT(.debug_pubnames))

.debug_info     0x0000000000000000    0x3b074
 *(SORT_BY_ALIGNMENT(.debug_info) SORT_BY_ALIGNMENT(.gnu.linkonce.wi.*))
 .debug_info    0x0000000000000000      0x68a app/libapp.a(main.c.obj)
 .debug_info    0x000000000000068a      0x372 zephyr/libzephyr.a(notify.c.obj)
 .debug_info    0x00000000000009fc      0x670 zephyr/libzephyr.a(printk.c.obj)
 .debug_info    0x000000000000106c     0x26fc zephyr/libzephyr.a(onoff.c.obj)
 .debug_info    0x0000000000003768     0x1077 zephyr/libzephyr.a(cbprintf_complete.c.obj)
 .debug_info    0x00000000000047df      0x179 zephyr/libzephyr.a(assert.c.obj)
 .debug_info    0x0000000000004958       0x38 zephyr/libzephyr.a(configs.c.obj)
 .debug_info    0x0000000000004990      0x62a zephyr/libzephyr.a(soc.c.obj)
 .debug_info    0x0000000000004fba       0x26 zephyr/libzephyr.a(soc_nrf_common.S.obj)
 .debug_info    0x0000000000004fe0      0x3b0 zephyr/libzephyr.a(log_minimal.c.obj)
 .debug_info    0x0000000000005390     0x4d58 zephyr/libzephyr.a(stream_flash.c.obj)
 .debug_info    0x000000000000a0e8       0x22 zephyr/arch/arch/arm/core/aarch32/libarch__arm__core__aarch32.a(cpu_idle.S.obj)
 .debug_info    0x000000000000a10a     0x2444 zephyr/arch/arch/arm/core/aarch32/libarch__arm__core__aarch32.a(fatal.c.obj)
 .debug_info    0x000000000000c54e      0x8af zephyr/arch/arch/arm/core/aarch32/libarch__arm__core__aarch32.a(irq_manage.c.obj)
 .debug_info    0x000000000000cdfd       0xc2 zephyr/arch/arch/arm/core/aarch32/libarch__arm__core__aarch32.a(nmi.c.obj)
 .debug_info    0x000000000000cebf       0x26 zephyr/arch/arch/arm/core/aarch32/libarch__arm__core__aarch32.a(nmi_on_reset.S.obj)
 .debug_info    0x000000000000cee5      0x4aa zephyr/arch/arch/arm/core/aarch32/libarch__arm__core__aarch32.a(prep_c.c.obj)
 .debug_info    0x000000000000d38f       0x22 zephyr/arch/arch/arm/core/aarch32/libarch__arm__core__aarch32.a(swap_helper.S.obj)
 .debug_info    0x000000000000d3b1      0x99c zephyr/arch/arch/arm/core/aarch32/libarch__arm__core__aarch32.a(thread.c.obj)
 .debug_info    0x000000000000dd4d       0x26 zephyr/arch/arch/arm/core/aarch32/libarch__arm__core__aarch32.a(isr_wrapper.S.obj)
 .debug_info    0x000000000000dd73       0x26 zephyr/arch/arch/arm/core/aarch32/cortex_m/libarch__arm__core__aarch32__cortex_m.a(exc_exit.S.obj)
 .debug_info    0x000000000000dd99     0xb3f8 zephyr/arch/arch/arm/core/aarch32/cortex_m/libarch__arm__core__aarch32__cortex_m.a(fault.c.obj)
 .debug_info    0x0000000000019191       0x26 zephyr/arch/arch/arm/core/aarch32/cortex_m/libarch__arm__core__aarch32__cortex_m.a(fault_s.S.obj)
 .debug_info    0x00000000000191b7      0x65e zephyr/arch/arch/arm/core/aarch32/cortex_m/libarch__arm__core__aarch32__cortex_m.a(irq_init.c.obj)
 .debug_info    0x0000000000019815       0x26 zephyr/arch/arch/arm/core/aarch32/cortex_m/libarch__arm__core__aarch32__cortex_m.a(reset.S.obj)
 .debug_info    0x000000000001983b      0x882 zephyr/arch/arch/arm/core/aarch32/cortex_m/libarch__arm__core__aarch32__cortex_m.a(scb.c.obj)
 .debug_info    0x000000000001a0bd      0x730 zephyr/lib/libc/minimal/liblib__libc__minimal.a(string.c.obj)
 .debug_info    0x000000000001a7ed     0x4c94 zephyr/drivers/clock_control/libdrivers__clock_control.a(clock_control_nrf.c.obj)
 .debug_info    0x000000000001f481     0x347b zephyr/drivers/flash/libdrivers__flash.a(soc_flash_nrf.c.obj)
 .debug_info    0x00000000000228fc      0x715 zephyr/drivers/flash/libdrivers__flash.a(flash_page_layout.c.obj)
 .debug_info    0x0000000000023011     0x299c zephyr/drivers/timer/libdrivers__timer.a(nrf_rtc_timer.c.obj)
 .debug_info    0x00000000000259ad      0xc77 modules/nrf/lib/fprotect/lib..__nrf__lib__fprotect.a(fprotect_acl.c.obj)
 .debug_info    0x0000000000026624      0xf9a modules/nrf/lib/fatal_error/lib..__nrf__lib__fatal_error.a(fatal_error.c.obj)
 .debug_info    0x00000000000275be      0xd98 modules/nrf/subsys/bootloader/bl_boot/lib..__nrf__subsys__bootloader__bl_boot.a(bl_boot.c.obj)
 .debug_info    0x0000000000028356      0x738 modules/nrf/subsys/bootloader/bl_crypto/lib..__nrf__subsys__bootloader__bl_crypto.a(bl_crypto.c.obj)
 .debug_info    0x0000000000028a8e      0x333 modules/nrf/subsys/bootloader/bl_crypto/lib..__nrf__subsys__bootloader__bl_crypto.a(bl_crypto_oberon_hash.c.obj)
 .debug_info    0x0000000000028dc1      0xb83 modules/nrf/subsys/bootloader/bl_validation/lib..__nrf__subsys__bootloader__bl_validation.a(bl_validation.c.obj)
 .debug_info    0x0000000000029944      0xa65 modules/nrf/subsys/bootloader/bl_storage/lib..__nrf__subsys__bootloader__bl_storage.a(bl_storage.c.obj)
 .debug_info    0x000000000002a3a9     0x1830 modules/nrf/subsys/pcd/lib..__nrf__subsys__pcd.a(pcd.c.obj)
 .debug_info    0x000000000002bbd9      0x990 modules/nrf/subsys/fw_info/lib..__nrf__subsys__fw_info.a(fw_info.c.obj)
 .debug_info    0x000000000002c569      0x86c modules/hal_nordic/nrfx/libmodules__hal_nordic__nrfx.a(system_nrf5340_network.c.obj)
 .debug_info    0x000000000002cdd5      0x246 modules/hal_nordic/nrfx/libmodules__hal_nordic__nrfx.a(nrfx_glue.c.obj)
 .debug_info    0x000000000002d01b     0x49f0 modules/hal_nordic/nrfx/libmodules__hal_nordic__nrfx.a(nrfx_clock.c.obj)
 .debug_info    0x0000000000031a0b     0x1a68 modules/hal_nordic/nrfx/libmodules__hal_nordic__nrfx.a(nrfx_nvmc.c.obj)
 .debug_info    0x0000000000033473      0x803 zephyr/kernel/libkernel.a(device.c.obj)
 .debug_info    0x0000000000033c76     0x2752 zephyr/kernel/libkernel.a(fatal.c.obj)
 .debug_info    0x00000000000363c8     0x120b zephyr/kernel/libkernel.a(init.c.obj)
 .debug_info    0x00000000000375d3     0x1fca zephyr/kernel/libkernel.a(thread.c.obj)
 .debug_info    0x000000000003959d      0x118 zephyr/kernel/libkernel.a(xip.c.obj)
 .debug_info    0x00000000000396b5     0x16af zephyr/kernel/libkernel.a(timeout.c.obj)
 .debug_info    0x000000000003ad64       0xda zephyr/kernel/libkernel.a(banner.c.obj)
 .debug_info    0x000000000003ae3e       0xd0 zephyr/CMakeFiles/offsets.dir/./arch/arm/core/offsets/offsets.c.obj
 .debug_info    0x000000000003af0e      0x166 zephyr/arch/common/libisr_tables.a(isr_tables.c.obj)

.debug_abbrev   0x0000000000000000     0x7d22
 *(SORT_BY_ALIGNMENT(.debug_abbrev))
 .debug_abbrev  0x0000000000000000      0x2f2 app/libapp.a(main.c.obj)
 .debug_abbrev  0x00000000000002f2      0x1fb zephyr/libzephyr.a(notify.c.obj)
 .debug_abbrev  0x00000000000004ed      0x2fa zephyr/libzephyr.a(printk.c.obj)
 .debug_abbrev  0x00000000000007e7      0x522 zephyr/libzephyr.a(onoff.c.obj)
 .debug_abbrev  0x0000000000000d09      0x40a zephyr/libzephyr.a(cbprintf_complete.c.obj)
 .debug_abbrev  0x0000000000001113      0x108 zephyr/libzephyr.a(assert.c.obj)
 .debug_abbrev  0x000000000000121b       0x2e zephyr/libzephyr.a(configs.c.obj)
 .debug_abbrev  0x0000000000001249      0x2f0 zephyr/libzephyr.a(soc.c.obj)
 .debug_abbrev  0x0000000000001539       0x14 zephyr/libzephyr.a(soc_nrf_common.S.obj)
 .debug_abbrev  0x000000000000154d      0x1cf zephyr/libzephyr.a(log_minimal.c.obj)
 .debug_abbrev  0x000000000000171c      0x43a zephyr/libzephyr.a(stream_flash.c.obj)
 .debug_abbrev  0x0000000000001b56       0x12 zephyr/arch/arch/arm/core/aarch32/libarch__arm__core__aarch32.a(cpu_idle.S.obj)
 .debug_abbrev  0x0000000000001b68      0x2b9 zephyr/arch/arch/arm/core/aarch32/libarch__arm__core__aarch32.a(fatal.c.obj)
 .debug_abbrev  0x0000000000001e21      0x236 zephyr/arch/arch/arm/core/aarch32/libarch__arm__core__aarch32.a(irq_manage.c.obj)
 .debug_abbrev  0x0000000000002057       0x72 zephyr/arch/arch/arm/core/aarch32/libarch__arm__core__aarch32.a(nmi.c.obj)
 .debug_abbrev  0x00000000000020c9       0x14 zephyr/arch/arch/arm/core/aarch32/libarch__arm__core__aarch32.a(nmi_on_reset.S.obj)
 .debug_abbrev  0x00000000000020dd      0x14a zephyr/arch/arch/arm/core/aarch32/libarch__arm__core__aarch32.a(prep_c.c.obj)
 .debug_abbrev  0x0000000000002227       0x12 zephyr/arch/arch/arm/core/aarch32/libarch__arm__core__aarch32.a(swap_helper.S.obj)
 .debug_abbrev  0x0000000000002239      0x2ed zephyr/arch/arch/arm/core/aarch32/libarch__arm__core__aarch32.a(thread.c.obj)
 .debug_abbrev  0x0000000000002526       0x14 zephyr/arch/arch/arm/core/aarch32/libarch__arm__core__aarch32.a(isr_wrapper.S.obj)
 .debug_abbrev  0x000000000000253a       0x14 zephyr/arch/arch/arm/core/aarch32/cortex_m/libarch__arm__core__aarch32__cortex_m.a(exc_exit.S.obj)
 .debug_abbrev  0x000000000000254e      0x3c9 zephyr/arch/arch/arm/core/aarch32/cortex_m/libarch__arm__core__aarch32__cortex_m.a(fault.c.obj)
 .debug_abbrev  0x0000000000002917       0x14 zephyr/arch/arch/arm/core/aarch32/cortex_m/libarch__arm__core__aarch32__cortex_m.a(fault_s.S.obj)
 .debug_abbrev  0x000000000000292b      0x159 zephyr/arch/arch/arm/core/aarch32/cortex_m/libarch__arm__core__aarch32__cortex_m.a(irq_init.c.obj)
 .debug_abbrev  0x0000000000002a84       0x14 zephyr/arch/arch/arm/core/aarch32/cortex_m/libarch__arm__core__aarch32__cortex_m.a(reset.S.obj)
 .debug_abbrev  0x0000000000002a98      0x275 zephyr/arch/arch/arm/core/aarch32/cortex_m/libarch__arm__core__aarch32__cortex_m.a(scb.c.obj)
 .debug_abbrev  0x0000000000002d0d      0x171 zephyr/lib/libc/minimal/liblib__libc__minimal.a(string.c.obj)
 .debug_abbrev  0x0000000000002e7e      0x7e4 zephyr/drivers/clock_control/libdrivers__clock_control.a(clock_control_nrf.c.obj)
 .debug_abbrev  0x0000000000003662      0x533 zephyr/drivers/flash/libdrivers__flash.a(soc_flash_nrf.c.obj)
 .debug_abbrev  0x0000000000003b95      0x1cc zephyr/drivers/flash/libdrivers__flash.a(flash_page_layout.c.obj)
 .debug_abbrev  0x0000000000003d61      0x608 zephyr/drivers/timer/libdrivers__timer.a(nrf_rtc_timer.c.obj)
 .debug_abbrev  0x0000000000004369      0x2bc modules/nrf/lib/fprotect/lib..__nrf__lib__fprotect.a(fprotect_acl.c.obj)
 .debug_abbrev  0x0000000000004625      0x21b modules/nrf/lib/fatal_error/lib..__nrf__lib__fatal_error.a(fatal_error.c.obj)
 .debug_abbrev  0x0000000000004840      0x2ce modules/nrf/subsys/bootloader/bl_boot/lib..__nrf__subsys__bootloader__bl_boot.a(bl_boot.c.obj)
 .debug_abbrev  0x0000000000004b0e      0x201 modules/nrf/subsys/bootloader/bl_crypto/lib..__nrf__subsys__bootloader__bl_crypto.a(bl_crypto.c.obj)
 .debug_abbrev  0x0000000000004d0f      0x118 modules/nrf/subsys/bootloader/bl_crypto/lib..__nrf__subsys__bootloader__bl_crypto.a(bl_crypto_oberon_hash.c.obj)
 .debug_abbrev  0x0000000000004e27      0x312 modules/nrf/subsys/bootloader/bl_validation/lib..__nrf__subsys__bootloader__bl_validation.a(bl_validation.c.obj)
 .debug_abbrev  0x0000000000005139      0x346 modules/nrf/subsys/bootloader/bl_storage/lib..__nrf__subsys__bootloader__bl_storage.a(bl_storage.c.obj)
 .debug_abbrev  0x000000000000547f      0x2ee modules/nrf/subsys/pcd/lib..__nrf__subsys__pcd.a(pcd.c.obj)
 .debug_abbrev  0x000000000000576d      0x300 modules/nrf/subsys/fw_info/lib..__nrf__subsys__fw_info.a(fw_info.c.obj)
 .debug_abbrev  0x0000000000005a6d      0x1c8 modules/hal_nordic/nrfx/libmodules__hal_nordic__nrfx.a(system_nrf5340_network.c.obj)
 .debug_abbrev  0x0000000000005c35      0x14e modules/hal_nordic/nrfx/libmodules__hal_nordic__nrfx.a(nrfx_glue.c.obj)
 .debug_abbrev  0x0000000000005d83      0x4ef modules/hal_nordic/nrfx/libmodules__hal_nordic__nrfx.a(nrfx_clock.c.obj)
 .debug_abbrev  0x0000000000006272      0x3dd modules/hal_nordic/nrfx/libmodules__hal_nordic__nrfx.a(nrfx_nvmc.c.obj)
 .debug_abbrev  0x000000000000664f      0x32d zephyr/kernel/libkernel.a(device.c.obj)
 .debug_abbrev  0x000000000000697c      0x3b0 zephyr/kernel/libkernel.a(fatal.c.obj)
 .debug_abbrev  0x0000000000006d2c      0x421 zephyr/kernel/libkernel.a(init.c.obj)
 .debug_abbrev  0x000000000000714d      0x4e9 zephyr/kernel/libkernel.a(thread.c.obj)
 .debug_abbrev  0x0000000000007636       0xb5 zephyr/kernel/libkernel.a(xip.c.obj)
 .debug_abbrev  0x00000000000076eb      0x478 zephyr/kernel/libkernel.a(timeout.c.obj)
 .debug_abbrev  0x0000000000007b63       0x89 zephyr/kernel/libkernel.a(banner.c.obj)
 .debug_abbrev  0x0000000000007bec       0x62 zephyr/CMakeFiles/offsets.dir/./arch/arm/core/offsets/offsets.c.obj
 .debug_abbrev  0x0000000000007c4e       0xd4 zephyr/arch/common/libisr_tables.a(isr_tables.c.obj)

.debug_line     0x0000000000000000    0x10f86
 *(SORT_BY_ALIGNMENT(.debug_line) SORT_BY_ALIGNMENT(.debug_line.*) SORT_BY_ALIGNMENT(.debug_line_end))
 .debug_line    0x0000000000000000      0x3ef app/libapp.a(main.c.obj)
 .debug_line    0x00000000000003ef      0x24b zephyr/libzephyr.a(notify.c.obj)
 .debug_line    0x000000000000063a      0x3cc zephyr/libzephyr.a(printk.c.obj)
 .debug_line    0x0000000000000a06     0x1353 zephyr/libzephyr.a(onoff.c.obj)
 .debug_line    0x0000000000001d59      0xbfa zephyr/libzephyr.a(cbprintf_complete.c.obj)
 .debug_line    0x0000000000002953      0x193 zephyr/libzephyr.a(assert.c.obj)
 .debug_line    0x0000000000002ae6      0x1eb zephyr/libzephyr.a(configs.c.obj)
 .debug_line    0x0000000000002cd1      0x368 zephyr/libzephyr.a(soc.c.obj)
 .debug_line    0x0000000000003039       0x7b zephyr/libzephyr.a(soc_nrf_common.S.obj)
 .debug_line    0x00000000000030b4      0x303 zephyr/libzephyr.a(log_minimal.c.obj)
 .debug_line    0x00000000000033b7      0x902 zephyr/libzephyr.a(stream_flash.c.obj)
 .debug_line    0x0000000000003cb9       0xa7 zephyr/arch/arch/arm/core/aarch32/libarch__arm__core__aarch32.a(cpu_idle.S.obj)
 .debug_line    0x0000000000003d60      0x359 zephyr/arch/arch/arm/core/aarch32/libarch__arm__core__aarch32.a(fatal.c.obj)
 .debug_line    0x00000000000040b9      0x385 zephyr/arch/arch/arm/core/aarch32/libarch__arm__core__aarch32.a(irq_manage.c.obj)
 .debug_line    0x000000000000443e       0xcc zephyr/arch/arch/arm/core/aarch32/libarch__arm__core__aarch32.a(nmi.c.obj)
 .debug_line    0x000000000000450a       0x76 zephyr/arch/arch/arm/core/aarch32/libarch__arm__core__aarch32.a(nmi_on_reset.S.obj)
 .debug_line    0x0000000000004580      0x231 zephyr/arch/arch/arm/core/aarch32/libarch__arm__core__aarch32.a(prep_c.c.obj)
 .debug_line    0x00000000000047b1       0xcb zephyr/arch/arch/arm/core/aarch32/libarch__arm__core__aarch32.a(swap_helper.S.obj)
 .debug_line    0x000000000000487c      0x44f zephyr/arch/arch/arm/core/aarch32/libarch__arm__core__aarch32.a(thread.c.obj)
 .debug_line    0x0000000000004ccb       0x8d zephyr/arch/arch/arm/core/aarch32/libarch__arm__core__aarch32.a(isr_wrapper.S.obj)
 .debug_line    0x0000000000004d58       0x7b zephyr/arch/arch/arm/core/aarch32/cortex_m/libarch__arm__core__aarch32__cortex_m.a(exc_exit.S.obj)
 .debug_line    0x0000000000004dd3      0xace zephyr/arch/arch/arm/core/aarch32/cortex_m/libarch__arm__core__aarch32__cortex_m.a(fault.c.obj)
 .debug_line    0x00000000000058a1       0x83 zephyr/arch/arch/arm/core/aarch32/cortex_m/libarch__arm__core__aarch32__cortex_m.a(fault_s.S.obj)