Archive member included to satisfy reference by file (symbol)

platform/libplatform_s.a(hw_init.o)
                              secure_fw/CMakeFiles/tfm_s.dir/__/platform/ext/target/nordic_nrf/common/nrf5340/gcc/startup_nrf5340_s.o (hw_init_reset_on_boot)
platform/libplatform_s.a(system_nrf5340_application.o)
                              secure_fw/CMakeFiles/tfm_s.dir/__/platform/ext/target/nordic_nrf/common/nrf5340/gcc/startup_nrf5340_s.o (SystemInit)
secure_fw/partitions/lib/sprt/libtfm_sprt.a(crt_memset.o)
                              c:/users/khair/ncs/toolchains/v2.1.0/opt/zephyr-sdk/arm-zephyr-eabi/bin/../lib/gcc/arm-zephyr-eabi/10.3.0/../../../../arm-zephyr-eabi/lib/thumb/v8-m.main/nofp/crt0.o (memset)
secure_fw/spm/libtfm_spm.a(main.o)
                              c:/users/khair/ncs/toolchains/v2.1.0/opt/zephyr-sdk/arm-zephyr-eabi/bin/../lib/gcc/arm-zephyr-eabi/10.3.0/../../../../arm-zephyr-eabi/lib/thumb/v8-m.main/nofp/crt0.o (main)
secure_fw/spm/libtfm_spm.a(spm_cross_call.o)
                              secure_fw/CMakeFiles/tfm_s.dir/partitions/ns_agent_tz/tfm_psa_api_veneers.o (spm_interface_cross_dispatcher)
secure_fw/spm/libtfm_spm.a(psa_api.o)
                              secure_fw/spm/libtfm_spm.a(spm_cross_call.o) (spm_handle_programmer_errors)
secure_fw/spm/libtfm_spm.a(backend_ipc.o)
                              secure_fw/spm/libtfm_spm.a(spm_cross_call.o) (p_spm_thread_context)
secure_fw/spm/libtfm_spm.a(tfm_core_svcalls_ipc.o)
                              secure_fw/spm/libtfm_spm.a(main.o) (tfm_core_handler_mode)
secure_fw/spm/libtfm_spm.a(thread.o)
                              secure_fw/spm/libtfm_spm.a(spm_cross_call.o) (p_curr_thrd)
secure_fw/spm/libtfm_spm.a(tfm_arch_v8m_main.o)
                              secure_fw/spm/libtfm_spm.a(spm_cross_call.o) (arch_non_preempt_call)
secure_fw/spm/libtfm_spm.a(ns_agent_tz.o)
                              secure_fw/CMakeFiles/tfm_s.dir/partitions/ns_agent_tz/load_info_ns_agent_tz.o (ns_agent_tz_main)
secure_fw/spm/libtfm_spm.a(idle_partition.o)
                              secure_fw/CMakeFiles/tfm_s.dir/partitions/idle_partition/load_info_idle_sp.o (tfm_idle_thread)
secure_fw/spm/libtfm_spm.a(tfm_boot_data.o)
                              secure_fw/spm/libtfm_spm.a(main.o) (tfm_core_validate_boot_data)
secure_fw/spm/libtfm_spm.a(tfm_core_utils.o)
                              secure_fw/spm/libtfm_spm.a(psa_api.o) (spm_memcpy)
secure_fw/spm/libtfm_spm.a(utilities.o)
                              secure_fw/spm/libtfm_spm.a(main.o) (tfm_core_panic)
secure_fw/spm/libtfm_spm.a(tfm_arch.o)
                              secure_fw/spm/libtfm_spm.a(tfm_core_svcalls_ipc.o) (tfm_arch_free_msp_and_exc_ret)
secure_fw/spm/libtfm_spm.a(spm_ipc.o)
                              secure_fw/spm/libtfm_spm.a(psa_api.o) (stateless_services_ref_tbl)
secure_fw/spm/libtfm_spm.a(static_load.o)
                              secure_fw/spm/libtfm_spm.a(spm_ipc.o) (load_a_partition_assuredly)
secure_fw/spm/libtfm_spm.a(tfm_pools.o)
                              secure_fw/spm/libtfm_spm.a(spm_ipc.o) (tfm_pool_init)
secure_fw/spm/libtfm_spm.a(tfm_spm_ns_ctx.o)
                              secure_fw/spm/libtfm_spm.a(spm_ipc.o) (tfm_nspm_get_current_client_id)
secure_fw/partitions/crypto/libtfm_psa_rot_partition_crypto.a(crypto_init.o)
                              secure_fw/CMakeFiles/tfm_s.dir/__/generated/secure_fw/partitions/crypto/auto_generated/load_info_tfm_crypto.o (tfm_crypto_init)
secure_fw/partitions/crypto/libtfm_psa_rot_partition_crypto.a(crypto_alloc.o)
                              secure_fw/partitions/crypto/libtfm_psa_rot_partition_crypto.a(crypto_init.o) (tfm_crypto_init_alloc)
secure_fw/partitions/crypto/libtfm_psa_rot_partition_crypto.a(crypto_cipher.o)
                              secure_fw/partitions/crypto/libtfm_psa_rot_partition_crypto.a(crypto_init.o) (tfm_crypto_cipher_generate_iv)
secure_fw/partitions/crypto/libtfm_psa_rot_partition_crypto.a(crypto_hash.o)
                              secure_fw/partitions/crypto/libtfm_psa_rot_partition_crypto.a(crypto_init.o) (tfm_crypto_hash_setup)
secure_fw/partitions/crypto/libtfm_psa_rot_partition_crypto.a(crypto_mac.o)
                              secure_fw/partitions/crypto/libtfm_psa_rot_partition_crypto.a(crypto_init.o) (tfm_crypto_mac_sign_setup)
secure_fw/partitions/crypto/libtfm_psa_rot_partition_crypto.a(crypto_aead.o)
                              secure_fw/partitions/crypto/libtfm_psa_rot_partition_crypto.a(crypto_init.o) (tfm_crypto_aead_encrypt)
secure_fw/partitions/crypto/libtfm_psa_rot_partition_crypto.a(crypto_asymmetric.o)
                              secure_fw/partitions/crypto/libtfm_psa_rot_partition_crypto.a(crypto_init.o) (tfm_crypto_sign_message)
secure_fw/partitions/crypto/libtfm_psa_rot_partition_crypto.a(crypto_key_derivation.o)
                              secure_fw/partitions/crypto/libtfm_psa_rot_partition_crypto.a(crypto_init.o) (tfm_crypto_key_derivation_setup)
[...]
Memory Configuration

Name             Origin             Length             Attributes
FLASH            0x0000000000010200 0x000000000000c000 xr
RAM              0x0000000020002000 0x0000000000008000 xrw
*default*        0x0000000000000000 0xffffffffffffffff

Linker script and memory map

LOAD c:/users/khair/ncs/toolchains/v2.1.0/opt/zephyr-sdk/arm-zephyr-eabi/bin/../lib/gcc/arm-zephyr-eabi/10.3.0/thumb/v8-m.main/nofp/crti.o
LOAD c:/users/khair/ncs/toolchains/v2.1.0/opt/zephyr-sdk/arm-zephyr-eabi/bin/../lib/gcc/arm-zephyr-eabi/10.3.0/thumb/v8-m.main/nofp/crtbegin.o
LOAD c:/users/khair/ncs/toolchains/v2.1.0/opt/zephyr-sdk/arm-zephyr-eabi/bin/../lib/gcc/arm-zephyr-eabi/10.3.0/../../../../arm-zephyr-eabi/lib/thumb/v8-m.main/nofp/crt0.o
LOAD secure_fw/CMakeFiles/tfm_s.dir/partitions/ns_agent_tz/tfm_psa_api_veneers.o
LOAD secure_fw/CMakeFiles/tfm_s.dir/__/platform/ext/target/nordic_nrf/common/nrf5340/gcc/startup_nrf5340_s.o
LOAD secure_fw/CMakeFiles/tfm_s.dir/__/platform/ext/common/faults.o
LOAD secure_fw/CMakeFiles/tfm_s.dir/__/generated/secure_fw/partitions/crypto/auto_generated/load_info_tfm_crypto.o
LOAD secure_fw/CMakeFiles/tfm_s.dir/__/generated/secure_fw/partitions/platform/auto_generated/load_info_tfm_platform.o
LOAD secure_fw/CMakeFiles/tfm_s.dir/partitions/ns_agent_tz/load_info_ns_agent_tz.o
LOAD secure_fw/CMakeFiles/tfm_s.dir/partitions/idle_partition/load_info_idle_sp.o
LOAD secure_fw/CMakeFiles/tfm_s.dir/__/platform/ext/target/nordic_nrf/common/core/plat_test.o
LOAD secure_fw/CMakeFiles/tfm_s.dir/spm/cmsis_psa/psa_interface_cross.o
LOAD secure_fw/CMakeFiles/tfm_s.dir/__/interface/src/tfm_psa_call_pack.o
LOAD platform/libplatform_s.a
LOAD secure_fw/partitions/lib/sprt/libtfm_sprt.a
LOAD secure_fw/spm/libtfm_spm.a
LOAD secure_fw/partitions/crypto/libtfm_psa_rot_partition_crypto.a
LOAD secure_fw/partitions/crypto/mbedcrypto/nrf_security_src/libcrypto_service_mbedcrypto.a
LOAD secure_fw/partitions/platform/libtfm_psa_rot_partition_platform.a
LOAD platform/libplatform_s.a
LOAD secure_fw/partitions/lib/sprt/libtfm_sprt.a
LOAD secure_fw/spm/libtfm_spm.a
LOAD secure_fw/partitions/crypto/libtfm_psa_rot_partition_crypto.a
LOAD secure_fw/partitions/crypto/mbedcrypto/nrf_security_src/libcrypto_service_mbedcrypto.a
LOAD secure_fw/partitions/platform/libtfm_psa_rot_partition_platform.a
LOAD platform/libplatform_s.a
LOAD secure_fw/partitions/lib/sprt/libtfm_sprt.a
LOAD secure_fw/spm/libtfm_spm.a
LOAD secure_fw/partitions/crypto/libtfm_psa_rot_partition_crypto.a
LOAD secure_fw/partitions/crypto/mbedcrypto/nrf_security_src/libcrypto_service_mbedcrypto.a
LOAD secure_fw/partitions/platform/libtfm_psa_rot_partition_platform.a
LOAD C:/Users/khair/ncs/v2.1.0/nrfxlib/crypto/nrf_cc312_platform/lib/cortex-m33/soft-float/no-interrupts/libnrf_cc312_platform_0.9.15.a
LOAD secure_fw/partitions/crypto/mbedcrypto/nrf_security_crypto/liboberon_mbedcrypto__psa_3.0.12.a
LOAD C:/Users/khair/ncs/v2.1.0/nrfxlib/crypto/nrf_oberon/lib/cortex-m33/soft-float/liboberon_mbedtls_3.0.12.a
LOAD secure_fw/partitions/crypto/mbedcrypto/nrf_security_src/libmbedcrypto_base.a
LOAD C:/Users/khair/ncs/v2.1.0/nrfxlib/crypto/nrf_oberon/lib/cortex-m33/soft-float/liboberon_3.0.12.a
START GROUP
LOAD c:/users/khair/ncs/toolchains/v2.1.0/opt/zephyr-sdk/arm-zephyr-eabi/bin/../lib/gcc/arm-zephyr-eabi/10.3.0/thumb/v8-m.main/nofp\libgcc.a
LOAD c:/users/khair/ncs/toolchains/v2.1.0/opt/zephyr-sdk/arm-zephyr-eabi/bin/../lib/gcc/arm-zephyr-eabi/10.3.0/../../../../arm-zephyr-eabi/lib/thumb/v8-m.main/nofp\libg_nano.a
LOAD c:/users/khair/ncs/toolchains/v2.1.0/opt/zephyr-sdk/arm-zephyr-eabi/bin/../lib/gcc/arm-zephyr-eabi/10.3.0/../../../../arm-zephyr-eabi/lib/thumb/v8-m.main/nofp\libc_nano.a
END GROUP
START GROUP
LOAD c:/users/khair/ncs/toolchains/v2.1.0/opt/zephyr-sdk/arm-zephyr-eabi/bin/../lib/gcc/arm-zephyr-eabi/10.3.0/thumb/v8-m.main/nofp\libgcc.a
LOAD c:/users/khair/ncs/toolchains/v2.1.0/opt/zephyr-sdk/arm-zephyr-eabi/bin/../lib/gcc/arm-zephyr-eabi/10.3.0/../../../../arm-zephyr-eabi/lib/thumb/v8-m.main/nofp\libc_nano.a
END GROUP
LOAD c:/users/khair/ncs/toolchains/v2.1.0/opt/zephyr-sdk/arm-zephyr-eabi/bin/../lib/gcc/arm-zephyr-eabi/10.3.0/thumb/v8-m.main/nofp/crtend.o
LOAD c:/users/khair/ncs/toolchains/v2.1.0/opt/zephyr-sdk/arm-zephyr-eabi/bin/../lib/gcc/arm-zephyr-eabi/10.3.0/thumb/v8-m.main/nofp/crtn.o
                0x0000000000001000                __heap_size__ = 0x1000
                0x0000000000000800                __msp_init_stack_size__ = 0x800
START GROUP
LOAD c:/users/khair/ncs/toolchains/v2.1.0/opt/zephyr-sdk/arm-zephyr-eabi/bin/../lib/gcc/arm-zephyr-eabi/10.3.0/thumb/v8-m.main/nofp\libgcc.a
LOAD c:/users/khair/ncs/toolchains/v2.1.0/opt/zephyr-sdk/arm-zephyr-eabi/bin/../lib/gcc/arm-zephyr-eabi/10.3.0/../../../../arm-zephyr-eabi/lib/thumb/v8-m.main/nofp\libc.a
LOAD c:/users/khair/ncs/toolchains/v2.1.0/opt/zephyr-sdk/arm-zephyr-eabi/bin/../lib/gcc/arm-zephyr-eabi/10.3.0/../../../../arm-zephyr-eabi/lib/thumb/v8-m.main/nofp\libm.a
LOAD c:/users/khair/ncs/toolchains/v2.1.0/opt/zephyr-sdk/arm-zephyr-eabi/bin/../lib/gcc/arm-zephyr-eabi/10.3.0/../../../../arm-zephyr-eabi/lib/thumb/v8-m.main/nofp\libnosys.a
LOAD c:/users/khair/ncs/toolchains/v2.1.0/opt/zephyr-sdk/arm-zephyr-eabi/bin/../lib/gcc/arm-zephyr-eabi/10.3.0/../../../../arm-zephyr-eabi/lib/thumb/v8-m.main/nofp\libc_nano.a
END GROUP

.TFM_VECTORS    0x0000000000010200      0x2a4
                0x0000000000010200                __vectors_start__ = .
 *(.vectors)
 .vectors       0x0000000000010200      0x154 secure_fw/CMakeFiles/tfm_s.dir/__/platform/ext/target/nordic_nrf/common/nrf5340/gcc/startup_nrf5340_s.o
                0x0000000000010200                __Vectors
                0x0000000000010354                __vectors_end__ = .
 *startup*(.text*)
 .text          0x0000000000010354      0x150 secure_fw/CMakeFiles/tfm_s.dir/__/platform/ext/target/nordic_nrf/common/nrf5340/gcc/startup_nrf5340_s.o
                0x0000000000010354                Reset_Handler
                0x00000000000103d4                Default_Handler
                0x00000000000103d6                NMI_Handler
                0x00000000000103f2                DebugMon_Handler
                0x00000000000103fa                SysTick_Handler
                0x00000000000103fe                FPU_IRQHandler
                0x0000000000010402                CACHE_IRQHandler
                0x0000000000010406                SPU_IRQHandler
                0x000000000001040a                CLOCK_POWER_IRQHandler
                0x000000000001040e                SERIAL0_IRQHandler
                0x0000000000010412                SERIAL1_IRQHandler
                0x0000000000010416                SPIM4_IRQHandler
                0x000000000001041a                SERIAL2_IRQHandler
                0x000000000001041e                SERIAL3_IRQHandler
                0x0000000000010422                GPIOTE0_IRQHandler
                0x0000000000010426                SAADC_IRQHandler
                0x000000000001042a                TIMER0_IRQHandler
                0x000000000001042e                TIMER1_IRQHandler
                0x0000000000010432                TIMER2_IRQHandler
                0x0000000000010436                RTC0_IRQHandler
                0x000000000001043a                RTC1_IRQHandler
                0x000000000001043e                WDT0_IRQHandler
                0x0000000000010442                WDT1_IRQHandler
                0x0000000000010446                COMP_LPCOMP_IRQHandler
                0x000000000001044a                EGU0_IRQHandler
                0x000000000001044e                EGU1_IRQHandler
                0x0000000000010452                EGU2_IRQHandler
                0x0000000000010456                EGU3_IRQHandler
                0x000000000001045a                EGU4_IRQHandler
                0x000000000001045e                EGU5_IRQHandler
                0x0000000000010462                PWM0_IRQHandler
                0x0000000000010466                PWM1_IRQHandler
                0x000000000001046a                PWM2_IRQHandler
                0x000000000001046e                PWM3_IRQHandler
                0x0000000000010472                PDM0_IRQHandler
                0x0000000000010476                I2S0_IRQHandler
                0x000000000001047a                IPC_IRQHandler
                0x000000000001047e                QSPI_IRQHandler
                0x0000000000010482                NFCT_IRQHandler
                0x0000000000010486                GPIOTE1_IRQHandler
                0x000000000001048a                QDEC0_IRQHandler
                0x000000000001048e                QDEC1_IRQHandler
                0x0000000000010492                USBD_IRQHandler
                0x0000000000010496                USBREGULATOR_IRQHandler
                0x000000000001049a                KMU_IRQHandler
                0x000000000001049e                CRYPTOCELL_IRQHandler
                0x00000000000104a4                . = ALIGN (0x4)

.copy.table     0x00000000000104a4       0x24
                0x00000000000104a4                __copy_table_start__ = .
                0x00000000000104a4        0x4 LONG 0x1a23c LOADADDR (.TFM_DATA)
                0x00000000000104a8        0x4 LONG 0x20004f20 ADDR (.TFM_DATA)
                0x00000000000104ac        0x4 LONG 0x108 SIZEOF (.TFM_DATA)
                0x00000000000104b0        0x4 LONG 0x1a240 LOADADDR (.TFM_PSA_ROT_LINKER_DATA)
                0x00000000000104b4        0x4 LONG 0x20003c40 ADDR (.TFM_PSA_ROT_LINKER_DATA)
                0x00000000000104b8        0x4 LONG 0x0 SIZEOF (.TFM_PSA_ROT_LINKER_DATA)
                0x00000000000104bc        0x4 LONG 0x1a240 LOADADDR (.TFM_APP_ROT_LINKER_DATA)
                0x00000000000104c0        0x4 LONG 0x20003c20 ADDR (.TFM_APP_ROT_LINKER_DATA)
                0x00000000000104c4        0x4 LONG 0x0 SIZEOF (.TFM_APP_ROT_LINKER_DATA)
                0x00000000000104c8                __copy_table_end__ = .

.zero.table     0x00000000000104c8       0x20
                0x00000000000104c8                __zero_table_start__ = .
                0x00000000000104c8        0x4 LONG 0x20005040 ADDR (.TFM_BSS)
                0x00000000000104cc        0x4 LONG 0x1a70 SIZEOF (.TFM_BSS)
                0x00000000000104d0        0x4 LONG 0x20003c40 ADDR (.TFM_PSA_ROT_LINKER_BSS)
                0x00000000000104d4        0x4 LONG 0x12e0 SIZEOF (.TFM_PSA_ROT_LINKER_BSS)
                0x00000000000104d8        0x4 LONG 0x20003c20 ADDR (.TFM_APP_ROT_LINKER_BSS)
                0x00000000000104dc        0x4 LONG 0x20 SIZEOF (.TFM_APP_ROT_LINKER_BSS)
                0x00000000000104e0        0x4 LONG 0x20003c00 ADDR (.TFM_SP_META_PTR)
                0x00000000000104e4        0x4 LONG 0x4 SIZEOF (.TFM_SP_META_PTR)
                0x00000000000104e8                __zero_table_end__ = .

.igot.plt       0x00000000000104e8        0x0
 .igot.plt      0x00000000000104e8        0x0 c:/users/khair/ncs/toolchains/v2.1.0/opt/zephyr-sdk/arm-zephyr-eabi/bin/../lib/gcc/arm-zephyr-eabi/10.3.0/thumb/v8-m.main/nofp/crtbegin.o

.TFM_UNPRIV_CODE
                0x0000000000010500      0x440
 *libc_nano*:*(.text*)
 *libc_nano*:*(.rodata*)
 *(SFN)
 SFN            0x0000000000010500      0x110 secure_fw/CMakeFiles/tfm_s.dir/partitions/ns_agent_tz/tfm_psa_api_veneers.o
                0x0000000000010500                __acle_se_tfm_psa_framework_version_veneer
                0x0000000000010530                __acle_se_tfm_psa_version_veneer
                0x0000000000010560                __acle_se_tfm_psa_call_veneer
                0x0000000000010598                __acle_se_tfm_psa_connect_veneer
                0x00000000000105ca                __acle_se_tfm_psa_close_veneer
 *libgcc*:*(.text*)
 .text          0x0000000000010610       0xc8 c:/users/khair/ncs/toolchains/v2.1.0/opt/zephyr-sdk/arm-zephyr-eabi/bin/../lib/gcc/arm-zephyr-eabi/10.3.0/thumb/v8-m.main/nofp\libgcc.a(cmse.o)
                0x0000000000010610                cmse_check_address_range
 *libgcc*:*(.rodata*)
 *libtfm_sprt*:*(.text*)
 .text.memset   0x00000000000106d8       0x8e secure_fw/partitions/lib/sprt/libtfm_sprt.a(crt_memset.o)
                0x00000000000106d8                memset
 .text.memcpy   0x0000000000010766       0xbe secure_fw/partitions/lib/sprt/libtfm_sprt.a(crt_memcpy.o)
                0x0000000000010766                memcpy
 .text.runtime_init_c
                0x0000000000010824       0x30 secure_fw/partitions/lib/sprt/libtfm_sprt.a(sprt_main.o)
 .text.sprt_main
                0x0000000000010854        0x8 secure_fw/partitions/lib/sprt/libtfm_sprt.a(sprt_main.o)
                0x0000000000010854                sprt_main
 .text.common_sfn_thread
                0x000000000001085c       0xc8 secure_fw/partitions/lib/sprt/libtfm_sprt.a(sfn_common_thread.o)
                0x000000000001085c                common_sfn_thread
 *libtfm_sprt*:*(.rodata*)
 *psa_client.*(.text*)
 *psa_client.*(.rodata*)
 *psa_service.*(.text*)
 *psa_service.*(.rodata*)
 *psa_lifecycle.*(.text*)
 *psa_lifecycle.*(.rodata*)
 *tfm_log_raw.*(.text*)
 *tfm_log_raw.*(.rodata*)
 *tfm_psa_call_pack.*(.text*)
 *tfm_psa_call_pack.*(.rodata*)
 *psa_interface_svc.*(.text*)
 *psa_interface_svc.*(.rodata*)
                0x0000000000010940                . = ALIGN (0x20)
 *fill*         0x0000000000010924       0x1c 
                0x0000000000010500                Image$$TFM_UNPRIV_CODE$$RO$$Base = ADDR (.TFM_UNPRIV_CODE)
                0x0000000000010940                Image$$TFM_UNPRIV_CODE$$RO$$Limit = (ADDR (.TFM_UNPRIV_CODE) + SIZEOF (.TFM_UNPRIV_CODE))

.TFM_SP_LOAD_LIST
                0x0000000000010940      0x124
 *(.part_load)
 .part_load     0x0000000000010940       0x4c secure_fw/CMakeFiles/tfm_s.dir/__/generated/secure_fw/partitions/crypto/auto_generated/load_info_tfm_crypto.o
                0x0000000000010940                tfm_sp_crypto_load
 .part_load     0x000000000001098c       0x78 secure_fw/CMakeFiles/tfm_s.dir/__/generated/secure_fw/partitions/platform/auto_generated/load_info_tfm_platform.o
                0x000000000001098c                tfm_sp_platform_load
 .part_load     0x0000000000010a04       0x30 secure_fw/CMakeFiles/tfm_s.dir/partitions/ns_agent_tz/load_info_ns_agent_tz.o
                0x0000000000010a04                tfm_sp_ns_agent_tz_load
 .part_load     0x0000000000010a34       0x30 secure_fw/CMakeFiles/tfm_s.dir/partitions/idle_partition/load_info_idle_sp.o
                0x0000000000010a34                tfm_sp_idle_load
                0x0000000000010940                Image$$TFM_SP_LOAD_LIST$$RO$$Base = ADDR (.TFM_SP_LOAD_LIST)
                0x0000000000010a64                Image$$TFM_SP_LOAD_LIST$$RO$$Limit = (ADDR (.TFM_SP_LOAD_LIST) + SIZEOF (.TFM_SP_LOAD_LIST))
                0x0000000000010a80                . = ALIGN (0x20)
                0x0000000000010a80                Image$$TFM_PSA_CODE_START$$Base = .

.TFM_PSA_ROT_LINKER
                0x0000000000010a80      0xf40
 *tfm_psa_rot_partition*:*(.text*)
 .text.tfm_crypto_set_scratch_owner
                0x0000000000010a80       0x20 secure_fw/partitions/crypto/libtfm_psa_rot_partition_crypto.a(crypto_init.o)
 .text.tfm_crypto_alloc_scratch
                0x0000000000010aa0       0x58 secure_fw/partitions/crypto/libtfm_psa_rot_partition_crypto.a(crypto_init.o)
 .text.tfm_crypto_clear_scratch
                0x0000000000010af8       0x3c secure_fw/partitions/crypto/libtfm_psa_rot_partition_crypto.a(crypto_init.o)
                0x0000000000010af8                tfm_crypto_clear_scratch
 .text.tfm_crypto_call_srv
                0x0000000000010b34      0x260 secure_fw/partitions/crypto/libtfm_psa_rot_partition_crypto.a(crypto_init.o)
 .text.tfm_crypto_engine_init
                0x0000000000010d94       0x1c secure_fw/partitions/crypto/libtfm_psa_rot_partition_crypto.a(crypto_init.o)
 .text.tfm_crypto_module_init
                0x0000000000010db0        0xe secure_fw/partitions/crypto/libtfm_psa_rot_partition_crypto.a(crypto_init.o)
 .text.tfm_crypto_init
                0x0000000000010dbe       0x24 secure_fw/partitions/crypto/libtfm_psa_rot_partition_crypto.a(crypto_init.o)
                0x0000000000010dbe                tfm_crypto_init
 .text.tfm_crypto_sfn
                0x0000000000010de2       0x26 secure_fw/partitions/crypto/libtfm_psa_rot_partition_crypto.a(crypto_init.o)
                0x0000000000010de2                tfm_crypto_sfn
 .text.tfm_crypto_init_alloc
                0x0000000000010e08       0x2c secure_fw/partitions/crypto/libtfm_psa_rot_partition_crypto.a(crypto_alloc.o)
                0x0000000000010e08                tfm_crypto_init_alloc
 .text.tfm_crypto_cipher_generate_iv
                0x0000000000010e34       0x1c secure_fw/partitions/crypto/libtfm_psa_rot_partition_crypto.a(crypto_cipher.o)
                0x0000000000010e34                tfm_crypto_cipher_generate_iv
 .text.tfm_crypto_cipher_set_iv
                0x0000000000010e50       0x1c secure_fw/partitions/crypto/libtfm_psa_rot_partition_crypto.a(crypto_cipher.o)
                0x0000000000010e50                tfm_crypto_cipher_set_iv
 .text.tfm_crypto_cipher_encrypt_setup
                0x0000000000010e6c       0x1c secure_fw/partitions/crypto/libtfm_psa_rot_partition_crypto.a(crypto_cipher.o)
                0x0000000000010e6c                tfm_crypto_cipher_encrypt_setup
 .text.tfm_crypto_cipher_decrypt_setup
                0x0000000000010e88       0x1c secure_fw/partitions/crypto/libtfm_psa_rot_partition_crypto.a(crypto_cipher.o)
                0x0000000000010e88                tfm_crypto_cipher_decrypt_setup
 .text.tfm_crypto_cipher_update
                0x0000000000010ea4       0x1c secure_fw/partitions/crypto/libtfm_psa_rot_partition_crypto.a(crypto_cipher.o)
                0x0000000000010ea4                tfm_crypto_cipher_update
 .text.tfm_crypto_cipher_finish
                0x0000000000010ec0       0x1c secure_fw/partitions/crypto/libtfm_psa_rot_partition_crypto.a(crypto_cipher.o)
                0x0000000000010ec0                tfm_crypto_cipher_finish
 .text.tfm_crypto_cipher_abort
                0x0000000000010edc       0x1c secure_fw/partitions/crypto/libtfm_psa_rot_partition_crypto.a(crypto_cipher.o)
                0x0000000000010edc                tfm_crypto_cipher_abort
 .text.tfm_crypto_cipher_encrypt
                0x0000000000010ef8       0x1c secure_fw/partitions/crypto/libtfm_psa_rot_partition_crypto.a(crypto_cipher.o)
                0x0000000000010ef8                tfm_crypto_cipher_encrypt
 .text.tfm_crypto_cipher_decrypt
                0x0000000000010f14       0x1c secure_fw/partitions/crypto/libtfm_psa_rot_partition_crypto.a(crypto_cipher.o)
                0x0000000000010f14                tfm_crypto_cipher_decrypt
 .text.tfm_crypto_hash_setup
                0x0000000000010f30       0x1c secure_fw/partitions/crypto/libtfm_psa_rot_partition_crypto.a(crypto_hash.o)
                0x0000000000010f30                tfm_crypto_hash_setup
 .text.tfm_crypto_hash_update
                0x0000000000010f4c       0x1c secure_fw/partitions/crypto/libtfm_psa_rot_partition_crypto.a(crypto_hash.o)
                0x0000000000010f4c                tfm_crypto_hash_update
 .text.tfm_crypto_hash_finish
                0x0000000000010f68       0x1c secure_fw/partitions/crypto/libtfm_psa_rot_partition_crypto.a(crypto_hash.o)
                0x0000000000010f68                tfm_crypto_hash_finish
 .text.tfm_crypto_hash_verify
                0x0000000000010f84       0x1c secure_fw/partitions/crypto/libtfm_psa_rot_partition_crypto.a(crypto_hash.o)
                0x0000000000010f84                tfm_crypto_hash_verify
 .text.tfm_crypto_hash_abort
                0x0000000000010fa0       0x1c secure_fw/partitions/crypto/libtfm_psa_rot_partition_crypto.a(crypto_hash.o)
                0x0000000000010fa0                tfm_crypto_hash_abort
 .text.tfm_crypto_hash_clone
                0x0000000000010fbc       0x1c secure_fw/partitions/crypto/libtfm_psa_rot_partition_crypto.a(crypto_hash.o)
                0x0000000000010fbc                tfm_crypto_hash_clone
 .text.tfm_crypto_hash_compute
                0x0000000000010fd8       0x1c secure_fw/partitions/crypto/libtfm_psa_rot_partition_crypto.a(crypto_hash.o)
                0x0000000000010fd8                tfm_crypto_hash_compute
 .text.tfm_crypto_hash_compare
                0x0000000000010ff4       0x1c secure_fw/partitions/crypto/libtfm_psa_rot_partition_crypto.a(crypto_hash.o)
                0x0000000000010ff4                tfm_crypto_hash_compare
 .text.tfm_crypto_mac_sign_setup
                0x0000000000011010       0x1c secure_fw/partitions/crypto/libtfm_psa_rot_partition_crypto.a(crypto_mac.o)
                0x0000000000011010                tfm_crypto_mac_sign_setup
 .text.tfm_crypto_mac_verify_setup
                0x000000000001102c       0x1c secure_fw/partitions/crypto/libtfm_psa_rot_partition_crypto.a(crypto_mac.o)
                0x000000000001102c                tfm_crypto_mac_verify_setup
 .text.tfm_crypto_mac_update
                0x0000000000011048       0x1c secure_fw/partitions/crypto/libtfm_psa_rot_partition_crypto.a(crypto_mac.o)
                0x0000000000011048                tfm_crypto_mac_update
 .text.tfm_crypto_mac_sign_finish
                0x0000000000011064       0x1c secure_fw/partitions/crypto/libtfm_psa_rot_partition_crypto.a(crypto_mac.o)
                0x0000000000011064                tfm_crypto_mac_sign_finish
 .text.tfm_crypto_mac_verify_finish
                0x0000000000011080       0x1c secure_fw/partitions/crypto/libtfm_psa_rot_partition_crypto.a(crypto_mac.o)
                0x0000000000011080                tfm_crypto_mac_verify_finish
 .text.tfm_crypto_mac_abort
                0x000000000001109c       0x1c secure_fw/partitions/crypto/libtfm_psa_rot_partition_crypto.a(crypto_mac.o)
                0x000000000001109c                tfm_crypto_mac_abort
 .text.tfm_crypto_mac_compute
                0x00000000000110b8       0x1c secure_fw/partitions/crypto/libtfm_psa_rot_partition_crypto.a(crypto_mac.o)
                0x00000000000110b8                tfm_crypto_mac_compute
 .text.tfm_crypto_mac_verify
                0x00000000000110d4       0x1c secure_fw/partitions/crypto/libtfm_psa_rot_partition_crypto.a(crypto_mac.o)
                0x00000000000110d4                tfm_crypto_mac_verify
 .text.tfm_crypto_aead_encrypt
                0x00000000000110f0       0x1c secure_fw/partitions/crypto/libtfm_psa_rot_partition_crypto.a(crypto_aead.o)
                0x00000000000110f0                tfm_crypto_aead_encrypt
 .text.tfm_crypto_aead_decrypt
                0x000000000001110c       0x1c secure_fw/partitions/crypto/libtfm_psa_rot_partition_crypto.a(crypto_aead.o)
                0x000000000001110c                tfm_crypto_aead_decrypt
 .text.tfm_crypto_aead_encrypt_setup
                0x0000000000011128       0x1c secure_fw/partitions/crypto/libtfm_psa_rot_partition_crypto.a(crypto_aead.o)
                0x0000000000011128                tfm_crypto_aead_encrypt_setup
 .text.tfm_crypto_aead_decrypt_setup
                0x0000000000011144       0x1c secure_fw/partitions/crypto/libtfm_psa_rot_partition_crypto.a(crypto_aead.o)
                0x0000000000011144                tfm_crypto_aead_decrypt_setup
 .text.tfm_crypto_aead_abort
                0x0000000000011160       0x1c secure_fw/partitions/crypto/libtfm_psa_rot_partition_crypto.a(crypto_aead.o)
                0x0000000000011160                tfm_crypto_aead_abort
 .text.tfm_crypto_aead_finish
                0x000000000001117c       0x1c secure_fw/partitions/crypto/libtfm_psa_rot_partition_crypto.a(crypto_aead.o)
                0x000000000001117c                tfm_crypto_aead_finish
 .text.tfm_crypto_aead_generate_nonce
                0x0000000000011198       0x1c secure_fw/partitions/crypto/libtfm_psa_rot_partition_crypto.a(crypto_aead.o)
                0x0000000000011198                tfm_crypto_aead_generate_nonce
 .text.tfm_crypto_aead_set_nonce
                0x00000000000111b4       0x1c secure_fw/partitions/crypto/libtfm_psa_rot_partition_crypto.a(crypto_aead.o)
                0x00000000000111b4                tfm_crypto_aead_set_nonce
 .text.tfm_crypto_aead_set_lengths
                0x00000000000111d0       0x1c secure_fw/partitions/crypto/libtfm_psa_rot_partition_crypto.a(crypto_aead.o)
                0x00000000000111d0                tfm_crypto_aead_set_lengths
 .text.tfm_crypto_aead_update
                0x00000000000111ec       0x1c secure_fw/partitions/crypto/libtfm_psa_rot_partition_crypto.a(crypto_aead.o)
                0x00000000000111ec                tfm_crypto_aead_update
 .text.tfm_crypto_aead_update_ad
                0x0000000000011208       0x1c secure_fw/partitions/crypto/libtfm_psa_rot_partition_crypto.a(crypto_aead.o)
                0x0000000000011208                tfm_crypto_aead_update_ad
 .text.tfm_crypto_aead_verify
                0x0000000000011224       0x1c secure_fw/partitions/crypto/libtfm_psa_rot_partition_crypto.a(crypto_aead.o)
                0x0000000000011224                tfm_crypto_aead_verify
 .text.tfm_crypto_sign_message
                0x0000000000011240       0x1c secure_fw/partitions/crypto/libtfm_psa_rot_partition_crypto.a(crypto_asymmetric.o)
                0x0000000000011240                tfm_crypto_sign_message
 .text.tfm_crypto_verify_message
                0x000000000001125c       0x1c secure_fw/partitions/crypto/libtfm_psa_rot_partition_crypto.a(crypto_asymmetric.o)
                0x000000000001125c                tfm_crypto_verify_message
 .text.tfm_crypto_sign_hash
                0x0000000000011278       0x1c secure_fw/partitions/crypto/libtfm_psa_rot_partition_crypto.a(crypto_asymmetric.o)
                0x0000000000011278                tfm_crypto_sign_hash
 .text.tfm_crypto_verify_hash
                0x0000000000011294       0x1c secure_fw/partitions/crypto/libtfm_psa_rot_partition_crypto.a(crypto_asymmetric.o)
                0x0000000000011294                tfm_crypto_verify_hash
 .text.tfm_crypto_asymmetric_encrypt
                0x00000000000112b0       0x1c secure_fw/partitions/crypto/libtfm_psa_rot_partition_crypto.a(crypto_asymmetric.o)
                0x00000000000112b0                tfm_crypto_asymmetric_encrypt
 .text.tfm_crypto_asymmetric_decrypt
                0x00000000000112cc       0x1c secure_fw/partitions/crypto/libtfm_psa_rot_partition_crypto.a(crypto_asymmetric.o)
                0x00000000000112cc                tfm_crypto_asymmetric_decrypt
 .text.tfm_crypto_key_derivation_setup
                0x00000000000112e8       0x1c secure_fw/partitions/crypto/libtfm_psa_rot_partition_crypto.a(crypto_key_derivation.o)
                0x00000000000112e8                tfm_crypto_key_derivation_setup
 .text.tfm_crypto_key_derivation_get_capacity
                0x0000000000011304       0x1c secure_fw/partitions/crypto/libtfm_psa_rot_partition_crypto.a(crypto_key_derivation.o)
                0x0000000000011304                tfm_crypto_key_derivation_get_capacity
 .text.tfm_crypto_key_derivation_set_capacity
                0x0000000000011320       0x1c secure_fw/partitions/crypto/libtfm_psa_rot_partition_crypto.a(crypto_key_derivation.o)
                0x0000000000011320                tfm_crypto_key_derivation_set_capacity
 .text.tfm_crypto_key_derivation_input_bytes
                0x000000000001133c       0x1c secure_fw/partitions/crypto/libtfm_psa_rot_partition_crypto.a(crypto_key_derivation.o)
                0x000000000001133c                tfm_crypto_key_derivation_input_bytes
 .text.tfm_crypto_key_derivation_output_bytes
                0x0000000000011358       0x1c secure_fw/partitions/crypto/libtfm_psa_rot_partition_crypto.a(crypto_key_derivation.o)
                0x0000000000011358                tfm_crypto_key_derivation_output_bytes
 .text.tfm_crypto_key_derivation_input_key
                0x0000000000011374       0x1c secure_fw/partitions/crypto/libtfm_psa_rot_partition_crypto.a(crypto_key_derivation.o)
                0x0000000000011374                tfm_crypto_key_derivation_input_key
 .text.tfm_crypto_key_derivation_output_key
                0x0000000000011390       0x1c secure_fw/partitions/crypto/libtfm_psa_rot_partition_crypto.a(crypto_key_derivation.o)
                0x0000000000011390                tfm_crypto_key_derivation_output_key
 .text.tfm_crypto_key_derivation_abort
                0x00000000000113ac       0x1c secure_fw/partitions/crypto/libtfm_psa_rot_partition_crypto.a(crypto_key_derivation.o)
                0x00000000000113ac                tfm_crypto_key_derivation_abort
 .text.tfm_crypto_key_derivation_key_agreement
                0x00000000000113c8       0x1c secure_fw/partitions/crypto/libtfm_psa_rot_partition_crypto.a(crypto_key_derivation.o)
                0x00000000000113c8                tfm_crypto_key_derivation_key_agreement
 .text.tfm_crypto_raw_key_agreement
                0x00000000000113e4       0x1c secure_fw/partitions/crypto/libtfm_psa_rot_partition_crypto.a(crypto_key_derivation.o)
                0x00000000000113e4                tfm_crypto_raw_key_agreement
 .text.tfm_crypto_import_key
                0x0000000000011400       0x1c secure_fw/partitions/crypto/libtfm_psa_rot_partition_crypto.a(crypto_key_management.o)
                0x0000000000011400                tfm_crypto_import_key
 .text.tfm_crypto_open_key
                0x000000000001141c       0x1c secure_fw/partitions/crypto/libtfm_psa_rot_partition_crypto.a(crypto_key_management.o)
                0x000000000001141c                tfm_crypto_open_key
 .text.tfm_crypto_close_key
                0x0000000000011438       0x1c secure_fw/partitions/crypto/libtfm_psa_rot_partition_crypto.a(crypto_key_management.o)
                0x0000000000011438                tfm_crypto_close_key
 .text.tfm_crypto_destroy_key
                0x0000000000011454       0x1c secure_fw/partitions/crypto/libtfm_psa_rot_partition_crypto.a(crypto_key_management.o)
                0x0000000000011454                tfm_crypto_destroy_key
 .text.tfm_crypto_get_key_attributes
                0x0000000000011470       0x1c secure_fw/partitions/crypto/libtfm_psa_rot_partition_crypto.a(crypto_key_management.o)
                0x0000000000011470                tfm_crypto_get_key_attributes
 .text.tfm_crypto_reset_key_attributes
                0x000000000001148c       0x1c secure_fw/partitions/crypto/libtfm_psa_rot_partition_crypto.a(crypto_key_management.o)
                0x000000000001148c                tfm_crypto_reset_key_attributes
 .text.tfm_crypto_export_key
                0x00000000000114a8       0x1c secure_fw/partitions/crypto/libtfm_psa_rot_partition_crypto.a(crypto_key_management.o)
                0x00000000000114a8                tfm_crypto_export_key
 .text.tfm_crypto_export_public_key
                0x00000000000114c4       0x1c secure_fw/partitions/crypto/libtfm_psa_rot_partition_crypto.a(crypto_key_management.o)
                0x00000000000114c4                tfm_crypto_export_public_key
 .text.tfm_crypto_purge_key
                0x00000000000114e0       0x1c secure_fw/partitions/crypto/libtfm_psa_rot_partition_crypto.a(crypto_key_management.o)
                0x00000000000114e0                tfm_crypto_purge_key
 .text.tfm_crypto_copy_key
                0x00000000000114fc       0x1c secure_fw/partitions/crypto/libtfm_psa_rot_partition_crypto.a(crypto_key_management.o)
                0x00000000000114fc                tfm_crypto_copy_key
 .text.tfm_crypto_generate_key
                0x0000000000011518       0x1c secure_fw/partitions/crypto/libtfm_psa_rot_partition_crypto.a(crypto_key_management.o)
                0x0000000000011518                tfm_crypto_generate_key
 .text.tfm_crypto_private_check_length
                0x0000000000011534       0x3e secure_fw/partitions/crypto/libtfm_psa_rot_partition_crypto.a(crypto_rng.o)
 .text.tfm_crypto_generate_random
                0x0000000000011572       0x60 secure_fw/partitions/crypto/libtfm_psa_rot_partition_crypto.a(crypto_rng.o)
                0x0000000000011572                tfm_crypto_generate_random
 .text.platform_sp_system_reset
                0x00000000000115d2        0xe secure_fw/partitions/platform/libtfm_psa_rot_partition_platform.a(platform_sp.o)
                0x00000000000115d2                platform_sp_system_reset
 .text.platform_sp_system_reset_ipc
                0x00000000000115e0       0x16 secure_fw/partitions/platform/libtfm_psa_rot_partition_platform.a(platform_sp.o)
 .text.platform_sp_nv_counter_ipc
                0x00000000000115f6       0x16 secure_fw/partitions/platform/libtfm_psa_rot_partition_platform.a(platform_sp.o)
 .text.platform_sp_ioctl_ipc
                0x000000000001160c      0x1b4 secure_fw/partitions/platform/libtfm_psa_rot_partition_platform.a(platform_sp.o)
 .text.platform_signal_handle
                0x00000000000117c0       0x7c secure_fw/partitions/platform/libtfm_psa_rot_partition_platform.a(platform_sp.o)
 .text.platform_sp_init
                0x000000000001183c       0x64 secure_fw/partitions/platform/libtfm_psa_rot_partition_platform.a(platform_sp.o)
                0x000000000001183c                platform_sp_init
 *tfm_psa_rot_partition*:*(.rodata*)
 .rodata.sfid_func_table
                0x00000000000118a0      0x104 secure_fw/partitions/crypto/libtfm_psa_rot_partition_crypto.a(crypto_init.o)
 *(TFM_*_PSA-ROT_ATTR_FN)
                0x00000000000119c0                . = ALIGN (0x20)
 *fill*         0x00000000000119a4       0x1c 
                0x0000000000010a80                Image$$TFM_PSA_ROT_LINKER$$RO$$Base = ADDR (.TFM_PSA_ROT_LINKER)
                0x00000000000119c0                Image$$TFM_PSA_ROT_LINKER$$RO$$Limit = (ADDR (.TFM_PSA_ROT_LINKER) + SIZEOF (.TFM_PSA_ROT_LINKER))
                0x0000000000010a80                Image$$TFM_PSA_ROT_LINKER$$Base = ADDR (.TFM_PSA_ROT_LINKER)
                0x00000000000119c0                Image$$TFM_PSA_ROT_LINKER$$Limit = (ADDR (.TFM_PSA_ROT_LINKER) + SIZEOF (.TFM_PSA_ROT_LINKER))
                0x00000000000119c0                Image$$TFM_PSA_CODE_END$$Base = .
                0x00000000000119c0                Image$$TFM_APP_CODE_START$$Base = .

.TFM_APP_ROT_LINKER
                0x00000000000119c0        0x0
 *tfm_app_rot_partition*:*(.text*)
 *tfm_app_rot_partition*:*(.rodata*)
 *(TFM_*_APP-ROT_ATTR_FN)
                0x00000000000119c0                . = ALIGN (0x20)
                0x00000000000119c0                Image$$TFM_APP_ROT_LINKER$$RO$$Base = ADDR (.TFM_APP_ROT_LINKER)
                0x00000000000119c0                Image$$TFM_APP_ROT_LINKER$$RO$$Limit = (ADDR (.TFM_APP_ROT_LINKER) + SIZEOF (.TFM_APP_ROT_LINKER))
                0x00000000000119c0                Image$$TFM_APP_ROT_LINKER$$Base = ADDR (.TFM_APP_ROT_LINKER)
                0x00000000000119c0                Image$$TFM_APP_ROT_LINKER$$Limit = (ADDR (.TFM_APP_ROT_LINKER) + SIZEOF (.TFM_APP_ROT_LINKER))
                0x00000000000119c0                Image$$TFM_APP_CODE_END$$Base = .

.ER_TFM_CODE    0x00000000000119c0     0x7e38
 *(.text*)
 .text          0x00000000000119c0       0x40 c:/users/khair/ncs/toolchains/v2.1.0/opt/zephyr-sdk/arm-zephyr-eabi/bin/../lib/gcc/arm-zephyr-eabi/10.3.0/thumb/v8-m.main/nofp/crtbegin.o
 .text          0x0000000000011a00       0x7c c:/users/khair/ncs/toolchains/v2.1.0/opt/zephyr-sdk/arm-zephyr-eabi/bin/../lib/gcc/arm-zephyr-eabi/10.3.0/../../../../arm-zephyr-eabi/lib/thumb/v8-m.main/nofp/crt0.o
                0x0000000000011a00                _stack_init
                0x0000000000011a08                _start
                0x0000000000011a08                _mainCRTStartup
 .text.C_HardFault_Handler
                0x0000000000011a7c        0xc secure_fw/CMakeFiles/tfm_s.dir/__/platform/ext/common/faults.o
                0x0000000000011a7c                C_HardFault_Handler
 .text.HardFault_Handler
                0x0000000000011a88        0x8 secure_fw/CMakeFiles/tfm_s.dir/__/platform/ext/common/faults.o
                0x0000000000011a88                HardFault_Handler
 .text.C_MemManage_Handler
                0x0000000000011a90        0xc secure_fw/CMakeFiles/tfm_s.dir/__/platform/ext/common/faults.o
                0x0000000000011a90                C_MemManage_Handler
 .text.MemManage_Handler
                0x0000000000011a9c        0x8 secure_fw/CMakeFiles/tfm_s.dir/__/platform/ext/common/faults.o
                0x0000000000011a9c                MemManage_Handler
 .text.C_BusFault_Handler
                0x0000000000011aa4        0xc secure_fw/CMakeFiles/tfm_s.dir/__/platform/ext/common/faults.o
                0x0000000000011aa4                C_BusFault_Handler
 .text.BusFault_Handler
                0x0000000000011ab0        0x8 secure_fw/CMakeFiles/tfm_s.dir/__/platform/ext/common/faults.o
                0x0000000000011ab0                BusFault_Handler
 .text.C_SecureFault_Handler
                0x0000000000011ab8        0xc secure_fw/CMakeFiles/tfm_s.dir/__/platform/ext/common/faults.o
                0x0000000000011ab8                C_SecureFault_Handler
 .text.SecureFault_Handler
                0x0000000000011ac4        0x8 secure_fw/CMakeFiles/tfm_s.dir/__/platform/ext/common/faults.o
                0x0000000000011ac4                SecureFault_Handler
 .text.C_UsageFault_Handler
                0x0000000000011acc        0xc secure_fw/CMakeFiles/tfm_s.dir/__/platform/ext/common/faults.o
                0x0000000000011acc                C_UsageFault_Handler
 .text.UsageFault_Handler
                0x0000000000011ad8        0x8 secure_fw/CMakeFiles/tfm_s.dir/__/platform/ext/common/faults.o
                0x0000000000011ad8                UsageFault_Handler
 .text.ARM_MPU_ClrRegionEx
                0x0000000000011ae0       0x20 platform/libplatform_s.a(hw_init.o)
 .text.ARM_MPU_ClrRegion
                0x0000000000011b00       0x1c platform/libplatform_s.a(hw_init.o)
 .text.nrf_rtc_int_disable
                0x0000000000011b1c       0x1c platform/libplatform_s.a(hw_init.o)
 .text.nrf_rtc_task_trigger
                0x0000000000011b38       0x22 platform/libplatform_s.a(hw_init.o)
 .text.nrf_rtc_event_disable
                0x0000000000011b5a       0x1c platform/libplatform_s.a(hw_init.o)
 .text.nrf_uarte_int_disable
                0x0000000000011b76       0x1c platform/libplatform_s.a(hw_init.o)
 .text.nrf_uarte_disable
                0x0000000000011b92       0x1a platform/libplatform_s.a(hw_init.o)
 .text.nrf_clock_int_disable
                0x0000000000011bac       0x1c platform/libplatform_s.a(hw_init.o)
 .text.nrf_dppi_channels_disable_all
                0x0000000000011bc8       0x1c platform/libplatform_s.a(hw_init.o)
 .text.hw_init_mpu
                0x0000000000011be4       0x3c platform/libplatform_s.a(hw_init.o)
 .text.nrf_cleanup_rtc
                0x0000000000011c20       0x2c platform/libplatform_s.a(hw_init.o)
 .text.nrf_cleanup_uarte
                0x0000000000011c4c       0x3e platform/libplatform_s.a(hw_init.o)
 *fill*         0x0000000000011c8a        0x2 
 .text.nrf_cleanup_peripheral_interconnect
                0x0000000000011c8c       0x14 platform/libplatform_s.a(hw_init.o)
 .text.nrf_cleanup_clock
                0x0000000000011ca0       0x14 platform/libplatform_s.a(hw_init.o)
 .text.hw_init_nrf_peripherals
                0x0000000000011cb4       0x38 platform/libplatform_s.a(hw_init.o)
 .text.hw_init_reset_on_boot
                0x0000000000011cec       0x88 platform/libplatform_s.a(hw_init.o)
                0x0000000000011cec                hw_init_reset_on_boot
 .text.nrf53_errata_42
                0x0000000000011d74       0x60 platform/libplatform_s.a(system_nrf5340_application.o)
 .text.nrf53_errata_46
                0x0000000000011dd4       0x60 platform/libplatform_s.a(system_nrf5340_application.o)
 .text.nrf53_errata_49
                0x0000000000011e34       0x60 platform/libplatform_s.a(system_nrf5340_application.o)
 .text.nrf53_errata_55
                0x0000000000011e94       0x60 platform/libplatform_s.a(system_nrf5340_application.o)
 .text.nrf53_errata_64
                0x0000000000011ef4       0x60 platform/libplatform_s.a(system_nrf5340_application.o)
 .text.nrf53_errata_69
                0x0000000000011f54       0x60 platform/libplatform_s.a(system_nrf5340_application.o)
 .text.nrf53_errata_97
                0x0000000000011fb4       0x60 platform/libplatform_s.a(system_nrf5340_application.o)
 .text.nrf53_errata_140
                0x0000000000012014       0x60 platform/libplatform_s.a(system_nrf5340_application.o)
 .text.nrf53_handle_approtect
                0x0000000000012074       0x28 platform/libplatform_s.a(system_nrf5340_application.o)
 .text.SystemCoreClockUpdate
                0x000000000001209c       0x2c platform/libplatform_s.a(system_nrf5340_application.o)
                0x000000000001209c                SystemCoreClockUpdate
 .text.SystemInit
                0x00000000000120c8      0x1b4 platform/libplatform_s.a(system_nrf5340_application.o)
                0x00000000000120c8                SystemInit
 .text.tfm_arch_set_msplim
                0x000000000001227c       0x1e secure_fw/spm/libtfm_spm.a(main.o)
 .text.tfm_core_init
                0x000000000001229a       0x72 secure_fw/spm/libtfm_spm.a(main.o)
 .text.main     0x000000000001230c       0x40 secure_fw/spm/libtfm_spm.a(main.o)
                0x000000000001230c                main
 .text.cross_call_entering_c
                0x000000000001234c       0x54 secure_fw/spm/libtfm_spm.a(spm_cross_call.o)
                0x000000000001234c                cross_call_entering_c
 .text.cross_call_exiting_c
                0x00000000000123a0       0x4c secure_fw/spm/libtfm_spm.a(spm_cross_call.o)
                0x00000000000123a0                cross_call_exiting_c
 .text.spm_interface_cross_dispatcher
                0x00000000000123ec       0x5c secure_fw/spm/libtfm_spm.a(spm_cross_call.o)
                0x00000000000123ec                spm_interface_cross_dispatcher
 .text.__save_disable_irq
                0x0000000000012448       0x1a secure_fw/spm/libtfm_spm.a(psa_api.o)
 .text.__restore_irq
                0x0000000000012462       0x18 secure_fw/spm/libtfm_spm.a(psa_api.o)
 .text.spm_handle_programmer_errors
                0x000000000001247a       0x34 secure_fw/spm/libtfm_spm.a(psa_api.o)
                0x000000000001247a                spm_handle_programmer_errors
 .text.tfm_spm_get_lifecycle_state
                0x00000000000124ae        0xe secure_fw/spm/libtfm_spm.a(psa_api.o)
                0x00000000000124ae                tfm_spm_get_lifecycle_state
 .text.tfm_spm_client_psa_framework_version
                0x00000000000124bc       0x10 secure_fw/spm/libtfm_spm.a(psa_api.o)
                0x00000000000124bc                tfm_spm_client_psa_framework_version
 .text.tfm_spm_client_psa_version
                0x00000000000124cc       0x46 secure_fw/spm/libtfm_spm.a(psa_api.o)
                0x00000000000124cc                tfm_spm_client_psa_version
 *fill*         0x0000000000012512        0x2 
 .text.tfm_spm_client_psa_call
                0x0000000000012514      0x35c secure_fw/spm/libtfm_spm.a(psa_api.o)
                0x0000000000012514                tfm_spm_client_psa_call
 .text.tfm_spm_client_psa_connect
                0x0000000000012870       0xdc secure_fw/spm/libtfm_spm.a(psa_api.o)
                0x0000000000012870                tfm_spm_client_psa_connect
 .text.tfm_spm_client_psa_close
                0x000000000001294c       0xa8 secure_fw/spm/libtfm_spm.a(psa_api.o)
                0x000000000001294c                tfm_spm_client_psa_close
 .text.tfm_spm_partition_psa_wait
                0x00000000000129f4       0x60 secure_fw/spm/libtfm_spm.a(psa_api.o)
                0x00000000000129f4                tfm_spm_partition_psa_wait
 .text.tfm_spm_partition_psa_get
                0x0000000000012a54       0xa0 secure_fw/spm/libtfm_spm.a(psa_api.o)
                0x0000000000012a54                tfm_spm_partition_psa_get
 .text.tfm_spm_partition_psa_read
                0x0000000000012af4       0xcc secure_fw/spm/libtfm_spm.a(psa_api.o)
                0x0000000000012af4                tfm_spm_partition_psa_read
 .text.tfm_spm_partition_psa_skip
                0x0000000000012bc0       0xa0 secure_fw/spm/libtfm_spm.a(psa_api.o)
                0x0000000000012bc0                tfm_spm_partition_psa_skip
 .text.tfm_spm_partition_psa_write
                0x0000000000012c60       0xc0 secure_fw/spm/libtfm_spm.a(psa_api.o)
                0x0000000000012c60                tfm_spm_partition_psa_write
 .text.tfm_spm_partition_psa_reply
                0x0000000000012d20      0x104 secure_fw/spm/libtfm_spm.a(psa_api.o)
                0x0000000000012d20                tfm_spm_partition_psa_reply
 .text.tfm_spm_partition_psa_notify
                0x0000000000012e24       0x20 secure_fw/spm/libtfm_spm.a(psa_api.o)
                0x0000000000012e24                tfm_spm_partition_psa_notify
 .text.tfm_spm_partition_psa_clear
                0x0000000000012e44       0x50 secure_fw/spm/libtfm_spm.a(psa_api.o)
                0x0000000000012e44                tfm_spm_partition_psa_clear
 .text.tfm_spm_partition_psa_panic
                0x0000000000012e94        0xc secure_fw/spm/libtfm_spm.a(psa_api.o)
                0x0000000000012e94                tfm_spm_partition_psa_panic
 .text.tfm_spm_partition_psa_set_rhandle
                0x0000000000012ea0       0x44 secure_fw/spm/libtfm_spm.a(psa_api.o)
                0x0000000000012ea0                tfm_spm_partition_psa_set_rhandle
 .text.__save_disable_irq
                0x0000000000012ee4       0x1a secure_fw/spm/libtfm_spm.a(backend_ipc.o)
 .text.__restore_irq
                0x0000000000012efe       0x18 secure_fw/spm/libtfm_spm.a(backend_ipc.o)
 .text.prv_process_metadata
                0x0000000000012f16       0xd0 secure_fw/spm/libtfm_spm.a(backend_ipc.o)
 *fill*         0x0000000000012fe6        0x2 
 .text.ipc_messaging
                0x0000000000012fe8       0xc8 secure_fw/spm/libtfm_spm.a(backend_ipc.o)
 .text.ipc_replying
                0x00000000000130b0       0x22 secure_fw/spm/libtfm_spm.a(backend_ipc.o)
 *fill*         0x00000000000130d2        0x2 
 .text.ipc_comp_init_assuredly
                0x00000000000130d4       0xe0 secure_fw/spm/libtfm_spm.a(backend_ipc.o)
 .text.ipc_system_run
                0x00000000000131b4       0x40 secure_fw/spm/libtfm_spm.a(backend_ipc.o)
 .text.ipc_wait
                0x00000000000131f4       0x54 secure_fw/spm/libtfm_spm.a(backend_ipc.o)
 .text.ipc_wake_up
                0x0000000000013248       0x2c secure_fw/spm/libtfm_spm.a(backend_ipc.o)
 .text.is_return_secure_stack
                0x0000000000013274       0x22 secure_fw/spm/libtfm_spm.a(tfm_core_svcalls_ipc.o)
 *fill*         0x0000000000013296        0x2 
 .text.SVC_Handler_IPC
                0x0000000000013298      0x1ac secure_fw/spm/libtfm_spm.a(tfm_core_svcalls_ipc.o)
 .text.tfm_core_svc_handler
                0x0000000000013444       0xdc secure_fw/spm/libtfm_spm.a(tfm_core_svcalls_ipc.o)
                0x0000000000013444                tfm_core_svc_handler
 .text.tfm_core_handler_mode
                0x0000000000013520        0x6 secure_fw/spm/libtfm_spm.a(tfm_core_svcalls_ipc.o)
                0x0000000000013520                tfm_core_handler_mode
 .text.tfm_access_violation_handler
                0x0000000000013526        0xc secure_fw/spm/libtfm_spm.a(tfm_core_svcalls_ipc.o)
                0x0000000000013526                tfm_access_violation_handler
 *fill*         0x0000000000013532        0x2 
 .text.thrd_next
                0x0000000000013534       0x34 secure_fw/spm/libtfm_spm.a(thread.o)
                0x0000000000013534                thrd_next
 .text.insert_by_prior
                0x0000000000013568       0x6e secure_fw/spm/libtfm_spm.a(thread.o)
 *fill*         0x00000000000135d6        0x2 
 .text.thrd_start
                0x00000000000135d8       0x40 secure_fw/spm/libtfm_spm.a(thread.o)
                0x00000000000135d8                thrd_start
 .text.thrd_set_state
                0x0000000000013618       0x5c secure_fw/spm/libtfm_spm.a(thread.o)
                0x0000000000013618                thrd_set_state
 .text.thrd_start_scheduler
                0x0000000000013674       0x32 secure_fw/spm/libtfm_spm.a(thread.o)
                0x0000000000013674                thrd_start_scheduler
 *fill*         0x00000000000136a6        0x2 
 .text.thrd_set_wait
                0x00000000000136a8       0x38 secure_fw/spm/libtfm_spm.a(thread.o)
                0x00000000000136a8                thrd_set_wait
 .text.thrd_wake_up
                0x00000000000136e0       0x5c secure_fw/spm/libtfm_spm.a(thread.o)
                0x00000000000136e0                thrd_wake_up
 .text.__NVIC_SetPriority
                0x000000000001373c       0x54 secure_fw/spm/libtfm_spm.a(tfm_arch_v8m_main.o)
 .text.arch_non_preempt_call
                0x0000000000013790       0x58 secure_fw/spm/libtfm_spm.a(tfm_arch_v8m_main.o)
                0x0000000000013790                arch_non_preempt_call
 .text.PendSV_Handler
                0x00000000000137e8       0x3e secure_fw/spm/libtfm_spm.a(tfm_arch_v8m_main.o)
                0x00000000000137e8                PendSV_Handler
 *fill*         0x0000000000013826        0x2 
 .text.SVC_Handler
                0x0000000000013828       0x58 secure_fw/spm/libtfm_spm.a(tfm_arch_v8m_main.o)
                0x0000000000013828                SVC_Handler
 .text.tfm_arch_set_secure_exception_priorities
                0x0000000000013880       0x68 secure_fw/spm/libtfm_spm.a(tfm_arch_v8m_main.o)
                0x0000000000013880                tfm_arch_set_secure_exception_priorities
 .text.tfm_arch_config_extensions
                0x00000000000138e8        0xc secure_fw/spm/libtfm_spm.a(tfm_arch_v8m_main.o)
                0x00000000000138e8                tfm_arch_config_extensions
 .text.tfm_arch_clear_fp_status
                0x00000000000138f4       0x14 secure_fw/spm/libtfm_spm.a(tfm_arch_v8m_main.o)
                0x00000000000138f4                tfm_arch_clear_fp_status
 .text.ns_agent_tz_init_c
                0x0000000000013908       0x34 secure_fw/spm/libtfm_spm.a(ns_agent_tz.o)
 .text.ns_agent_tz_main
                0x000000000001393c       0x38 secure_fw/spm/libtfm_spm.a(ns_agent_tz.o)
                0x000000000001393c                ns_agent_tz_main
 .text.tfm_idle_thread
                0x0000000000013974       0x18 secure_fw/spm/libtfm_spm.a(idle_partition.o)
                0x0000000000013974                tfm_idle_thread
 .text.tfm_core_check_boot_data_access_policy
                0x000000000001398c       0x60 secure_fw/spm/libtfm_spm.a(tfm_boot_data.o)
 .text.tfm_core_validate_boot_data
                0x00000000000139ec       0x18 secure_fw/spm/libtfm_spm.a(tfm_boot_data.o)
                0x00000000000139ec                tfm_core_validate_boot_data
 .text.tfm_core_get_boot_data_handler
                0x0000000000013a04       0x98 secure_fw/spm/libtfm_spm.a(tfm_boot_data.o)
                0x0000000000013a04                tfm_core_get_boot_data_handler
 .text.spm_memcpy
                0x0000000000013a9c       0xbe secure_fw/spm/libtfm_spm.a(tfm_core_utils.o)
                0x0000000000013a9c                spm_memcpy
 .text.spm_memset
                0x0000000000013b5a       0x8e secure_fw/spm/libtfm_spm.a(tfm_core_utils.o)
                0x0000000000013b5a                spm_memset
 .text.tfm_core_panic
                0x0000000000013be8        0xc secure_fw/spm/libtfm_spm.a(utilities.o)
                0x0000000000013be8                tfm_core_panic
 .text.tfm_arch_set_psplim
                0x0000000000013bf4       0x1e secure_fw/spm/libtfm_spm.a(tfm_arch.o)
 *fill*         0x0000000000013c12        0x2 
 .text.arch_seal_thread_stack
                0x0000000000013c14       0x3c secure_fw/spm/libtfm_spm.a(tfm_arch.o)
 .text.tfm_arch_free_msp_and_exc_ret
                0x0000000000013c50       0x10 secure_fw/spm/libtfm_spm.a(tfm_arch.o)
                0x0000000000013c50                tfm_arch_free_msp_and_exc_ret
 .text.tfm_arch_set_context_ret_code
                0x0000000000013c60       0x3e secure_fw/spm/libtfm_spm.a(tfm_arch.o)
                0x0000000000013c60                tfm_arch_set_context_ret_code
 *fill*         0x0000000000013c9e        0x2 
 .text.tfm_arch_trigger_pendsv
                0x0000000000013ca0       0x1c secure_fw/spm/libtfm_spm.a(tfm_arch.o)
                0x0000000000013ca0                tfm_arch_trigger_pendsv
 .text.tfm_arch_init_context
                0x0000000000013cbc       0x5e secure_fw/spm/libtfm_spm.a(tfm_arch.o)
                0x0000000000013cbc                tfm_arch_init_context
 .text.tfm_arch_refresh_hardware_context
                0x0000000000013d1a       0x36 secure_fw/spm/libtfm_spm.a(tfm_arch.o)
                0x0000000000013d1a                tfm_arch_refresh_hardware_context
 .text.__save_disable_irq
                0x0000000000013d50       0x1a secure_fw/spm/libtfm_spm.a(spm_ipc.o)
 .text.__restore_irq
                0x0000000000013d6a       0x18 secure_fw/spm/libtfm_spm.a(spm_ipc.o)
 *fill*         0x0000000000013d82        0x2 
 .text.tfm_spm_to_user_handle
                0x0000000000013d84       0x40 secure_fw/spm/libtfm_spm.a(spm_ipc.o)
                0x0000000000013d84                tfm_spm_to_user_handle
 .text.tfm_spm_to_handle_instance
                0x0000000000013dc4       0x30 secure_fw/spm/libtfm_spm.a(spm_ipc.o)
                0x0000000000013dc4                tfm_spm_to_handle_instance
 .text.tfm_spm_create_conn_handle
                0x0000000000013df4       0x3c secure_fw/spm/libtfm_spm.a(spm_ipc.o)
                0x0000000000013df4                tfm_spm_create_conn_handle
 .text.tfm_spm_validate_conn_handle
                0x0000000000013e30       0x38 secure_fw/spm/libtfm_spm.a(spm_ipc.o)
                0x0000000000013e30                tfm_spm_validate_conn_handle
 .text.tfm_spm_free_conn_handle
                0x0000000000013e68       0x40 secure_fw/spm/libtfm_spm.a(spm_ipc.o)
                0x0000000000013e68                tfm_spm_free_conn_handle
 .text.spm_get_handle_by_signal
                0x0000000000013ea8       0x96 secure_fw/spm/libtfm_spm.a(spm_ipc.o)
                0x0000000000013ea8                spm_get_handle_by_signal
 *fill*         0x0000000000013f3e        0x2 
 .text.tfm_spm_get_service_by_sid
                0x0000000000013f40       0x60 secure_fw/spm/libtfm_spm.a(spm_ipc.o)
                0x0000000000013f40                tfm_spm_get_service_by_sid
 .text.tfm_spm_get_partition_by_id
                0x0000000000013fa0       0x3c secure_fw/spm/libtfm_spm.a(spm_ipc.o)
                0x0000000000013fa0                tfm_spm_get_partition_by_id
 .text.tfm_spm_check_client_version
                0x0000000000013fdc       0x64 secure_fw/spm/libtfm_spm.a(spm_ipc.o)
                0x0000000000013fdc                tfm_spm_check_client_version
 .text.tfm_spm_check_authorization
                0x0000000000014040       0x9c secure_fw/spm/libtfm_spm.a(spm_ipc.o)
                0x0000000000014040                tfm_spm_check_authorization
 .text.spm_get_handle_by_client_handle
                0x00000000000140dc       0x3a secure_fw/spm/libtfm_spm.a(spm_ipc.o)
                0x00000000000140dc                spm_get_handle_by_client_handle
 .text.spm_get_handle_by_msg_handle
                0x0000000000014116       0x44 secure_fw/spm/libtfm_spm.a(spm_ipc.o)
                0x0000000000014116                spm_get_handle_by_msg_handle
 *fill*         0x000000000001415a        0x2 
 .text.spm_fill_message
                0x000000000001415c      0x13c secure_fw/spm/libtfm_spm.a(spm_ipc.o)
                0x000000000001415c                spm_fill_message
 .text.tfm_spm_partition_get_running_partition_id
                0x0000000000014298       0x38 secure_fw/spm/libtfm_spm.a(spm_ipc.o)
                0x0000000000014298                tfm_spm_partition_get_running_partition_id
 .text.tfm_memory_check
                0x00000000000142d0       0xa4 secure_fw/spm/libtfm_spm.a(spm_ipc.o)
                0x00000000000142d0                tfm_memory_check
 .text.tfm_spm_is_ns_caller
                0x0000000000014374       0x38 secure_fw/spm/libtfm_spm.a(spm_ipc.o)
                0x0000000000014374                tfm_spm_is_ns_caller
 .text.tfm_spm_get_client_id
                0x00000000000143ac       0x38 secure_fw/spm/libtfm_spm.a(spm_ipc.o)
                0x00000000000143ac                tfm_spm_get_client_id
 .text.tfm_spm_init
                0x00000000000143e4       0xc0 secure_fw/spm/libtfm_spm.a(spm_ipc.o)
                0x00000000000143e4                tfm_spm_init
 .text.do_schedule
                0x00000000000144a4       0xd4 secure_fw/spm/libtfm_spm.a(spm_ipc.o)
                0x00000000000144a4                do_schedule
 .text.update_caller_outvec_len
                0x0000000000014578       0x8c secure_fw/spm/libtfm_spm.a(spm_ipc.o)
                0x0000000000014578                update_caller_outvec_len
 .text.spm_assert_signal
                0x0000000000014604       0x58 secure_fw/spm/libtfm_spm.a(spm_ipc.o)
                0x0000000000014604                spm_assert_signal
 .text.tfm_allocate_partition_assuredly
                0x000000000001465c       0x38 secure_fw/spm/libtfm_spm.a(static_load.o)
 .text.tfm_allocate_service_assuredly
                0x0000000000014694       0x50 secure_fw/spm/libtfm_spm.a(static_load.o)
 .text.load_a_partition_assuredly
                0x00000000000146e4      0x144 secure_fw/spm/libtfm_spm.a(static_load.o)
                0x00000000000146e4                load_a_partition_assuredly
 .text.load_services_assuredly
                0x0000000000014828      0x162 secure_fw/spm/libtfm_spm.a(static_load.o)
                0x0000000000014828                load_services_assuredly
 .text.load_irqs_assuredly
                0x000000000001498a       0xba secure_fw/spm/libtfm_spm.a(static_load.o)
                0x000000000001498a                load_irqs_assuredly
 .text.tfm_pool_init
                0x0000000000014a44       0x98 secure_fw/spm/libtfm_spm.a(tfm_pools.o)
                0x0000000000014a44                tfm_pool_init
 .text.tfm_pool_alloc
                0x0000000000014adc       0x46 secure_fw/spm/libtfm_spm.a(tfm_pools.o)
                0x0000000000014adc                tfm_pool_alloc
 .text.tfm_pool_free
                0x0000000000014b22       0x28 secure_fw/spm/libtfm_spm.a(tfm_pools.o)
                0x0000000000014b22                tfm_pool_free
 .text.is_valid_chunk_data_in_pool
                0x0000000000014b4a       0x72 secure_fw/spm/libtfm_spm.a(tfm_pools.o)
                0x0000000000014b4a                is_valid_chunk_data_in_pool
 .text.tfm_nspm_get_current_client_id
                0x0000000000014bbc       0x10 secure_fw/spm/libtfm_spm.a(tfm_spm_ns_ctx.o)
                0x0000000000014bbc                tfm_nspm_get_current_client_id
 .text.tfm_nspm_ctx_init
                0x0000000000014bcc        0xc secure_fw/spm/libtfm_spm.a(tfm_spm_ns_ctx.o)
                0x0000000000014bcc                tfm_nspm_ctx_init
 .text.verify_header
                0x0000000000014bd8       0x44 secure_fw/partitions/crypto/mbedcrypto/nrf_security_src/libcrypto_service_mbedcrypto.a(memory_buffer_alloc.o)
 .text.verify_chain
                0x0000000000014c1c       0x6c secure_fw/partitions/crypto/mbedcrypto/nrf_security_src/libcrypto_service_mbedcrypto.a(memory_buffer_alloc.o)
 .text.buffer_alloc_free
                0x0000000000014c88       0xec secure_fw/partitions/crypto/mbedcrypto/nrf_security_src/libcrypto_service_mbedcrypto.a(memory_buffer_alloc.o)
 .text.buffer_alloc_calloc
                0x0000000000014d74      0x108 secure_fw/partitions/crypto/mbedcrypto/nrf_security_src/libcrypto_service_mbedcrypto.a(memory_buffer_alloc.o)
 .text.mbedtls_memory_buffer_alloc_init
                0x0000000000014e7c       0x64 secure_fw/partitions/crypto/mbedcrypto/nrf_security_src/libcrypto_service_mbedcrypto.a(memory_buffer_alloc.o)
                0x0000000000014e7c                mbedtls_memory_buffer_alloc_init
 .text.psa_wipe_key_slot
                0x0000000000014ee0       0x34 secure_fw/partitions/crypto/mbedcrypto/nrf_security_src/libcrypto_service_mbedcrypto.a(psa_crypto.o)
                0x0000000000014ee0                psa_wipe_key_slot
 .text.mbedcrypto__psa_generate_random
                0x0000000000014f14       0x38 secure_fw/partitions/crypto/mbedcrypto/nrf_security_src/libcrypto_service_mbedcrypto.a(psa_crypto.o)
                0x0000000000014f14                mbedcrypto__psa_generate_random
 .text.mbedcrypto__psa_crypto_init
                0x0000000000014f4c       0x74 secure_fw/partitions/crypto/mbedcrypto/nrf_security_src/libcrypto_service_mbedcrypto.a(psa_crypto.o)
                0x0000000000014f4c                mbedcrypto__psa_crypto_init
 .text.psa_initialize_key_slots
                0x0000000000014fc0       0x18 secure_fw/partitions/crypto/mbedcrypto/nrf_security_src/libcrypto_service_mbedcrypto.a(psa_crypto_slot_management.o)
                0x0000000000014fc0                psa_initialize_key_slots
 .text.psa_wipe_all_key_slots
                0x0000000000014fd8       0x2c secure_fw/partitions/crypto/mbedcrypto/nrf_security_src/libcrypto_service_mbedcrypto.a(psa_crypto_slot_management.o)
                0x0000000000014fd8                psa_wipe_all_key_slots
 .text.psa_driver_wrapper_init
                0x0000000000015004        0x4 secure_fw/partitions/crypto/mbedcrypto/nrf_security_src/libcrypto_service_mbedcrypto.a(psa_crypto_driver_wrappers.o)
                0x0000000000015004                psa_driver_wrapper_init
 .text.psa_driver_wrapper_free
                0x0000000000015008        0x4 secure_fw/partitions/crypto/mbedcrypto/nrf_security_src/libcrypto_service_mbedcrypto.a(psa_crypto_driver_wrappers.o)
                0x0000000000015008                psa_driver_wrapper_free
 .text.mbedtls_psa_external_get_random
                0x000000000001500c       0x20 secure_fw/partitions/crypto/mbedcrypto/nrf_security_src/libcrypto_service_mbedcrypto.a(random_ext.o)
                0x000000000001500c                mbedtls_psa_external_get_random
 .text.tfm_hal_set_up_static_boundaries
                0x000000000001502c       0x3e platform/libplatform_s.a(tfm_hal_isolation.o)
                0x000000000001502c                tfm_hal_set_up_static_boundaries
 *fill*         0x000000000001506a        0x2 
 .text.tfm_hal_bind_boundaries
                0x000000000001506c      0x128 platform/libplatform_s.a(tfm_hal_isolation.o)
                0x000000000001506c                tfm_hal_bind_boundaries
 .text.tfm_hal_update_boundaries
                0x0000000000015194       0x4a platform/libplatform_s.a(tfm_hal_isolation.o)
                0x0000000000015194                tfm_hal_update_boundaries
 .text.accessible_to_region
                0x00000000000151de      0x196 platform/libplatform_s.a(tfm_hal_isolation.o)
 .text.tfm_hal_memory_has_access
                0x0000000000015374      0x122 platform/libplatform_s.a(tfm_hal_isolation.o)
                0x0000000000015374                tfm_hal_memory_has_access
 *fill*         0x0000000000015496        0x2 
 .text.mpu_init_cfg
                0x0000000000015498      0x188 platform/libplatform_s.a(tfm_hal_isolation.o)
                0x0000000000015498                mpu_init_cfg
 .text.tfm_hal_platform_common_init
                0x0000000000015620       0x74 platform/libplatform_s.a(tfm_hal_platform_common.o)
                0x0000000000015620                tfm_hal_platform_common_init
 .text.tfm_hal_get_ns_VTOR
                0x0000000000015694       0x14 platform/libplatform_s.a(tfm_hal_platform_common.o)
                0x0000000000015694                tfm_hal_get_ns_VTOR
 .text.tfm_hal_get_ns_MSP
                0x00000000000156a8       0x18 platform/libplatform_s.a(tfm_hal_platform_common.o)
                0x00000000000156a8                tfm_hal_get_ns_MSP
 .text.tfm_hal_get_ns_entry_point
                0x00000000000156c0       0x18 platform/libplatform_s.a(tfm_hal_platform_common.o)
                0x00000000000156c0                tfm_hal_get_ns_entry_point
 .text.__NVIC_EnableIRQ
                0x00000000000156d8       0x38 platform/libplatform_s.a(tfm_hal_nvic.o)
 .text.__NVIC_DisableIRQ
                0x0000000000015710       0x48 platform/libplatform_s.a(tfm_hal_nvic.o)
 .text.tfm_hal_irq_enable
                0x0000000000015758       0x1c platform/libplatform_s.a(tfm_hal_nvic.o)
                0x0000000000015758                tfm_hal_irq_enable
 .text.tfm_hal_irq_disable
                0x0000000000015774       0x1c platform/libplatform_s.a(tfm_hal_nvic.o)
                0x0000000000015774                tfm_hal_irq_disable
 .text.__NVIC_EnableIRQ
                0x0000000000015790       0x38 platform/libplatform_s.a(target_cfg.o)
 .text.__NVIC_ClearPendingIRQ
                0x00000000000157c8       0x3c platform/libplatform_s.a(target_cfg.o)
 .text.NVIC_ClearTargetState
                0x0000000000015804       0x6c platform/libplatform_s.a(target_cfg.o)
 .text.__NVIC_SetPriority
                0x0000000000015870       0x54 platform/libplatform_s.a(target_cfg.o)
 .text.TZ_SAU_Disable
                0x00000000000158c4       0x1c platform/libplatform_s.a(target_cfg.o)
 .text.nrf_spu_dppi_config_set
                0x00000000000158e0       0x6c platform/libplatform_s.a(target_cfg.o)
 .text.nrf_spu_gpio_config_set
                0x000000000001594c       0x6c platform/libplatform_s.a(target_cfg.o)
 .text.spu_dppi_config_non_secure
                0x00000000000159b8       0x24 platform/libplatform_s.a(target_cfg.o)
 .text.spu_gpio_config_non_secure
                0x00000000000159dc       0x28 platform/libplatform_s.a(target_cfg.o)
 .text.nrf_gpio_pin_port_decode
                0x0000000000015a04       0x6c platform/libplatform_s.a(target_cfg.o)
 .text.nrf_gpio_pin_control_select
                0x0000000000015a70       0x42 platform/libplatform_s.a(target_cfg.o)
 .text.nrf_gpio_pin_present_check
                0x0000000000015ab2       0x58 platform/libplatform_s.a(target_cfg.o)
 .text.nrf_gpio_pin_port_number_extract
                0x0000000000015b0a       0x26 platform/libplatform_s.a(target_cfg.o)
 .text.enable_fault_handlers
                0x0000000000015b30       0x24 platform/libplatform_s.a(target_cfg.o)
                0x0000000000015b30                enable_fault_handlers
 .text.system_reset_cfg
                0x0000000000015b54       0x34 platform/libplatform_s.a(target_cfg.o)
                0x0000000000015b54                system_reset_cfg
 .text.init_debug
                0x0000000000015b88       0x3c platform/libplatform_s.a(target_cfg.o)
                0x0000000000015b88                init_debug
 .text.nvic_interrupt_target_state_cfg
                0x0000000000015bc4       0x3c platform/libplatform_s.a(target_cfg.o)
                0x0000000000015bc4                nvic_interrupt_target_state_cfg
 .text.nvic_interrupt_enable
                0x0000000000015c00       0x1a platform/libplatform_s.a(target_cfg.o)
                0x0000000000015c00                nvic_interrupt_enable
 *fill*         0x0000000000015c1a        0x2 
 .text.sau_and_idau_cfg
                0x0000000000015c1c       0x1c platform/libplatform_s.a(target_cfg.o)
                0x0000000000015c1c                sau_and_idau_cfg
 .text.spu_init_cfg
                0x0000000000015c38       0x54 platform/libplatform_s.a(target_cfg.o)
                0x0000000000015c38                spu_init_cfg
 .text.spu_periph_init_cfg
                0x0000000000015c8c      0x238 platform/libplatform_s.a(target_cfg.o)
                0x0000000000015c8c                spu_periph_init_cfg
 .text.spu_periph_configure_to_secure
                0x0000000000015ec4       0x18 platform/libplatform_s.a(target_cfg.o)
                0x0000000000015ec4                spu_periph_configure_to_secure
 .text.crypto_platform_init
                0x0000000000015edc       0x22 platform/libplatform_s.a(tfm_hal_platform.o)
 *fill*         0x0000000000015efe        0x2 
 .text.allow_nonsecure_reset
                0x0000000000015f00       0x3c platform/libplatform_s.a(tfm_hal_platform.o)
 .text.tfm_hal_platform_init
                0x0000000000015f3c       0x34 platform/libplatform_s.a(tfm_hal_platform.o)
                0x0000000000015f3c                tfm_hal_platform_init
 .text.tfm_plat_otp_init
                0x0000000000015f70        0xe platform/libplatform_s.a(dummy_otp.o)
                0x0000000000015f70                tfm_plat_otp_init
 .text.tfm_plat_provisioning_is_required
                0x0000000000015f7e        0xe platform/libplatform_s.a(dummy_provisioning.o)
                0x0000000000015f7e                tfm_plat_provisioning_is_required
 .text.tfm_plat_provisioning_perform
                0x0000000000015f8c        0xe platform/libplatform_s.a(dummy_provisioning.o)
                0x0000000000015f8c                tfm_plat_provisioning_perform
 .text.tfm_plat_provisioning_check_for_dummy_keys
                0x0000000000015f9a        0xc platform/libplatform_s.a(dummy_provisioning.o)
                0x0000000000015f9a                tfm_plat_provisioning_check_for_dummy_keys
 *fill*         0x0000000000015fa6        0x2 
 .text.__NVIC_SystemReset
                0x0000000000015fa8       0x2c platform/libplatform_s.a(tfm_platform_system.o)
 .text.tfm_platform_hal_system_reset
                0x0000000000015fd4        0x8 platform/libplatform_s.a(tfm_platform_system.o)
                0x0000000000015fd4                tfm_platform_hal_system_reset
 .text.tfm_platform_hal_ioctl
                0x0000000000015fdc       0x3c platform/libplatform_s.a(tfm_platform_system.o)
                0x0000000000015fdc                tfm_platform_hal_ioctl
 .text.__NVIC_SystemReset
                0x0000000000016018       0x2c platform/libplatform_s.a(tfm_platform.o)
 .text.tfm_hal_system_reset
                0x0000000000016044        0x8 platform/libplatform_s.a(tfm_platform.o)
                0x0000000000016044                tfm_hal_system_reset
 .text.mpu_armv8m_enable
                0x000000000001604c       0x60 platform/libplatform_s.a(mpu_armv8m_drv.o)
                0x000000000001604c                mpu_armv8m_enable
 .text.mpu_armv8m_region_enable
                0x00000000000160ac       0xcc platform/libplatform_s.a(mpu_armv8m_drv.o)
                0x00000000000160ac                mpu_armv8m_region_enable
 .text.mpu_armv8m_region_disable
                0x0000000000016178       0x46 platform/libplatform_s.a(mpu_armv8m_drv.o)
                0x0000000000016178                mpu_armv8m_region_disable
 .text.mpu_armv8m_clean
                0x00000000000161be       0x3c platform/libplatform_s.a(mpu_armv8m_drv.o)
                0x00000000000161be                mpu_armv8m_clean
 .text.nrf_spu_int_enable
                0x00000000000161fa       0x1c platform/libplatform_s.a(spu.o)
 *fill*         0x0000000000016216        0x2 
 .text.nrf_spu_flashnsc_set
                0x0000000000016218       0xb0 platform/libplatform_s.a(spu.o)
 .text.nrf_spu_flashregion_set
                0x00000000000162c8       0x74 platform/libplatform_s.a(spu.o)
 .text.nrf_spu_ramregion_set
                0x000000000001633c       0x74 platform/libplatform_s.a(spu.o)
 .text.nrf_spu_peripheral_set
                0x00000000000163b0       0xa8 platform/libplatform_s.a(spu.o)
 .text.spu_enable_interrupts
                0x0000000000016458       0x14 platform/libplatform_s.a(spu.o)
                0x0000000000016458                spu_enable_interrupts
 .text.spu_regions_reset_all_secure
                0x000000000001646c       0x5c platform/libplatform_s.a(spu.o)
                0x000000000001646c                spu_regions_reset_all_secure
 .text.spu_regions_flash_config_non_secure
                0x00000000000164c8       0x4c platform/libplatform_s.a(spu.o)
                0x00000000000164c8                spu_regions_flash_config_non_secure
 .text.spu_regions_sram_config_non_secure
                0x0000000000016514       0x54 platform/libplatform_s.a(spu.o)
                0x0000000000016514                spu_regions_sram_config_non_secure
 .text.spu_regions_flash_config_non_secure_callable
                0x0000000000016568       0xc4 platform/libplatform_s.a(spu.o)
                0x0000000000016568                spu_regions_flash_config_non_secure_callable
 .text.spu_regions_flash_get_base_address_in_region
                0x000000000001662c       0x16 platform/libplatform_s.a(spu.o)
                0x000000000001662c                spu_regions_flash_get_base_address_in_region
 .text.spu_regions_flash_get_last_address_in_region
                0x0000000000016642       0x1a platform/libplatform_s.a(spu.o)
                0x0000000000016642                spu_regions_flash_get_last_address_in_region
 .text.spu_regions_flash_get_start_id
                0x000000000001665c        0xe platform/libplatform_s.a(spu.o)
                0x000000000001665c                spu_regions_flash_get_start_id
 .text.spu_regions_flash_get_last_id
                0x000000000001666a        0xe platform/libplatform_s.a(spu.o)
                0x000000000001666a                spu_regions_flash_get_last_id
 .text.spu_regions_flash_get_region_size
                0x0000000000016678       0x10 platform/libplatform_s.a(spu.o)
                0x0000000000016678                spu_regions_flash_get_region_size
 .text.spu_regions_sram_get_base_address_in_region
                0x0000000000016688       0x1c platform/libplatform_s.a(spu.o)
                0x0000000000016688                spu_regions_sram_get_base_address_in_region
 .text.spu_regions_sram_get_last_address_in_region
                0x00000000000166a4       0x1e platform/libplatform_s.a(spu.o)
                0x00000000000166a4                spu_regions_sram_get_last_address_in_region
 .text.spu_regions_sram_get_start_id
                0x00000000000166c2        0xe platform/libplatform_s.a(spu.o)
                0x00000000000166c2                spu_regions_sram_get_start_id
 .text.spu_regions_sram_get_last_id
                0x00000000000166d0        0xe platform/libplatform_s.a(spu.o)
                0x00000000000166d0                spu_regions_sram_get_last_id
 .text.spu_regions_sram_get_region_size
                0x00000000000166de       0x10 platform/libplatform_s.a(spu.o)
                0x00000000000166de                spu_regions_sram_get_region_size
 *fill*         0x00000000000166ee        0x2 
 .text.spu_peripheral_config_secure
                0x00000000000166f0       0x5c platform/libplatform_s.a(spu.o)
                0x00000000000166f0                spu_peripheral_config_secure
 .text.spu_peripheral_config_non_secure
                0x000000000001674c       0x5c platform/libplatform_s.a(spu.o)
                0x000000000001674c                spu_peripheral_config_non_secure
 .text.nrf_gpio_pin_port_decode
                0x00000000000167a8       0x6c platform/libplatform_s.a(tfm_platform_hal_ioctl.o)
 .text.nrf_gpio_pin_control_select
                0x0000000000016814       0x42 platform/libplatform_s.a(tfm_platform_hal_ioctl.o)
 .text.nrf_gpio_pin_present_check
                0x0000000000016856       0x58 platform/libplatform_s.a(tfm_platform_hal_ioctl.o)
 .text.nrf_gpio_pin_port_number_extract
                0x00000000000168ae       0x26 platform/libplatform_s.a(tfm_platform_hal_ioctl.o)
 .text.tfm_platform_hal_read_service
                0x00000000000168d4       0xec platform/libplatform_s.a(tfm_platform_hal_ioctl.o)
                0x00000000000168d4                tfm_platform_hal_read_service
 .text.valid_mcu_select
                0x00000000000169c0       0x42 platform/libplatform_s.a(tfm_platform_hal_ioctl.o)
 .text.gpio_service_mcu_select
                0x0000000000016a02       0x4a platform/libplatform_s.a(tfm_platform_hal_ioctl.o)
 .text.tfm_platform_hal_gpio_service
                0x0000000000016a4c       0x56 platform/libplatform_s.a(tfm_platform_hal_ioctl.o)
                0x0000000000016a4c                tfm_platform_hal_gpio_service
 *fill*         0x0000000000016aa2        0x2 
 .text.nrf_cc3xx_platform_init_hmac_drbg
                0x0000000000016aa4       0x44 C:/Users/khair/ncs/v2.1.0/nrfxlib/crypto/nrf_cc312_platform/lib/cortex-m33/soft-float/no-interrupts/libnrf_cc312_platform_0.9.15.a(nrf_cc3xx_platform.c.obj)
                0x0000000000016aa4                nrf_cc3xx_platform_init_hmac_drbg
 .text.nrf_cc3xx_platform_hmac_drbg_init
                0x0000000000016ae8       0x64 C:/Users/khair/ncs/v2.1.0/nrfxlib/crypto/nrf_cc312_platform/lib/cortex-m33/soft-float/no-interrupts/libnrf_cc312_platform_0.9.15.a(nrf_cc3xx_platform_hmac_drbg.c.obj)
                0x0000000000016ae8                nrf_cc3xx_platform_hmac_drbg_init
 .text.nrf_cc3xx_platform_hmac_drbg_get
                0x0000000000016b4c       0x48 C:/Users/khair/ncs/v2.1.0/nrfxlib/crypto/nrf_cc312_platform/lib/cortex-m33/soft-float/no-interrupts/libnrf_cc312_platform_0.9.15.a(nrf_cc3xx_platform_hmac_drbg.c.obj)
                0x0000000000016b4c                nrf_cc3xx_platform_hmac_drbg_get
 .text.mbedtls_zeroize_internal
                0x0000000000016b94       0x14 C:/Users/khair/ncs/v2.1.0/nrfxlib/crypto/nrf_cc312_platform/lib/cortex-m33/soft-float/no-interrupts/libnrf_cc312_platform_0.9.15.a(mbedtls_common.c.obj)
                0x0000000000016b94                mbedtls_zeroize_internal
 .text.mbedtls_platform_zeroize
                0x0000000000016ba8       0x14 C:/Users/khair/ncs/v2.1.0/nrfxlib/crypto/nrf_cc312_platform/lib/cortex-m33/soft-float/no-interrupts/libnrf_cc312_platform_0.9.15.a(mbedtls_common.c.obj)
                0x0000000000016ba8                mbedtls_platform_zeroize
 .text.cc_hmac_sha256_starts.constprop.0
                0x0000000000016bbc      0x108 C:/Users/khair/ncs/v2.1.0/nrfxlib/crypto/nrf_cc312_platform/lib/cortex-m33/soft-float/no-interrupts/libnrf_cc312_platform_0.9.15.a(hmac_drbg_alt.c.obj)
 .text.cc_mbedtls_hmac_drbg_init
                0x0000000000016cc4       0x28 C:/Users/khair/ncs/v2.1.0/nrfxlib/crypto/nrf_cc312_platform/lib/cortex-m33/soft-float/no-interrupts/libnrf_cc312_platform_0.9.15.a(hmac_drbg_alt.c.obj)
                0x0000000000016cc4                cc_mbedtls_hmac_drbg_init
 .text.cc_mbedtls_hmac_drbg_update
                0x0000000000016cec      0x170 C:/Users/khair/ncs/v2.1.0/nrfxlib/crypto/nrf_cc312_platform/lib/cortex-m33/soft-float/no-interrupts/libnrf_cc312_platform_0.9.15.a(hmac_drbg_alt.c.obj)
                0x0000000000016cec                cc_mbedtls_hmac_drbg_update
 .text.cc_hmac_drbg_reseed_core
                0x0000000000016e5c       0xac C:/Users/khair/ncs/v2.1.0/nrfxlib/crypto/nrf_cc312_platform/lib/cortex-m33/soft-float/no-interrupts/libnrf_cc312_platform_0.9.15.a(hmac_drbg_alt.c.obj)
 .text.cc_mbedtls_hmac_drbg_seed
                0x0000000000016f08       0x54 C:/Users/khair/ncs/v2.1.0/nrfxlib/crypto/nrf_cc312_platform/lib/cortex-m33/soft-float/no-interrupts/libnrf_cc312_platform_0.9.15.a(hmac_drbg_alt.c.obj)
                0x0000000000016f08                cc_mbedtls_hmac_drbg_seed
 .text.cc_mbedtls_hmac_drbg_random_with_add
                0x0000000000016f5c      0x144 C:/Users/khair/ncs/v2.1.0/nrfxlib/crypto/nrf_cc312_platform/lib/cortex-m33/soft-float/no-interrupts/libnrf_cc312_platform_0.9.15.a(hmac_drbg_alt.c.obj)
                0x0000000000016f5c                cc_mbedtls_hmac_drbg_random_with_add
 .text.entropy_update
                0x00000000000170a0       0x7c C:/Users/khair/ncs/v2.1.0/nrfxlib/crypto/nrf_cc312_platform/lib/cortex-m33/soft-float/no-interrupts/libnrf_cc312_platform_0.9.15.a(entropy.c.obj)
 .text.entropy_gather_internal.part.0
                0x000000000001711c       0x88 C:/Users/khair/ncs/v2.1.0/nrfxlib/crypto/nrf_cc312_platform/lib/cortex-m33/soft-float/no-interrupts/libnrf_cc312_platform_0.9.15.a(entropy.c.obj)
 .text.cc_mbedtls_entropy_init
                0x00000000000171a4       0x7c C:/Users/khair/ncs/v2.1.0/nrfxlib/crypto/nrf_cc312_platform/lib/cortex-m33/soft-float/no-interrupts/libnrf_cc312_platform_0.9.15.a(entropy.c.obj)
                0x00000000000171a4                cc_mbedtls_entropy_init
 .text.cc_mbedtls_entropy_func
                0x0000000000017220      0x10c C:/Users/khair/ncs/v2.1.0/nrfxlib/crypto/nrf_cc312_platform/lib/cortex-m33/soft-float/no-interrupts/libnrf_cc312_platform_0.9.15.a(entropy.c.obj)
                0x0000000000017220                cc_mbedtls_entropy_func
 .text.RndStartupTest.constprop.0
                0x000000000001732c       0xac C:/Users/khair/ncs/v2.1.0/nrfxlib/crypto/nrf_cc312_platform/lib/cortex-m33/soft-float/no-interrupts/libnrf_cc312_platform_0.9.15.a(cc_lib.c.obj)
 .text.CC_LibInit_HMAC_DRBG
                0x00000000000173d8       0x7c C:/Users/khair/ncs/v2.1.0/nrfxlib/crypto/nrf_cc312_platform/lib/cortex-m33/soft-float/no-interrupts/libnrf_cc312_platform_0.9.15.a(cc_lib.c.obj)
                0x00000000000173d8                CC_LibInit_HMAC_DRBG
 .text.CC_HalInit
                0x0000000000017454        0x4 C:/Users/khair/ncs/v2.1.0/nrfxlib/crypto/nrf_cc312_platform/lib/cortex-m33/soft-float/no-interrupts/libnrf_cc312_platform_0.9.15.a(cc_hal.c.obj)
                0x0000000000017454                CC_HalInit
 .text.CC_HalClearInterruptBit
                0x0000000000017458       0x1c C:/Users/khair/ncs/v2.1.0/nrfxlib/crypto/nrf_cc312_platform/lib/cortex-m33/soft-float/no-interrupts/libnrf_cc312_platform_0.9.15.a(cc_hal.c.obj)
                0x0000000000017458                CC_HalClearInterruptBit
 .text.CC_HalMaskInterrupt
                0x0000000000017474        0xc C:/Users/khair/ncs/v2.1.0/nrfxlib/crypto/nrf_cc312_platform/lib/cortex-m33/soft-float/no-interrupts/libnrf_cc312_platform_0.9.15.a(cc_hal.c.obj)
                0x0000000000017474                CC_HalMaskInterrupt
 .text.CC_HalWaitInterrupt
                0x0000000000017480        0xc C:/Users/khair/ncs/v2.1.0/nrfxlib/crypto/nrf_cc312_platform/lib/cortex-m33/soft-float/no-interrupts/libnrf_cc312_platform_0.9.15.a(cc_hal.c.obj)
                0x0000000000017480                CC_HalWaitInterrupt
 .text.CC_HalWaitInterruptRND
                0x000000000001748c        0xc C:/Users/khair/ncs/v2.1.0/nrfxlib/crypto/nrf_cc312_platform/lib/cortex-m33/soft-float/no-interrupts/libnrf_cc312_platform_0.9.15.a(cc_hal.c.obj)
                0x000000000001748c                CC_HalWaitInterruptRND
 .text.CC_PalInit
                0x0000000000017498       0x5c C:/Users/khair/ncs/v2.1.0/nrfxlib/crypto/nrf_cc312_platform/lib/cortex-m33/soft-float/no-interrupts/libnrf_cc312_platform_0.9.15.a(cc_pal.c.obj)
                0x0000000000017498                CC_PalInit
 .text.CC_PalTerminate
                0x00000000000174f4       0x34 C:/Users/khair/ncs/v2.1.0/nrfxlib/crypto/nrf_cc312_platform/lib/cortex-m33/soft-float/no-interrupts/libnrf_cc312_platform_0.9.15.a(cc_pal.c.obj)
                0x00000000000174f4                CC_PalTerminate
 .text.CC_PalDmaInit
                0x0000000000017528        0x4 C:/Users/khair/ncs/v2.1.0/nrfxlib/crypto/nrf_cc312_platform/lib/cortex-m33/soft-float/no-interrupts/libnrf_cc312_platform_0.9.15.a(cc_pal_dma.c.obj)
                0x0000000000017528                CC_PalDmaInit
 .text.CC_PalDmaTerminate
                0x000000000001752c        0x4 C:/Users/khair/ncs/v2.1.0/nrfxlib/crypto/nrf_cc312_platform/lib/cortex-m33/soft-float/no-interrupts/libnrf_cc312_platform_0.9.15.a(cc_pal_dma.c.obj)
                0x000000000001752c                CC_PalDmaTerminate
 .text.CC_PalWaitInterruptRND
                0x0000000000017530       0x38 C:/Users/khair/ncs/v2.1.0/nrfxlib/crypto/nrf_cc312_platform/lib/cortex-m33/soft-float/no-interrupts/libnrf_cc312_platform_0.9.15.a(cc_pal_interrupt_ctrl.c.obj)
                0x0000000000017530                CC_PalWaitInterruptRND
 .text.CC_PalWaitInterrupt
                0x0000000000017568       0x28 C:/Users/khair/ncs/v2.1.0/nrfxlib/crypto/nrf_cc312_platform/lib/cortex-m33/soft-float/no-interrupts/libnrf_cc312_platform_0.9.15.a(cc_pal_interrupt_ctrl.c.obj)
                0x0000000000017568                CC_PalWaitInterrupt
 .text.CC_PalMemCopyPlat
                0x0000000000017590        0x4 C:/Users/khair/ncs/v2.1.0/nrfxlib/crypto/nrf_cc312_platform/lib/cortex-m33/soft-float/no-interrupts/libnrf_cc312_platform_0.9.15.a(cc_pal_mem.c.obj)
                0x0000000000017590                CC_PalMemCopyPlat
 .text.CC_PalMemSetZeroPlat
                0x0000000000017594        0x8 C:/Users/khair/ncs/v2.1.0/nrfxlib/crypto/nrf_cc312_platform/lib/cortex-m33/soft-float/no-interrupts/libnrf_cc312_platform_0.9.15.a(cc_pal_mem.c.obj)
                0x0000000000017594                CC_PalMemSetZeroPlat
 .text.CC_PalMutexCreate
                0x000000000001759c       0x14 C:/Users/khair/ncs/v2.1.0/nrfxlib/crypto/nrf_cc312_platform/lib/cortex-m33/soft-float/no-interrupts/libnrf_cc312_platform_0.9.15.a(cc_pal_mutex.c.obj)
                0x000000000001759c                CC_PalMutexCreate
 .text.CC_PalMutexDestroy
                0x00000000000175b0       0x14 C:/Users/khair/ncs/v2.1.0/nrfxlib/crypto/nrf_cc312_platform/lib/cortex-m33/soft-float/no-interrupts/libnrf_cc312_platform_0.9.15.a(cc_pal_mutex.c.obj)
                0x00000000000175b0                CC_PalMutexDestroy
 .text.CC_PalMutexLock
                0x00000000000175c4       0x10 C:/Users/khair/ncs/v2.1.0/nrfxlib/crypto/nrf_cc312_platform/lib/cortex-m33/soft-float/no-interrupts/libnrf_cc312_platform_0.9.15.a(cc_pal_mutex.c.obj)
                0x00000000000175c4                CC_PalMutexLock
 .text.CC_PalMutexUnlock
                0x00000000000175d4       0x14 C:/Users/khair/ncs/v2.1.0/nrfxlib/crypto/nrf_cc312_platform/lib/cortex-m33/soft-float/no-interrupts/libnrf_cc312_platform_0.9.15.a(cc_pal_mutex.c.obj)
                0x00000000000175d4                CC_PalMutexUnlock
 .text.CC_PalPowerSaveModeInit
                0x00000000000175e8       0x3c C:/Users/khair/ncs/v2.1.0/nrfxlib/crypto/nrf_cc312_platform/lib/cortex-m33/soft-float/no-interrupts/libnrf_cc312_platform_0.9.15.a(cc_pal_pm.c.obj)
                0x00000000000175e8                CC_PalPowerSaveModeInit
 .text.CC_PalPowerSaveModeSelect
                0x0000000000017624       0x84 C:/Users/khair/ncs/v2.1.0/nrfxlib/crypto/nrf_cc312_platform/lib/cortex-m33/soft-float/no-interrupts/libnrf_cc312_platform_0.9.15.a(cc_pal_pm.c.obj)
                0x0000000000017624                CC_PalPowerSaveModeSelect
 .text.mutex_init
                0x00000000000176a8        0xc C:/Users/khair/ncs/v2.1.0/nrfxlib/crypto/nrf_cc312_platform/lib/cortex-m33/soft-float/no-interrupts/libnrf_cc312_platform_0.9.15.a(threading_alt.c.obj)
                0x00000000000176a8                mutex_init
 .text.mutex_lock
                0x00000000000176b4        0xc C:/Users/khair/ncs/v2.1.0/nrfxlib/crypto/nrf_cc312_platform/lib/cortex-m33/soft-float/no-interrupts/libnrf_cc312_platform_0.9.15.a(threading_alt.c.obj)
                0x00000000000176b4                mutex_lock
 .text.mutex_unlock
                0x00000000000176c0        0xc C:/Users/khair/ncs/v2.1.0/nrfxlib/crypto/nrf_cc312_platform/lib/cortex-m33/soft-float/no-interrupts/libnrf_cc312_platform_0.9.15.a(threading_alt.c.obj)
                0x00000000000176c0                mutex_unlock
 .text.nrf_cc3xx_platform_abort
                0x00000000000176cc       0x24 C:/Users/khair/ncs/v2.1.0/nrfxlib/crypto/nrf_cc312_platform/lib/cortex-m33/soft-float/no-interrupts/libnrf_cc312_platform_0.9.15.a(nrf_cc3xx_platform_abort.c.obj)
 .text.CC_PalAbort
                0x00000000000176f0       0x44 C:/Users/khair/ncs/v2.1.0/nrfxlib/crypto/nrf_cc312_platform/lib/cortex-m33/soft-float/no-interrupts/libnrf_cc312_platform_0.9.15.a(nrf_cc3xx_platform_abort.c.obj)
                0x00000000000176f0                CC_PalAbort
 .text.mutex_free
                0x0000000000017734       0x28 C:/Users/khair/ncs/v2.1.0/nrfxlib/crypto/nrf_cc312_platform/lib/cortex-m33/soft-float/no-interrupts/libnrf_cc312_platform_0.9.15.a(nrf_cc3xx_platform_mutex.c.obj)
 .text.mutex_lock
                0x000000000001775c       0x40 C:/Users/khair/ncs/v2.1.0/nrfxlib/crypto/nrf_cc312_platform/lib/cortex-m33/soft-float/no-interrupts/libnrf_cc312_platform_0.9.15.a(nrf_cc3xx_platform_mutex.c.obj)
 .text.mutex_unlock
                0x000000000001779c       0x30 C:/Users/khair/ncs/v2.1.0/nrfxlib/crypto/nrf_cc312_platform/lib/cortex-m33/soft-float/no-interrupts/libnrf_cc312_platform_0.9.15.a(nrf_cc3xx_platform_mutex.c.obj)
 .text.mutex_init
                0x00000000000177cc       0x1c C:/Users/khair/ncs/v2.1.0/nrfxlib/crypto/nrf_cc312_platform/lib/cortex-m33/soft-float/no-interrupts/libnrf_cc312_platform_0.9.15.a(nrf_cc3xx_platform_mutex.c.obj)
 .text.startTrngHW
                0x00000000000177e8      0x13c C:/Users/khair/ncs/v2.1.0/nrfxlib/crypto/nrf_cc312_platform/lib/cortex-m33/soft-float/no-interrupts/libnrf_cc312_platform_0.9.15.a(llf_rnd_trng90b.c.obj)
 .text.LLF_RND_RepetitionCounterTest.part.0
                0x0000000000017924       0x54 C:/Users/khair/ncs/v2.1.0/nrfxlib/crypto/nrf_cc312_platform/lib/cortex-m33/soft-float/no-interrupts/libnrf_cc312_platform_0.9.15.a(llf_rnd_trng90b.c.obj)
 .text.LLF_RND_AdaptiveProportionTest
                0x0000000000017978       0x8c C:/Users/khair/ncs/v2.1.0/nrfxlib/crypto/nrf_cc312_platform/lib/cortex-m33/soft-float/no-interrupts/libnrf_cc312_platform_0.9.15.a(llf_rnd_trng90b.c.obj)
                0x0000000000017978                LLF_RND_AdaptiveProportionTest
 .text.getTrngSource
                0x0000000000017a04      0x2ac C:/Users/khair/ncs/v2.1.0/nrfxlib/crypto/nrf_cc312_platform/lib/cortex-m33/soft-float/no-interrupts/libnrf_cc312_platform_0.9.15.a(llf_rnd_trng90b.c.obj)
 .text.LLF_RND_GetTrngSource
                0x0000000000017cb0       0x18 C:/Users/khair/ncs/v2.1.0/nrfxlib/crypto/nrf_cc312_platform/lib/cortex-m33/soft-float/no-interrupts/libnrf_cc312_platform_0.9.15.a(llf_rnd_trng90b.c.obj)
                0x0000000000017cb0                LLF_RND_GetTrngSource
 .text.LLF_RND_RunTrngStartupTest
                0x0000000000017cc8       0x1c C:/Users/khair/ncs/v2.1.0/nrfxlib/crypto/nrf_cc312_platform/lib/cortex-m33/soft-float/no-interrupts/libnrf_cc312_platform_0.9.15.a(llf_rnd_trng90b.c.obj)
                0x0000000000017cc8                LLF_RND_RunTrngStartupTest
 .text.mbedtls_hardware_poll
                0x0000000000017ce4      0x10c C:/Users/khair/ncs/v2.1.0/nrfxlib/crypto/nrf_cc312_platform/lib/cortex-m33/soft-float/no-interrupts/libnrf_cc312_platform_0.9.15.a(trng_api.c.obj)
                0x0000000000017ce4                mbedtls_hardware_poll
 .text.cc_mbedtls_sha256_init
                0x0000000000017df0       0x28 C:/Users/khair/ncs/v2.1.0/nrfxlib/crypto/nrf_cc312_platform/lib/cortex-m33/soft-float/no-interrupts/libnrf_cc312_platform_0.9.15.a(sha256_alt.c.obj)
                0x0000000000017df0                cc_mbedtls_sha256_init
 .text.cc_mbedtls_sha256_free
                0x0000000000017e18        0xc C:/Users/khair/ncs/v2.1.0/nrfxlib/crypto/nrf_cc312_platform/lib/cortex-m33/soft-float/no-interrupts/libnrf_cc312_platform_0.9.15.a(sha256_alt.c.obj)
                0x0000000000017e18                cc_mbedtls_sha256_free
 .text.cc_mbedtls_sha256_starts
                0x0000000000017e24       0x28 C:/Users/khair/ncs/v2.1.0/nrfxlib/crypto/nrf_cc312_platform/lib/cortex-m33/soft-float/no-interrupts/libnrf_cc312_platform_0.9.15.a(sha256_alt.c.obj)
                0x0000000000017e24                cc_mbedtls_sha256_starts
 .text.cc_mbedtls_sha256_update
                0x0000000000017e4c       0x54 C:/Users/khair/ncs/v2.1.0/nrfxlib/crypto/nrf_cc312_platform/lib/cortex-m33/soft-float/no-interrupts/libnrf_cc312_platform_0.9.15.a(sha256_alt.c.obj)
                0x0000000000017e4c                cc_mbedtls_sha256_update
 .text.cc_mbedtls_sha256_finish
                0x0000000000017ea0       0x48 C:/Users/khair/ncs/v2.1.0/nrfxlib/crypto/nrf_cc312_platform/lib/cortex-m33/soft-float/no-interrupts/libnrf_cc312_platform_0.9.15.a(sha256_alt.c.obj)
                0x0000000000017ea0                cc_mbedtls_sha256_finish
 .text.mbedtls_sha_starts_internal
                0x0000000000017ee8       0x28 C:/Users/khair/ncs/v2.1.0/nrfxlib/crypto/nrf_cc312_platform/lib/cortex-m33/soft-float/no-interrupts/libnrf_cc312_platform_0.9.15.a(mbedtls_hash_common.c.obj)
                0x0000000000017ee8                mbedtls_sha_starts_internal
 .text.mbedtls_sha_finish_internal
                0x0000000000017f10       0x5c C:/Users/khair/ncs/v2.1.0/nrfxlib/crypto/nrf_cc312_platform/lib/cortex-m33/soft-float/no-interrupts/libnrf_cc312_platform_0.9.15.a(mbedtls_hash_common.c.obj)
                0x0000000000017f10                mbedtls_sha_finish_internal
 .text.mbedtls_sha_update_internal
                0x0000000000017f6c      0x1f0 C:/Users/khair/ncs/v2.1.0/nrfxlib/crypto/nrf_cc312_platform/lib/cortex-m33/soft-float/no-interrupts/libnrf_cc312_platform_0.9.15.a(mbedtls_hash_common.c.obj)
                0x0000000000017f6c                mbedtls_sha_update_internal
 .text.cc_mbedtls_sha256
                0x000000000001815c       0x50 C:/Users/khair/ncs/v2.1.0/nrfxlib/crypto/nrf_cc312_platform/lib/cortex-m33/soft-float/no-interrupts/libnrf_cc312_platform_0.9.15.a(sha256.c.obj)
                0x000000000001815c                cc_mbedtls_sha256
 .text.RNG_PLAT_SetUserRngParameters
                0x00000000000181ac       0x7c C:/Users/khair/ncs/v2.1.0/nrfxlib/crypto/nrf_cc312_platform/lib/cortex-m33/soft-float/no-interrupts/libnrf_cc312_platform_0.9.15.a(cc_rng_plat.c.obj)
                0x00000000000181ac                RNG_PLAT_SetUserRngParameters
 .text.CC_PalTrngParamGet
                0x0000000000018228       0xac C:/Users/khair/ncs/v2.1.0/nrfxlib/crypto/nrf_cc312_platform/lib/cortex-m33/soft-float/no-interrupts/libnrf_cc312_platform_0.9.15.a(cc_pal_trng.c.obj)
                0x0000000000018228                CC_PalTrngParamGet
 .text.LLF_RND_WaitRngInterrupt